<html>
<body>
<pre>
<h1>µVision Build Log</h1>
<h2>Tool Versions:</h2>
IDE-Version: ¦ÌVision V5.41.0.0
Copyright (C) 2024 ARM Ltd and ARM Germany GmbH. All rights reserved.
License Information: 111 15943287118@163.com, 111, LIC=HN0AE-5AW82-FWD2N-YLC39-V6YJN-4QQAJ
 
Tool Versions:
Toolchain:       MDK-ARM Plus  Version: 5.41.0.0
Toolchain Path:  D:\Keil_5.41\ARM\ARMCLANG\Bin
C Compiler:      ArmClang.exe V6.22
Assembler:       Armasm.exe V6.22
Linker/Locator:  ArmLink.exe V6.22
Library Manager: ArmAr.exe V6.22
Hex Converter:   FromElf.exe V6.22
CPU DLL:         SARMCM3.DLL V5.41.0.0
Dialog DLL:      DCM.DLL V1.17.5.0
Target DLL:      STLink\ST-LINKIII-KEIL_SWO.dll V3.3.0.0
Dialog DLL:      TCM.DLL V1.56.4.0
 
<h2>Project:</h2>
D:\rtos_prj\rtos_100ask\rtos_1\10_11_device_display_oled_unittest\MDK-ARM\F103_Moduel.uvprojx
Project File Date:  03/17/2025

<h2>Output:</h2>
*** Using Compiler 'V6.22', folder: 'D:\Keil_5.41\ARM\ARMCLANG\Bin'
Rebuild target 'F103_Moduel'
assembling startup_stm32f103xe.s...
compiling main.c...
compiling gpio.c...
compiling stm32f1xx_hal_gpio_ex.c...
compiling stm32f1xx_hal_tim.c...
compiling stm32f1xx_it.c...
compiling usart.c...
compiling stm32f1xx_hal_msp.c...
compiling stm32f1xx_hal_tim_ex.c...
compiling stm32f1xx_hal_rcc_ex.c...
compiling stm32f1xx_hal.c...
compiling stm32f1xx_hal_cortex.c...
compiling stm32f1xx_hal_rcc.c...
compiling stm32f1xx_hal_gpio.c...
compiling stm32f1xx_hal_uart.c...
compiling stm32f1xx_hal_dma.c...
compiling stm32f1xx_hal_flash.c...
compiling driver_usart.c...
compiling stm32f1xx_hal_exti.c...
compiling ring_buffer.c...
compiling stm32f1xx_hal_flash_ex.c...
compiling stm32f1xx_hal_pwr.c...
compiling system_stm32f1xx.c...
compiling kal_time.c...
compiling driver_oled.c...
compiling kal_gpio_key.c...
compiling driver_led.c...
compiling ascii_font.c...
compiling driver_i2c.c...
compiling driver_key.c...
compiling kal_led_device.c...
compiling kal_oled_device.c...
compiling cal_led_device.c...
compiling input_buffer.c...
compiling gpio_key.c...
compiling cal_time.c...
compiling cal_gpio_key.c...
compiling cal_oled_device.c...
compiling input_system.c...
compiling led_test.c...
compiling input_test.c...
compiling led_device.c...
compiling display_device.c...
compiling display_test.c...
compiling display_system.c...
compiling oled_device.c...
linking...
Program Size: Code=15426 RO-data=414 RW-data=56 ZI-data=3680  
FromELF: creating hex file...
"F103_Moduel\F103_Moduel.axf" - 0 Error(s), 0 Warning(s).

<h2>Software Packages used:</h2>

Package Vendor: ARM
                https://www.keil.com/pack/ARM.CMSIS.6.1.0.pack
                ARM::CMSIS@6.1.0
                CMSIS (Common Microcontroller Software Interface Standard)
   * Component: CORE Version: 6.1.0

Package Vendor: Keil
                https://www.keil.com/pack/Keil.STM32F1xx_DFP.2.4.1.pack
                Keil::STM32F1xx_DFP@2.4.1
                STMicroelectronics STM32F1 Series Device Support, Drivers and Examples

<h2>Collection of Component include folders:</h2>
  ./RTE/_F103_Moduel
  D:/Keil_5.41/ARM/CMSIS/6.1.0/CMSIS/Core/Include
  D:/Keil_5.41/Keil/STM32F1xx_DFP/2.4.1/Device/Include

<h2>Collection of Component Files used:</h2>

   * Component: ARM::CMSIS:CORE@6.1.0
      Include file:  CMSIS/Core/Include/tz_context.h
Build Time Elapsed:  00:00:01
</pre>
</body>
</html>
