Component: Arm Compiler for Embedded 6.22 Tool: armlink [5ee90200]

==============================================================================

Section Cross References

    startup_stm32f103xe.o(RESET) refers to startup_stm32f103xe.o(STACK) for __initial_sp
    startup_stm32f103xe.o(RESET) refers to startup_stm32f103xe.o(.text) for Reset_Handler
    startup_stm32f103xe.o(RESET) refers to stm32f1xx_it.o(.text.NMI_Handler) for NMI_Handler
    startup_stm32f103xe.o(RESET) refers to stm32f1xx_it.o(.text.HardFault_Handler) for HardFault_Handler
    startup_stm32f103xe.o(RESET) refers to stm32f1xx_it.o(.text.MemManage_Handler) for MemManage_Handler
    startup_stm32f103xe.o(RESET) refers to stm32f1xx_it.o(.text.BusFault_Handler) for BusFault_Handler
    startup_stm32f103xe.o(RESET) refers to stm32f1xx_it.o(.text.UsageFault_Handler) for UsageFault_Handler
    startup_stm32f103xe.o(RESET) refers to stm32f1xx_it.o(.text.SVC_Handler) for SVC_Handler
    startup_stm32f103xe.o(RESET) refers to stm32f1xx_it.o(.text.DebugMon_Handler) for DebugMon_Handler
    startup_stm32f103xe.o(RESET) refers to stm32f1xx_it.o(.text.PendSV_Handler) for PendSV_Handler
    startup_stm32f103xe.o(RESET) refers to stm32f1xx_it.o(.text.SysTick_Handler) for SysTick_Handler
    startup_stm32f103xe.o(RESET) refers to driver_usart.o(.text.USART1_IRQHandler) for USART1_IRQHandler
    startup_stm32f103xe.o(RESET) refers to stm32f1xx_it.o(.text.USART3_IRQHandler) for USART3_IRQHandler
    startup_stm32f103xe.o(RESET) refers to driver_key.o(.text.EXTI15_10_IRQHandler) for EXTI15_10_IRQHandler
    startup_stm32f103xe.o(.text) refers to system_stm32f1xx.o(.text.SystemInit) for SystemInit
    startup_stm32f103xe.o(.text) refers to entry.o(.ARM.Collect$$$$00000000) for __main
    main.o(.text.main) refers to stm32f1xx_hal.o(.text.HAL_Init) for HAL_Init
    main.o(.text.main) refers to main.o(.text.SystemClock_Config) for SystemClock_Config
    main.o(.text.main) refers to gpio.o(.text.MX_GPIO_Init) for MX_GPIO_Init
    main.o(.text.main) refers to usart.o(.text.MX_USART1_UART_Init) for MX_USART1_UART_Init
    main.o(.text.main) refers to usart.o(.text.MX_USART3_UART_Init) for MX_USART3_UART_Init
    main.o(.text.main) refers to main.o(.bss.test_buffer) for test_buffer
    main.o(.text.main) refers to ring_buffer.o(.text.ring_buffer_init) for ring_buffer_init
    main.o(.text.main) refers to driver_usart.o(.text.EnableDebugIRQ) for EnableDebugIRQ
    main.o(.text.main) refers to main.o(.rodata.str1.1) for .L.str
    main.o(.text.main) refers to printfa.o(i.__0printf) for printf
    main.o(.text.main) refers to display_test.o(.text.display_test) for display_test
    main.o(.ARM.exidx.text.main) refers to main.o(.text.main) for [Anonymous Symbol]
    main.o(.text.SystemClock_Config) refers to memseta.o(.text) for __aeabi_memclr4
    main.o(.text.SystemClock_Config) refers to stm32f1xx_hal_rcc.o(.text.HAL_RCC_OscConfig) for HAL_RCC_OscConfig
    main.o(.text.SystemClock_Config) refers to main.o(.text.Error_Handler) for Error_Handler
    main.o(.text.SystemClock_Config) refers to stm32f1xx_hal_rcc.o(.text.HAL_RCC_ClockConfig) for HAL_RCC_ClockConfig
    main.o(.ARM.exidx.text.SystemClock_Config) refers to main.o(.text.SystemClock_Config) for [Anonymous Symbol]
    main.o(.ARM.exidx.text.Error_Handler) refers to main.o(.text.Error_Handler) for [Anonymous Symbol]
    gpio.o(.text.MX_GPIO_Init) refers to stm32f1xx_hal_gpio.o(.text.HAL_GPIO_WritePin) for HAL_GPIO_WritePin
    gpio.o(.text.MX_GPIO_Init) refers to stm32f1xx_hal_gpio.o(.text.HAL_GPIO_Init) for HAL_GPIO_Init
    gpio.o(.ARM.exidx.text.MX_GPIO_Init) refers to gpio.o(.text.MX_GPIO_Init) for [Anonymous Symbol]
    usart.o(.text.MX_USART1_UART_Init) refers to usart.o(.bss.huart1) for huart1
    usart.o(.text.MX_USART1_UART_Init) refers to stm32f1xx_hal_uart.o(.text.HAL_UART_Init) for HAL_UART_Init
    usart.o(.text.MX_USART1_UART_Init) refers to main.o(.text.Error_Handler) for Error_Handler
    usart.o(.ARM.exidx.text.MX_USART1_UART_Init) refers to usart.o(.text.MX_USART1_UART_Init) for [Anonymous Symbol]
    usart.o(.text.MX_USART3_UART_Init) refers to usart.o(.bss.huart3) for huart3
    usart.o(.text.MX_USART3_UART_Init) refers to stm32f1xx_hal_uart.o(.text.HAL_UART_Init) for HAL_UART_Init
    usart.o(.text.MX_USART3_UART_Init) refers to main.o(.text.Error_Handler) for Error_Handler
    usart.o(.ARM.exidx.text.MX_USART3_UART_Init) refers to usart.o(.text.MX_USART3_UART_Init) for [Anonymous Symbol]
    usart.o(.text.HAL_UART_MspInit) refers to stm32f1xx_hal_gpio.o(.text.HAL_GPIO_Init) for HAL_GPIO_Init
    usart.o(.text.HAL_UART_MspInit) refers to stm32f1xx_hal_cortex.o(.text.HAL_NVIC_SetPriority) for HAL_NVIC_SetPriority
    usart.o(.text.HAL_UART_MspInit) refers to stm32f1xx_hal_cortex.o(.text.HAL_NVIC_EnableIRQ) for HAL_NVIC_EnableIRQ
    usart.o(.ARM.exidx.text.HAL_UART_MspInit) refers to usart.o(.text.HAL_UART_MspInit) for [Anonymous Symbol]
[...]
    Removing stm32f1xx_hal_flash.o(.ARM.exidx.text.FLASH_Program_HalfWord), (8 bytes).
    Removing stm32f1xx_hal_flash.o(.text.HAL_FLASH_Program_IT), (196 bytes).
    Removing stm32f1xx_hal_flash.o(.ARM.exidx.text.HAL_FLASH_Program_IT), (8 bytes).
    Removing stm32f1xx_hal_flash.o(.text.HAL_FLASH_IRQHandler), (638 bytes).
    Removing stm32f1xx_hal_flash.o(.ARM.exidx.text.HAL_FLASH_IRQHandler), (8 bytes).
    Removing stm32f1xx_hal_flash.o(.text.FLASH_SetErrorCode), (270 bytes).
    Removing stm32f1xx_hal_flash.o(.ARM.exidx.text.FLASH_SetErrorCode), (8 bytes).
    Removing stm32f1xx_hal_flash.o(.text.HAL_FLASH_OperationErrorCallback), (8 bytes).
    Removing stm32f1xx_hal_flash.o(.ARM.exidx.text.HAL_FLASH_OperationErrorCallback), (8 bytes).
    Removing stm32f1xx_hal_flash.o(.text.HAL_FLASH_EndOfOperationCallback), (8 bytes).
    Removing stm32f1xx_hal_flash.o(.ARM.exidx.text.HAL_FLASH_EndOfOperationCallback), (8 bytes).
    Removing stm32f1xx_hal_flash.o(.text.HAL_FLASH_Unlock), (90 bytes).
    Removing stm32f1xx_hal_flash.o(.ARM.exidx.text.HAL_FLASH_Unlock), (8 bytes).
    Removing stm32f1xx_hal_flash.o(.text.HAL_FLASH_Lock), (20 bytes).
    Removing stm32f1xx_hal_flash.o(.ARM.exidx.text.HAL_FLASH_Lock), (8 bytes).
    Removing stm32f1xx_hal_flash.o(.text.HAL_FLASH_OB_Unlock), (74 bytes).
    Removing stm32f1xx_hal_flash.o(.ARM.exidx.text.HAL_FLASH_OB_Unlock), (8 bytes).
    Removing stm32f1xx_hal_flash.o(.text.HAL_FLASH_OB_Lock), (20 bytes).
    Removing stm32f1xx_hal_flash.o(.ARM.exidx.text.HAL_FLASH_OB_Lock), (8 bytes).
    Removing stm32f1xx_hal_flash.o(.text.HAL_FLASH_OB_Launch), (8 bytes).
    Removing stm32f1xx_hal_flash.o(.ARM.exidx.text.HAL_FLASH_OB_Launch), (8 bytes).
    Removing stm32f1xx_hal_flash.o(.text.HAL_FLASH_GetError), (12 bytes).
    Removing stm32f1xx_hal_flash.o(.ARM.exidx.text.HAL_FLASH_GetError), (8 bytes).
    Removing stm32f1xx_hal_flash.o(.bss.pFlash), (32 bytes).
    Removing stm32f1xx_hal_flash_ex.o(.text), (0 bytes).
    Removing stm32f1xx_hal_flash_ex.o(.text.HAL_FLASHEx_Erase), (266 bytes).
    Removing stm32f1xx_hal_flash_ex.o(.ARM.exidx.text.HAL_FLASHEx_Erase), (8 bytes).
    Removing stm32f1xx_hal_flash_ex.o(.text.FLASH_MassErase), (44 bytes).
    Removing stm32f1xx_hal_flash_ex.o(.ARM.exidx.text.FLASH_MassErase), (8 bytes).
    Removing stm32f1xx_hal_flash_ex.o(.text.FLASH_PageErase), (56 bytes).
    Removing stm32f1xx_hal_flash_ex.o(.ARM.exidx.text.FLASH_PageErase), (8 bytes).
    Removing stm32f1xx_hal_flash_ex.o(.text.HAL_FLASHEx_Erase_IT), (176 bytes).
    Removing stm32f1xx_hal_flash_ex.o(.ARM.exidx.text.HAL_FLASHEx_Erase_IT), (8 bytes).
    Removing stm32f1xx_hal_flash_ex.o(.text.HAL_FLASHEx_OBErase), (136 bytes).
    Removing stm32f1xx_hal_flash_ex.o(.ARM.exidx.text.HAL_FLASHEx_OBErase), (8 bytes).
    Removing stm32f1xx_hal_flash_ex.o(.text.FLASH_OB_GetRDP), (52 bytes).
    Removing stm32f1xx_hal_flash_ex.o(.ARM.exidx.text.FLASH_OB_GetRDP), (8 bytes).
    Removing stm32f1xx_hal_flash_ex.o(.text.FLASH_OB_RDP_LevelConfig), (170 bytes).
    Removing stm32f1xx_hal_flash_ex.o(.ARM.exidx.text.FLASH_OB_RDP_LevelConfig), (8 bytes).
    Removing stm32f1xx_hal_flash_ex.o(.text.HAL_FLASHEx_OBProgram), (354 bytes).
    Removing stm32f1xx_hal_flash_ex.o(.ARM.exidx.text.HAL_FLASHEx_OBProgram), (8 bytes).
    Removing stm32f1xx_hal_flash_ex.o(.text.FLASH_OB_EnableWRP), (370 bytes).
    Removing stm32f1xx_hal_flash_ex.o(.ARM.exidx.text.FLASH_OB_EnableWRP), (8 bytes).
    Removing stm32f1xx_hal_flash_ex.o(.text.FLASH_OB_DisableWRP), (364 bytes).
    Removing stm32f1xx_hal_flash_ex.o(.ARM.exidx.text.FLASH_OB_DisableWRP), (8 bytes).
    Removing stm32f1xx_hal_flash_ex.o(.text.FLASH_OB_UserConfig), (114 bytes).
    Removing stm32f1xx_hal_flash_ex.o(.ARM.exidx.text.FLASH_OB_UserConfig), (8 bytes).
    Removing stm32f1xx_hal_flash_ex.o(.text.FLASH_OB_ProgramData), (106 bytes).
    Removing stm32f1xx_hal_flash_ex.o(.ARM.exidx.text.FLASH_OB_ProgramData), (8 bytes).
    Removing stm32f1xx_hal_flash_ex.o(.text.HAL_FLASHEx_OBGetConfig), (40 bytes).
    Removing stm32f1xx_hal_flash_ex.o(.ARM.exidx.text.HAL_FLASHEx_OBGetConfig), (8 bytes).
    Removing stm32f1xx_hal_flash_ex.o(.text.FLASH_OB_GetWRP), (12 bytes).
    Removing stm32f1xx_hal_flash_ex.o(.ARM.exidx.text.FLASH_OB_GetWRP), (8 bytes).
    Removing stm32f1xx_hal_flash_ex.o(.text.FLASH_OB_GetUser), (16 bytes).
    Removing stm32f1xx_hal_flash_ex.o(.ARM.exidx.text.FLASH_OB_GetUser), (8 bytes).
    Removing stm32f1xx_hal_flash_ex.o(.text.HAL_FLASHEx_OBGetUserData), (66 bytes).
    Removing stm32f1xx_hal_flash_ex.o(.ARM.exidx.text.HAL_FLASHEx_OBGetUserData), (8 bytes).
    Removing stm32f1xx_hal_exti.o(.text), (0 bytes).
    Removing stm32f1xx_hal_exti.o(.text.HAL_EXTI_SetConfigLine), (356 bytes).
    Removing stm32f1xx_hal_exti.o(.ARM.exidx.text.HAL_EXTI_SetConfigLine), (8 bytes).
    Removing stm32f1xx_hal_exti.o(.text.HAL_EXTI_GetConfigLine), (264 bytes).
    Removing stm32f1xx_hal_exti.o(.ARM.exidx.text.HAL_EXTI_GetConfigLine), (8 bytes).
    Removing stm32f1xx_hal_exti.o(.text.HAL_EXTI_ClearConfigLine), (194 bytes).
    Removing stm32f1xx_hal_exti.o(.ARM.exidx.text.HAL_EXTI_ClearConfigLine), (8 bytes).
    Removing stm32f1xx_hal_exti.o(.text.HAL_EXTI_RegisterCallback), (48 bytes).
    Removing stm32f1xx_hal_exti.o(.ARM.exidx.text.HAL_EXTI_RegisterCallback), (8 bytes).
    Removing stm32f1xx_hal_exti.o(.text.HAL_EXTI_GetHandle), (42 bytes).
    Removing stm32f1xx_hal_exti.o(.ARM.exidx.text.HAL_EXTI_GetHandle), (8 bytes).
    Removing stm32f1xx_hal_exti.o(.text.HAL_EXTI_IRQHandler), (76 bytes).
    Removing stm32f1xx_hal_exti.o(.ARM.exidx.text.HAL_EXTI_IRQHandler), (8 bytes).
    Removing stm32f1xx_hal_exti.o(.text.HAL_EXTI_GetPending), (50 bytes).
    Removing stm32f1xx_hal_exti.o(.ARM.exidx.text.HAL_EXTI_GetPending), (8 bytes).
    Removing stm32f1xx_hal_exti.o(.text.HAL_EXTI_ClearPending), (36 bytes).
    Removing stm32f1xx_hal_exti.o(.ARM.exidx.text.HAL_EXTI_ClearPending), (8 bytes).
    Removing stm32f1xx_hal_exti.o(.text.HAL_EXTI_GenerateSWI), (34 bytes).
    Removing stm32f1xx_hal_exti.o(.ARM.exidx.text.HAL_EXTI_GenerateSWI), (8 bytes).
    Removing system_stm32f1xx.o(.text), (0 bytes).
    Removing system_stm32f1xx.o(.ARM.exidx.text.SystemInit), (8 bytes).
    Removing system_stm32f1xx.o(.text.SystemCoreClockUpdate), (290 bytes).
    Removing system_stm32f1xx.o(.ARM.exidx.text.SystemCoreClockUpdate), (8 bytes).
    Removing driver_usart.o(.text), (0 bytes).
    Removing driver_usart.o(.ARM.exidx.text.EnableDebugIRQ), (8 bytes).
    Removing driver_usart.o(.text.DisableDebugIRQ), (28 bytes).
    Removing driver_usart.o(.ARM.exidx.text.DisableDebugIRQ), (8 bytes).
    Removing driver_usart.o(.ARM.exidx.text.fputc), (8 bytes).
    Removing driver_usart.o(.text.fgetc), (44 bytes).
    Removing driver_usart.o(.ARM.exidx.text.fgetc), (8 bytes).
    Removing driver_usart.o(.ARM.exidx.text.USART1_IRQHandler), (8 bytes).
    Removing driver_usart.o(.ARM.exidx.text.HAL_UART_RxCpltCallback), (8 bytes).
    Removing driver_usart.o(.ARM.exidx.text.HAL_UART_TxCpltCallback), (8 bytes).
    Removing ring_buffer.o(.text), (0 bytes).
    Removing ring_buffer.o(.ARM.exidx.text.ring_buffer_init), (8 bytes).
    Removing ring_buffer.o(.ARM.exidx.text.ring_buffer_write), (8 bytes).
    Removing ring_buffer.o(.text.ring_buffer_read), (74 bytes).
    Removing ring_buffer.o(.ARM.exidx.text.ring_buffer_read), (8 bytes).
    Removing driver_key.o(.text), (0 bytes).
    Removing driver_key.o(.text.KEY_GPIO_ReInit), (146 bytes).
    Removing driver_key.o(.ARM.exidx.text.KEY_GPIO_ReInit), (8 bytes).
    Removing driver_key.o(.ARM.exidx.text.EXTI15_10_IRQHandler), (8 bytes).
    Removing driver_key.o(.ARM.exidx.text.HAL_GPIO_EXTI_Callback), (8 bytes).
    Removing driver_key.o(.text.KEY1_Value), (12 bytes).
    Removing driver_key.o(.ARM.exidx.text.KEY1_Value), (8 bytes).
    Removing driver_key.o(.text.KEY2_Value), (12 bytes).
    Removing driver_key.o(.ARM.exidx.text.KEY2_Value), (8 bytes).
    Removing driver_key.o(.data.key1_val), (1 bytes).
    Removing driver_key.o(.data.key2_val), (1 bytes).
    Removing driver_led.o(.text), (0 bytes).
    Removing driver_led.o(.text.HAL_LEDDeviceControl), (144 bytes).
    Removing driver_led.o(.ARM.exidx.text.HAL_LEDDeviceControl), (8 bytes).
    Removing ascii_font.o(.text), (0 bytes).
    Removing ascii_font.o(.rodata.ascii_font), (2048 bytes).
    Removing driver_i2c.o(.text), (0 bytes).
    Removing driver_i2c.o(.ARM.exidx.text.I2C_Delay), (8 bytes).
    Removing driver_i2c.o(.ARM.exidx.text.I2C_GPIO_ReInit), (8 bytes).
    Removing driver_i2c.o(.ARM.exidx.text.I2C_Start), (8 bytes).
    Removing driver_i2c.o(.ARM.exidx.text.I2C_Stop), (8 bytes).
    Removing driver_i2c.o(.ARM.exidx.text.I2C_GetAck), (8 bytes).
    Removing driver_i2c.o(.text.I2C_ACK), (68 bytes).
    Removing driver_i2c.o(.ARM.exidx.text.I2C_ACK), (8 bytes).
    Removing driver_i2c.o(.text.I2C_NACK), (68 bytes).
    Removing driver_i2c.o(.ARM.exidx.text.I2C_NACK), (8 bytes).
    Removing driver_i2c.o(.ARM.exidx.text.I2C_WriteByte), (8 bytes).
    Removing driver_i2c.o(.text.I2C_ReadByte), (196 bytes).
    Removing driver_i2c.o(.ARM.exidx.text.I2C_ReadByte), (8 bytes).
    Removing driver_oled.o(.text), (0 bytes).
    Removing driver_oled.o(.ARM.exidx.text.OLED_WriteCmd), (8 bytes).
    Removing driver_oled.o(.text.OLED_WriteData), (40 bytes).
    Removing driver_oled.o(.ARM.exidx.text.OLED_WriteData), (8 bytes).
    Removing driver_oled.o(.ARM.exidx.text.OLED_WriteNBytes), (8 bytes).
    Removing driver_oled.o(.ARM.exidx.text.OLED_SetContrastValue), (8 bytes).
    Removing driver_oled.o(.text.OLED_H_Scroll), (130 bytes).
    Removing driver_oled.o(.ARM.exidx.text.OLED_H_Scroll), (8 bytes).
    Removing driver_oled.o(.text.OLED_HV_Scroll), (142 bytes).
    Removing driver_oled.o(.ARM.exidx.text.OLED_HV_Scroll), (8 bytes).
    Removing driver_oled.o(.text.OLED_SetVScrollArea), (62 bytes).
    Removing driver_oled.o(.ARM.exidx.text.OLED_SetVScrollArea), (8 bytes).
    Removing driver_oled.o(.ARM.exidx.text.OLED_SetColAddr_PAGE), (8 bytes).
    Removing driver_oled.o(.ARM.exidx.text.OLED_SetMemAddrMode), (8 bytes).
    Removing driver_oled.o(.text.OLED_SetColAddr_HV), (80 bytes).
    Removing driver_oled.o(.ARM.exidx.text.OLED_SetColAddr_HV), (8 bytes).
    Removing driver_oled.o(.text.OLED_SetPageAddr_HV), (80 bytes).
    Removing driver_oled.o(.ARM.exidx.text.OLED_SetPageAddr_HV), (8 bytes).
    Removing driver_oled.o(.ARM.exidx.text.OLED_SetPageAddr_PAGE), (8 bytes).
    Removing driver_oled.o(.ARM.exidx.text.OLED_SetDispStartLine), (8 bytes).
    Removing driver_oled.o(.ARM.exidx.text.OLED_SetMuxRatio), (8 bytes).
    Removing driver_oled.o(.ARM.exidx.text.OLED_SetDispOffset), (8 bytes).
    Removing driver_oled.o(.ARM.exidx.text.OLED_SetComConfig), (8 bytes).
    Removing driver_oled.o(.ARM.exidx.text.OLED_SetDCLK_Freq), (8 bytes).
    Removing driver_oled.o(.text.OLED_SetPreChargePeriod), (64 bytes).
    Removing driver_oled.o(.ARM.exidx.text.OLED_SetPreChargePeriod), (8 bytes).
    Removing driver_oled.o(.text.OLED_SetVcomhLevel), (62 bytes).
    Removing driver_oled.o(.ARM.exidx.text.OLED_SetVcomhLevel), (8 bytes).
    Removing driver_oled.o(.ARM.exidx.text.OLED_SetChargePump), (8 bytes).
    Removing driver_oled.o(.ARM.exidx.text.OLED_Init), (8 bytes).
    Removing driver_oled.o(.ARM.exidx.text.OLED_SetPosition), (8 bytes).
    Removing driver_oled.o(.text.OLED_Clear), (78 bytes).
    Removing driver_oled.o(.ARM.exidx.text.OLED_Clear), (8 bytes).
    Removing driver_oled.o(.ARM.exidx.text.OLED_Copy), (8 bytes).
    Removing driver_oled.o(.text.OLED_PutChar), (92 bytes).
    Removing driver_oled.o(.ARM.exidx.text.OLED_PutChar), (8 bytes).
    Removing driver_oled.o(.text.OLED_PrintString), (102 bytes).
    Removing driver_oled.o(.ARM.exidx.text.OLED_PrintString), (8 bytes).
    Removing kal_gpio_key.o(.text), (0 bytes).
    Removing kal_gpio_key.o(.text.KAL_GPIOKkeyInit), (8 bytes).
    Removing kal_gpio_key.o(.ARM.exidx.text.KAL_GPIOKkeyInit), (8 bytes).
    Removing kal_time.o(.text), (0 bytes).
    Removing kal_time.o(.ARM.exidx.text.KAL_GetTime), (8 bytes).
    Removing kal_time.o(.text.KAL_Delay), (16 bytes).
    Removing kal_time.o(.ARM.exidx.text.KAL_Delay), (8 bytes).
    Removing kal_led_device.o(.text), (0 bytes).
    Removing kal_led_device.o(.text.KAL_LEDDeviceInit), (16 bytes).
    Removing kal_led_device.o(.ARM.exidx.text.KAL_LEDDeviceInit), (8 bytes).
    Removing kal_led_device.o(.text.KAL_LEDDeviceControl), (20 bytes).
    Removing kal_led_device.o(.ARM.exidx.text.KAL_LEDDeviceControl), (8 bytes).
    Removing kal_oled_device.o(.text), (0 bytes).
    Removing kal_oled_device.o(.ARM.exidx.text.KAL_OLEDDeviceInit), (8 bytes).
    Removing kal_oled_device.o(.ARM.exidx.text.KAL_OLEDDeviceFlush), (8 bytes).
    Removing cal_gpio_key.o(.text), (0 bytes).
    Removing cal_gpio_key.o(.text.CAL_GPIOKkeyInit), (8 bytes).
    Removing cal_gpio_key.o(.ARM.exidx.text.CAL_GPIOKkeyInit), (8 bytes).
    Removing cal_time.o(.text), (0 bytes).
    Removing cal_time.o(.ARM.exidx.text.CAL_GetTime), (8 bytes).
    Removing cal_time.o(.text.CAL_Delay), (16 bytes).
    Removing cal_time.o(.ARM.exidx.text.CAL_Delay), (8 bytes).
    Removing cal_led_device.o(.text), (0 bytes).
    Removing cal_led_device.o(.text.CAL_LEDDeviceInit), (10 bytes).
    Removing cal_led_device.o(.ARM.exidx.text.CAL_LEDDeviceInit), (8 bytes).
    Removing cal_led_device.o(.text.CAL_LEDDeviceControl), (20 bytes).
    Removing cal_led_device.o(.ARM.exidx.text.CAL_LEDDeviceControl), (8 bytes).
    Removing cal_oled_device.o(.text), (0 bytes).
    Removing cal_oled_device.o(.ARM.exidx.text.CAL_OLEDDeviceInit), (8 bytes).
    Removing cal_oled_device.o(.ARM.exidx.text.CAL_OLEDDeviceFlush), (8 bytes).
    Removing gpio_key.o(.text), (0 bytes).
    Removing gpio_key.o(.text.AddInputDeviceGPIOKey), (16 bytes).
    Removing gpio_key.o(.ARM.exidx.text.AddInputDeviceGPIOKey), (8 bytes).
    Removing gpio_key.o(.text.GPIOKeyInit), (10 bytes).
    Removing gpio_key.o(.ARM.exidx.text.GPIOKeyInit), (8 bytes).
    Removing gpio_key.o(.data.g_tKeyDevice), (20 bytes).
    Removing gpio_key.o(.rodata.str1.1), (9 bytes).
    Removing input_buffer.o(.text), (0 bytes).
    Removing input_buffer.o(.ARM.exidx.text.PutInputEvent), (8 bytes).
    Removing input_buffer.o(.text.GetInputEvent), (180 bytes).
    Removing input_buffer.o(.ARM.exidx.text.GetInputEvent), (8 bytes).
    Removing input_system.o(.text), (0 bytes).
    Removing input_system.o(.text.InputDeviceRegister), (26 bytes).
    Removing input_system.o(.ARM.exidx.text.InputDeviceRegister), (8 bytes).
    Removing input_system.o(.text.AddInputDevices), (8 bytes).
    Removing input_system.o(.ARM.exidx.text.AddInputDevices), (8 bytes).
    Removing input_system.o(.text.InitInputDevices), (42 bytes).
    Removing input_system.o(.ARM.exidx.text.InitInputDevices), (8 bytes).
    Removing input_system.o(.bss.g_ptInputDevices), (4 bytes).
    Removing input_test.o(.text), (0 bytes).
    Removing input_test.o(.text.input_test), (98 bytes).
    Removing input_test.o(.ARM.exidx.text.input_test), (8 bytes).
    Removing input_test.o(.rodata.str1.1), (68 bytes).
    Removing led_test.o(.text), (0 bytes).
    Removing led_test.o(.text.led_test), (118 bytes).
    Removing led_test.o(.ARM.exidx.text.led_test), (8 bytes).
    Removing display_test.o(.text), (0 bytes).
    Removing display_test.o(.ARM.exidx.text.display_test), (8 bytes).
    Removing led_device.o(.text), (0 bytes).
    Removing led_device.o(.text.GetLEDDevice), (54 bytes).
    Removing led_device.o(.ARM.exidx.text.GetLEDDevice), (8 bytes).
    Removing led_device.o(.text.LEDDeviceInit), (16 bytes).
    Removing led_device.o(.ARM.exidx.text.LEDDeviceInit), (8 bytes).
    Removing led_device.o(.text.LEDDeviceControl), (20 bytes).
    Removing led_device.o(.ARM.exidx.text.LEDDeviceControl), (8 bytes).
    Removing led_device.o(.data.g_tLEDDevices), (60 bytes).
    Removing display_device.o(.text), (0 bytes).
    Removing display_device.o(.ARM.exidx.text.DisplayDeviceRegister), (8 bytes).
    Removing display_device.o(.ARM.exidx.text.__GetDisplayDevice), (8 bytes).
    Removing display_system.o(.text), (0 bytes).
    Removing display_system.o(.ARM.exidx.text.AddDisplayDevices), (8 bytes).
    Removing display_system.o(.ARM.exidx.text.GetDisplayDevice), (8 bytes).
    Removing oled_device.o(.text), (0 bytes).
    Removing oled_device.o(.ARM.exidx.text.AddDisplayDeviceOLED), (8 bytes).
    Removing oled_device.o(.ARM.exidx.text.OLEDDeviceInit), (8 bytes).
    Removing oled_device.o(.ARM.exidx.text.OLEDDeviceFlush), (8 bytes).
    Removing oled_device.o(.ARM.exidx.text.OLEDDeviceSetPixel), (8 bytes).

598 unused section(s) (total 29869 bytes) removed from the image.

==============================================================================

Image Symbol Table

    Local Symbols

    Symbol Name                              Value     Ov Type        Size  Object(Section)

    ../clib/division.s                       0x00000000   Number         0  aeabi_sdiv.o ABSOLUTE
    ../clib/microlib/division.c              0x00000000   Number         0  uidiv.o ABSOLUTE
    ../clib/microlib/division.c              0x00000000   Number         0  uldiv.o ABSOLUTE
    ../clib/microlib/init/entry.s            0x00000000   Number         0  entry.o ABSOLUTE
    ../clib/microlib/init/entry.s            0x00000000   Number         0  entry2.o ABSOLUTE
    ../clib/microlib/init/entry.s            0x00000000   Number         0  entry5.o ABSOLUTE
    ../clib/microlib/init/entry.s            0x00000000   Number         0  entry7a.o ABSOLUTE
    ../clib/microlib/init/entry.s            0x00000000   Number         0  entry7b.o ABSOLUTE
    ../clib/microlib/init/entry.s            0x00000000   Number         0  entry8a.o ABSOLUTE
    ../clib/microlib/init/entry.s            0x00000000   Number         0  entry8b.o ABSOLUTE
    ../clib/microlib/init/entry.s            0x00000000   Number         0  entry9a.o ABSOLUTE
    ../clib/microlib/init/entry.s            0x00000000   Number         0  entry9b.o ABSOLUTE
    ../clib/microlib/init/entry.s            0x00000000   Number         0  entry10a.o ABSOLUTE
    ../clib/microlib/init/entry.s            0x00000000   Number         0  entry10b.o ABSOLUTE
    ../clib/microlib/init/entry.s            0x00000000   Number         0  entry11a.o ABSOLUTE
    ../clib/microlib/init/entry.s            0x00000000   Number         0  entry11b.o ABSOLUTE
    ../clib/microlib/longlong.c              0x00000000   Number         0  llshl.o ABSOLUTE
    ../clib/microlib/longlong.c              0x00000000   Number         0  llushr.o ABSOLUTE
    ../clib/microlib/longlong.c              0x00000000   Number         0  llsshr.o ABSOLUTE
    ../clib/microlib/printf/printf.c         0x00000000   Number         0  printfa.o ABSOLUTE
    ../clib/microlib/stdio/streams.c         0x00000000   Number         0  stdout.o ABSOLUTE
    ../clib/microlib/string/memset.c         0x00000000   Number         0  memseta.o ABSOLUTE
    ../clib/microlib/string/strcmp.c         0x00000000   Number         0  strcmp.o ABSOLUTE
    ../clib/microlib/stubs.s                 0x00000000   Number         0  iusefp.o ABSOLUTE
    ../fplib/microlib/fpadd.c                0x00000000   Number         0  dadd.o ABSOLUTE
    ../fplib/microlib/fpdiv.c                0x00000000   Number         0  ddiv.o ABSOLUTE
    ../fplib/microlib/fpepilogue.c           0x00000000   Number         0  depilogue.o ABSOLUTE
    ../fplib/microlib/fpfix.c                0x00000000   Number         0  dfixul.o ABSOLUTE
    ../fplib/microlib/fpmul.c                0x00000000   Number         0  dmul.o ABSOLUTE
    ascii_font.c                             0x00000000   Number         0  ascii_font.o ABSOLUTE
    cal_gpio_key.c                           0x00000000   Number         0  cal_gpio_key.o ABSOLUTE
    cal_led_device.c                         0x00000000   Number         0  cal_led_device.o ABSOLUTE
    cal_oled_device.c                        0x00000000   Number         0  cal_oled_device.o ABSOLUTE
    cal_time.c                               0x00000000   Number         0  cal_time.o ABSOLUTE
    cdrcmple.s                               0x00000000   Number         0  cdrcmple.o ABSOLUTE
    dc.s                                     0x00000000   Number         0  dc.o ABSOLUTE
    display_device.c                         0x00000000   Number         0  display_device.o ABSOLUTE
    display_system.c                         0x00000000   Number         0  display_system.o ABSOLUTE
    display_test.c                           0x00000000   Number         0  display_test.o ABSOLUTE
    driver_i2c.c                             0x00000000   Number         0  driver_i2c.o ABSOLUTE
    driver_key.c                             0x00000000   Number         0  driver_key.o ABSOLUTE
    driver_led.c                             0x00000000   Number         0  driver_led.o ABSOLUTE
    driver_oled.c                            0x00000000   Number         0  driver_oled.o ABSOLUTE
    driver_usart.c                           0x00000000   Number         0  driver_usart.o ABSOLUTE
    gpio.c                                   0x00000000   Number         0  gpio.o ABSOLUTE
    gpio_key.c                               0x00000000   Number         0  gpio_key.o ABSOLUTE
    handlers.s                               0x00000000   Number         0  handlers.o ABSOLUTE
    init.s                                   0x00000000   Number         0  init.o ABSOLUTE
    input_buffer.c                           0x00000000   Number         0  input_buffer.o ABSOLUTE
    input_system.c                           0x00000000   Number         0  input_system.o ABSOLUTE
    input_test.c                             0x00000000   Number         0  input_test.o ABSOLUTE
    kal_gpio_key.c                           0x00000000   Number         0  kal_gpio_key.o ABSOLUTE
    kal_led_device.c                         0x00000000   Number         0  kal_led_device.o ABSOLUTE
    kal_oled_device.c                        0x00000000   Number         0  kal_oled_device.o ABSOLUTE
    kal_time.c                               0x00000000   Number         0  kal_time.o ABSOLUTE
    led_device.c                             0x00000000   Number         0  led_device.o ABSOLUTE
    led_test.c                               0x00000000   Number         0  led_test.o ABSOLUTE
    main.c                                   0x00000000   Number         0  main.o ABSOLUTE
    oled_device.c                            0x00000000   Number         0  oled_device.o ABSOLUTE
    ring_buffer.c                            0x00000000   Number         0  ring_buffer.o ABSOLUTE
    startup_stm32f103xe.s                    0x00000000   Number         0  startup_stm32f103xe.o ABSOLUTE
    stm32f1xx_hal.c                          0x00000000   Number         0  stm32f1xx_hal.o ABSOLUTE
    stm32f1xx_hal_cortex.c                   0x00000000   Number         0  stm32f1xx_hal_cortex.o ABSOLUTE
    stm32f1xx_hal_dma.c                      0x00000000   Number         0  stm32f1xx_hal_dma.o ABSOLUTE
    stm32f1xx_hal_exti.c                     0x00000000   Number         0  stm32f1xx_hal_exti.o ABSOLUTE
    stm32f1xx_hal_flash.c                    0x00000000   Number         0  stm32f1xx_hal_flash.o ABSOLUTE
    stm32f1xx_hal_flash_ex.c                 0x00000000   Number         0  stm32f1xx_hal_flash_ex.o ABSOLUTE
    stm32f1xx_hal_gpio.c                     0x00000000   Number         0  stm32f1xx_hal_gpio.o ABSOLUTE
    stm32f1xx_hal_gpio_ex.c                  0x00000000   Number         0  stm32f1xx_hal_gpio_ex.o ABSOLUTE
    stm32f1xx_hal_msp.c                      0x00000000   Number         0  stm32f1xx_hal_msp.o ABSOLUTE
    stm32f1xx_hal_pwr.c                      0x00000000   Number         0  stm32f1xx_hal_pwr.o ABSOLUTE
    stm32f1xx_hal_rcc.c                      0x00000000   Number         0  stm32f1xx_hal_rcc.o ABSOLUTE
    stm32f1xx_hal_rcc_ex.c                   0x00000000   Number         0  stm32f1xx_hal_rcc_ex.o ABSOLUTE
    stm32f1xx_hal_tim.c                      0x00000000   Number         0  stm32f1xx_hal_tim.o ABSOLUTE
    stm32f1xx_hal_tim_ex.c                   0x00000000   Number         0  stm32f1xx_hal_tim_ex.o ABSOLUTE
    stm32f1xx_hal_uart.c                     0x00000000   Number         0  stm32f1xx_hal_uart.o ABSOLUTE
    stm32f1xx_it.c                           0x00000000   Number         0  stm32f1xx_it.o ABSOLUTE
    system_stm32f1xx.c                       0x00000000   Number         0  system_stm32f1xx.o ABSOLUTE
    usart.c                                  0x00000000   Number         0  usart.o ABSOLUTE
    RESET                                    0x08000000   Section      304  startup_stm32f103xe.o(RESET)
    .ARM.Collect$$$$00000000                 0x08000130   Section        0  entry.o(.ARM.Collect$$$$00000000)
    .ARM.Collect$$$$00000001                 0x08000130   Section        4  entry2.o(.ARM.Collect$$$$00000001)
    .ARM.Collect$$$$00000004                 0x08000134   Section        4  entry5.o(.ARM.Collect$$$$00000004)
    .ARM.Collect$$$$00000008                 0x08000138   Section        0  entry7b.o(.ARM.Collect$$$$00000008)
    .ARM.Collect$$$$0000000A                 0x08000138   Section        0  entry8b.o(.ARM.Collect$$$$0000000A)
    .ARM.Collect$$$$0000000B                 0x08000138   Section        8  entry9a.o(.ARM.Collect$$$$0000000B)
    __lit__00000000                          0x08000140   Data           4  entry2.o(.ARM.Collect$$$$00002712)
    .ARM.Collect$$$$0000000D                 0x08000140   Section        0  entry10a.o(.ARM.Collect$$$$0000000D)
    .ARM.Collect$$$$0000000F                 0x08000140   Section        0  entry11a.o(.ARM.Collect$$$$0000000F)
    .ARM.Collect$$$$00002712                 0x08000140   Section        4  entry2.o(.ARM.Collect$$$$00002712)
    .text                                    0x08000144   Section       36  startup_stm32f103xe.o(.text)
    .text                                    0x08000168   Section        0  memseta.o(.text)
    .text                                    0x0800018c   Section        0  strcmp.o(.text)
    .text                                    0x080001a8   Section        0  uidiv.o(.text)
    .text                                    0x080001d4   Section        0  uldiv.o(.text)
    .text                                    0x08000236   Section        0  iusefp.o(.text)
    .text                                    0x08000236   Section        0  dadd.o(.text)
    .text                                    0x08000384   Section        0  dmul.o(.text)
    .text                                    0x08000468   Section        0  ddiv.o(.text)
    .text                                    0x08000546   Section        0  dfixul.o(.text)
    .text                                    0x08000578   Section       48  cdrcmple.o(.text)
    .text                                    0x080005a8   Section       48  init.o(.text)
    .text                                    0x080005d8   Section        0  llshl.o(.text)
    .text                                    0x080005f6   Section        0  llushr.o(.text)
    .text                                    0x08000616   Section        0  llsshr.o(.text)
    .text                                    0x0800063a   Section        0  depilogue.o(.text)
    [Anonymous Symbol]                       0x080006f4   Section        0  oled_device.o(.text.AddDisplayDeviceOLED)
    [Anonymous Symbol]                       0x08000704   Section        0  display_system.o(.text.AddDisplayDevices)
    [Anonymous Symbol]                       0x0800070c   Section        0  stm32f1xx_it.o(.text.BusFault_Handler)
    [Anonymous Symbol]                       0x08000710   Section        0  cal_time.o(.text.CAL_GetTime)
    [Anonymous Symbol]                       0x08000718   Section        0  cal_oled_device.o(.text.CAL_OLEDDeviceFlush)
    [Anonymous Symbol]                       0x0800072c   Section        0  cal_oled_device.o(.text.CAL_OLEDDeviceInit)
    [Anonymous Symbol]                       0x08000740   Section        0  stm32f1xx_it.o(.text.DebugMon_Handler)
    [Anonymous Symbol]                       0x08000744   Section        0  display_device.o(.text.DisplayDeviceRegister)
    [Anonymous Symbol]                       0x08000760   Section        0  driver_key.o(.text.EXTI15_10_IRQHandler)
    [Anonymous Symbol]                       0x08000774   Section        0  driver_usart.o(.text.EnableDebugIRQ)
    [Anonymous Symbol]                       0x080007a0   Section        0  main.o(.text.Error_Handler)
    [Anonymous Symbol]                       0x080007b0   Section        0  display_system.o(.text.GetDisplayDevice)
    [Anonymous Symbol]                       0x080007c0   Section        0  stm32f1xx_hal_dma.o(.text.HAL_DMA_Abort)
    [Anonymous Symbol]                       0x0800083c   Section        0  stm32f1xx_hal_dma.o(.text.HAL_DMA_Abort_IT)
    [Anonymous Symbol]                       0x08000b54   Section        0  stm32f1xx_hal_gpio.o(.text.HAL_GPIO_DeInit)
    [Anonymous Symbol]                       0x08000d2c   Section        0  driver_key.o(.text.HAL_GPIO_EXTI_Callback)
    [Anonymous Symbol]                       0x08000db4   Section        0  stm32f1xx_hal_gpio.o(.text.HAL_GPIO_EXTI_IRQHandler)
    [Anonymous Symbol]                       0x08000dec   Section        0  stm32f1xx_hal_gpio.o(.text.HAL_GPIO_Init)
    [Anonymous Symbol]                       0x08001144   Section        0  stm32f1xx_hal_gpio.o(.text.HAL_GPIO_ReadPin)
    [Anonymous Symbol]                       0x08001174   Section        0  stm32f1xx_hal_gpio.o(.text.HAL_GPIO_WritePin)
    [Anonymous Symbol]                       0x080011a4   Section        0  stm32f1xx_hal.o(.text.HAL_GetTick)
    [Anonymous Symbol]                       0x080011b0   Section        0  stm32f1xx_hal.o(.text.HAL_IncTick)
    [Anonymous Symbol]                       0x080011cc   Section        0  stm32f1xx_hal.o(.text.HAL_Init)
    [Anonymous Symbol]                       0x080011f8   Section        0  stm32f1xx_hal.o(.text.HAL_InitTick)
    [Anonymous Symbol]                       0x08001268   Section        0  stm32f1xx_hal_msp.o(.text.HAL_MspInit)
    [Anonymous Symbol]                       0x080012cc   Section        0  stm32f1xx_hal_cortex.o(.text.HAL_NVIC_EnableIRQ)
    [Anonymous Symbol]                       0x080012e0   Section        0  stm32f1xx_hal_cortex.o(.text.HAL_NVIC_SetPriority)
    [Anonymous Symbol]                       0x08001314   Section        0  stm32f1xx_hal_cortex.o(.text.HAL_NVIC_SetPriorityGrouping)
    [Anonymous Symbol]                       0x08001324   Section        0  stm32f1xx_hal_rcc.o(.text.HAL_RCC_ClockConfig)
    [Anonymous Symbol]                       0x0800157c   Section        0  stm32f1xx_hal_rcc.o(.text.HAL_RCC_GetHCLKFreq)
    [Anonymous Symbol]                       0x08001588   Section        0  stm32f1xx_hal_rcc.o(.text.HAL_RCC_GetPCLK1Freq)
    [Anonymous Symbol]                       0x080015ac   Section        0  stm32f1xx_hal_rcc.o(.text.HAL_RCC_GetPCLK2Freq)
    [Anonymous Symbol]                       0x080015d0   Section        0  stm32f1xx_hal_rcc.o(.text.HAL_RCC_GetSysClockFreq)
    [Anonymous Symbol]                       0x080016b4   Section        0  stm32f1xx_hal_rcc.o(.text.HAL_RCC_OscConfig)
    [Anonymous Symbol]                       0x08001d30   Section        0  stm32f1xx_hal_cortex.o(.text.HAL_SYSTICK_Config)
    [Anonymous Symbol]                       0x08001d40   Section        0  stm32f1xx_hal_uart.o(.text.HAL_UARTEx_RxEventCallback)
    [Anonymous Symbol]                       0x08001d4c   Section        0  stm32f1xx_hal_uart.o(.text.HAL_UART_ErrorCallback)
    [Anonymous Symbol]                       0x08001d54   Section        0  stm32f1xx_hal_uart.o(.text.HAL_UART_IRQHandler)
    [Anonymous Symbol]                       0x08002098   Section        0  stm32f1xx_hal_uart.o(.text.HAL_UART_Init)
    [Anonymous Symbol]                       0x08002134   Section        0  usart.o(.text.HAL_UART_MspInit)
    [Anonymous Symbol]                       0x08002290   Section        0  driver_usart.o(.text.HAL_UART_RxCpltCallback)
    [Anonymous Symbol]                       0x080022b8   Section        0  stm32f1xx_hal_uart.o(.text.HAL_UART_Transmit_IT)
    [Anonymous Symbol]                       0x0800235c   Section        0  driver_usart.o(.text.HAL_UART_TxCpltCallback)
    [Anonymous Symbol]                       0x08002384   Section        0  stm32f1xx_it.o(.text.HardFault_Handler)
    [Anonymous Symbol]                       0x08002388   Section        0  driver_i2c.o(.text.I2C_Delay)
    [Anonymous Symbol]                       0x080023a4   Section        0  driver_i2c.o(.text.I2C_GPIO_ReInit)
    [Anonymous Symbol]                       0x08002420   Section        0  driver_i2c.o(.text.I2C_GetAck)
    [Anonymous Symbol]                       0x080024c0   Section        0  driver_i2c.o(.text.I2C_Start)
    [Anonymous Symbol]                       0x08002504   Section        0  driver_i2c.o(.text.I2C_Stop)
    [Anonymous Symbol]                       0x08002548   Section        0  driver_i2c.o(.text.I2C_WriteByte)
    [Anonymous Symbol]                       0x080025ec   Section        0  kal_time.o(.text.KAL_GetTime)
    [Anonymous Symbol]                       0x080025f4   Section        0  kal_oled_device.o(.text.KAL_OLEDDeviceFlush)
    [Anonymous Symbol]                       0x08002604   Section        0  kal_oled_device.o(.text.KAL_OLEDDeviceInit)
    [Anonymous Symbol]                       0x08002614   Section        0  gpio.o(.text.MX_GPIO_Init)
    [Anonymous Symbol]                       0x08002760   Section        0  usart.o(.text.MX_USART1_UART_Init)
    [Anonymous Symbol]                       0x080027a0   Section        0  usart.o(.text.MX_USART3_UART_Init)
    [Anonymous Symbol]                       0x080027e0   Section        0  stm32f1xx_it.o(.text.MemManage_Handler)
    [Anonymous Symbol]                       0x080027e4   Section        0  stm32f1xx_it.o(.text.NMI_Handler)
    NVIC_EncodePriority                      0x080027e9   Thumb Code   108  stm32f1xx_hal_cortex.o(.text.NVIC_EncodePriority)
    [Anonymous Symbol]                       0x080027e8   Section        0  stm32f1xx_hal_cortex.o(.text.NVIC_EncodePriority)
    OLEDDeviceFlush                          0x08002855   Thumb Code    16  oled_device.o(.text.OLEDDeviceFlush)
    [Anonymous Symbol]                       0x08002854   Section        0  oled_device.o(.text.OLEDDeviceFlush)
    OLEDDeviceInit                           0x08002865   Thumb Code    16  oled_device.o(.text.OLEDDeviceInit)
    [Anonymous Symbol]                       0x08002864   Section        0  oled_device.o(.text.OLEDDeviceInit)
    OLEDDeviceSetPixel                       0x08002875   Thumb Code   144  oled_device.o(.text.OLEDDeviceSetPixel)
    [Anonymous Symbol]                       0x08002874   Section        0  oled_device.o(.text.OLEDDeviceSetPixel)
    [Anonymous Symbol]                       0x08002904   Section        0  driver_oled.o(.text.OLED_Copy)
    [Anonymous Symbol]                       0x0800294c   Section        0  driver_oled.o(.text.OLED_Init)
    [Anonymous Symbol]                       0x080029b4   Section        0  driver_oled.o(.text.OLED_SetChargePump)
    [Anonymous Symbol]                       0x080029ec   Section        0  driver_oled.o(.text.OLED_SetColAddr_PAGE)
    [Anonymous Symbol]                       0x08002a30   Section        0  driver_oled.o(.text.OLED_SetComConfig)
    [Anonymous Symbol]                       0x08002a88   Section        0  driver_oled.o(.text.OLED_SetContrastValue)
    [Anonymous Symbol]                       0x08002aa4   Section        0  driver_oled.o(.text.OLED_SetDCLK_Freq)
    [Anonymous Symbol]                       0x08002ae4   Section        0  driver_oled.o(.text.OLED_SetDispOffset)
    [Anonymous Symbol]                       0x08002b0c   Section        0  driver_oled.o(.text.OLED_SetDispStartLine)
    [Anonymous Symbol]                       0x08002b34   Section        0  driver_oled.o(.text.OLED_SetMemAddrMode)
    [Anonymous Symbol]                       0x08002b7c   Section        0  driver_oled.o(.text.OLED_SetMuxRatio)
    [Anonymous Symbol]                       0x08002bb0   Section        0  driver_oled.o(.text.OLED_SetPageAddr_PAGE)
    [Anonymous Symbol]                       0x08002be8   Section        0  driver_oled.o(.text.OLED_SetPosition)
    [Anonymous Symbol]                       0x08002c08   Section        0  driver_oled.o(.text.OLED_WriteCmd)
    [Anonymous Symbol]                       0x08002c30   Section        0  driver_oled.o(.text.OLED_WriteNBytes)
    [Anonymous Symbol]                       0x08002c94   Section        0  stm32f1xx_it.o(.text.PendSV_Handler)
    [Anonymous Symbol]                       0x08002c98   Section        0  input_buffer.o(.text.PutInputEvent)
    RCC_Delay                                0x08002d59   Thumb Code    58  stm32f1xx_hal_rcc.o(.text.RCC_Delay)
    [Anonymous Symbol]                       0x08002d58   Section        0  stm32f1xx_hal_rcc.o(.text.RCC_Delay)
    [Anonymous Symbol]                       0x08002d94   Section        0  stm32f1xx_it.o(.text.SVC_Handler)
    SysTick_Config                           0x08002d99   Thumb Code    82  stm32f1xx_hal_cortex.o(.text.SysTick_Config)
    [Anonymous Symbol]                       0x08002d98   Section        0  stm32f1xx_hal_cortex.o(.text.SysTick_Config)
    [Anonymous Symbol]                       0x08002dec   Section        0  stm32f1xx_it.o(.text.SysTick_Handler)
    [Anonymous Symbol]                       0x08002df4   Section        0  main.o(.text.SystemClock_Config)
    [Anonymous Symbol]                       0x08002e60   Section        0  system_stm32f1xx.o(.text.SystemInit)
    UART_DMAAbortOnError                     0x08002e65   Thumb Code    32  stm32f1xx_hal_uart.o(.text.UART_DMAAbortOnError)
    [Anonymous Symbol]                       0x08002e64   Section        0  stm32f1xx_hal_uart.o(.text.UART_DMAAbortOnError)
    UART_EndRxTransfer                       0x08002e85   Thumb Code    70  stm32f1xx_hal_uart.o(.text.UART_EndRxTransfer)
    [Anonymous Symbol]                       0x08002e84   Section        0  stm32f1xx_hal_uart.o(.text.UART_EndRxTransfer)
    UART_EndTransmit_IT                      0x08002ecd   Thumb Code    38  stm32f1xx_hal_uart.o(.text.UART_EndTransmit_IT)
    [Anonymous Symbol]                       0x08002ecc   Section        0  stm32f1xx_hal_uart.o(.text.UART_EndTransmit_IT)
    UART_Receive_IT                          0x08002ef5   Thumb Code   330  stm32f1xx_hal_uart.o(.text.UART_Receive_IT)
    [Anonymous Symbol]                       0x08002ef4   Section        0  stm32f1xx_hal_uart.o(.text.UART_Receive_IT)
    UART_SetConfig                           0x08003041   Thumb Code   186  stm32f1xx_hal_uart.o(.text.UART_SetConfig)
    [Anonymous Symbol]                       0x08003040   Section        0  stm32f1xx_hal_uart.o(.text.UART_SetConfig)
    UART_Transmit_IT                         0x080030fd   Thumb Code   148  stm32f1xx_hal_uart.o(.text.UART_Transmit_IT)
    [Anonymous Symbol]                       0x080030fc   Section        0  stm32f1xx_hal_uart.o(.text.UART_Transmit_IT)
    [Anonymous Symbol]                       0x08003190   Section        0  driver_usart.o(.text.USART1_IRQHandler)
    [Anonymous Symbol]                       0x080031dc   Section        0  stm32f1xx_it.o(.text.USART3_IRQHandler)
    [Anonymous Symbol]                       0x080031ec   Section        0  stm32f1xx_it.o(.text.UsageFault_Handler)
    [Anonymous Symbol]                       0x080031f0   Section        0  display_device.o(.text.__GetDisplayDevice)
    __NVIC_EnableIRQ                         0x08003235   Thumb Code    48  stm32f1xx_hal_cortex.o(.text.__NVIC_EnableIRQ)
    [Anonymous Symbol]                       0x08003234   Section        0  stm32f1xx_hal_cortex.o(.text.__NVIC_EnableIRQ)
    __NVIC_GetPriorityGrouping               0x08003265   Thumb Code    16  stm32f1xx_hal_cortex.o(.text.__NVIC_GetPriorityGrouping)
    [Anonymous Symbol]                       0x08003264   Section        0  stm32f1xx_hal_cortex.o(.text.__NVIC_GetPriorityGrouping)
    __NVIC_SetPriority                       0x08003275   Thumb Code    66  stm32f1xx_hal_cortex.o(.text.__NVIC_SetPriority)
    [Anonymous Symbol]                       0x08003274   Section        0  stm32f1xx_hal_cortex.o(.text.__NVIC_SetPriority)
    __NVIC_SetPriorityGrouping               0x080032b9   Thumb Code    60  stm32f1xx_hal_cortex.o(.text.__NVIC_SetPriorityGrouping)
    [Anonymous Symbol]                       0x080032b8   Section        0  stm32f1xx_hal_cortex.o(.text.__NVIC_SetPriorityGrouping)
    [Anonymous Symbol]                       0x080032f4   Section        0  display_test.o(.text.display_test)
    [Anonymous Symbol]                       0x080033ac   Section        0  driver_usart.o(.text.fputc)
    [Anonymous Symbol]                       0x080033e8   Section        0  main.o(.text.main)
    [Anonymous Symbol]                       0x08003428   Section        0  ring_buffer.o(.text.ring_buffer_init)
    [Anonymous Symbol]                       0x08003440   Section        0  ring_buffer.o(.text.ring_buffer_write)
    i.__0printf                              0x08003480   Section        0  printfa.o(i.__0printf)
    i.__scatterload_copy                     0x080034a0   Section       14  handlers.o(i.__scatterload_copy)
    i.__scatterload_null                     0x080034ae   Section        2  handlers.o(i.__scatterload_null)
    i.__scatterload_zeroinit                 0x080034b0   Section       14  handlers.o(i.__scatterload_zeroinit)
    _fp_digits                               0x080034c1   Thumb Code   366  printfa.o(i._fp_digits)
    i._fp_digits                             0x080034c0   Section        0  printfa.o(i._fp_digits)
    _printf_core                             0x08003645   Thumb Code  1744  printfa.o(i._printf_core)
    i._printf_core                           0x08003644   Section        0  printfa.o(i._printf_core)
    _printf_post_padding                     0x08003d21   Thumb Code    36  printfa.o(i._printf_post_padding)
    i._printf_post_padding                   0x08003d20   Section        0  printfa.o(i._printf_post_padding)
    _printf_pre_padding                      0x08003d45   Thumb Code    46  printfa.o(i._printf_pre_padding)
    i._printf_pre_padding                    0x08003d44   Section        0  printfa.o(i._printf_pre_padding)
    .L.str                                   0x08003d8a   Data          15  main.o(.rodata.str1.1)
    [Anonymous Symbol]                       0x08003d8a   Section        0  main.o(.rodata.str1.1)
    .L.str.1                                 0x08003d99   Data          31  display_test.o(.rodata.str1.1)
    [Anonymous Symbol]                       0x08003d99   Section        0  display_test.o(.rodata.str1.1)
    .L.str                                   0x08003db8   Data           5  display_test.o(.rodata.str1.1)
    .data                                    0x20000000   Section        4  stdout.o(.data)
    g_tOLEDDevice                            0x20000008   Data          40  oled_device.o(.data.g_tOLEDDevice)
    [Anonymous Symbol]                       0x20000008   Section        0  oled_device.o(.data.g_tOLEDDevice)
    mem_mode                                 0x20000030   Data           1  driver_oled.o(.data.mem_mode)
    [Anonymous Symbol]                       0x20000030   Section        0  driver_oled.o(.data.mem_mode)
    g_OLEDFramebuffer                        0x20000038   Data        1024  oled_device.o(.bss.g_OLEDFramebuffer)
    [Anonymous Symbol]                       0x20000038   Section        0  oled_device.o(.bss.g_OLEDFramebuffer)
    g_ptDisplayDevices                       0x20000438   Data           4  display_device.o(.bss.g_ptDisplayDevices)
    [Anonymous Symbol]                       0x20000438   Section        0  display_device.o(.bss.g_ptDisplayDevices)
    g_tInputBuffer                           0x2000043c   Data         448  input_buffer.o(.bss.g_tInputBuffer)
    [Anonymous Symbol]                       0x2000043c   Section        0  input_buffer.o(.bss.g_tInputBuffer)
    rxcplt_flag                              0x20000684   Data           1  driver_usart.o(.bss.rxcplt_flag)
    [Anonymous Symbol]                       0x20000684   Section        0  driver_usart.o(.bss.rxcplt_flag)
    txcplt_flag                              0x20000a90   Data           1  driver_usart.o(.bss.txcplt_flag)
    [Anonymous Symbol]                       0x20000a90   Section        0  driver_usart.o(.bss.txcplt_flag)
    STACK                                    0x20000a98   Section     1024  startup_stm32f103xe.o(STACK)

    Global Symbols

    Symbol Name                              Value     Ov Type        Size  Object(Section)

    BuildAttributes$$THM_ISAv4$P$D$K$B$S$PE$A:L22UL41UL21$X:L11$S22US41US21$IEEE1$IW$~IW$USESV6$~STKCKD$USESV7$~SHL$OSPACE$ROPI$EBA8$MICROLIB$REQ8$PRES8$EABIv2 0x00000000   Number         0  anon$$obj.o ABSOLUTE
    __cpp_initialize__aeabi_                  - Undefined Weak Reference
    __cxa_finalize                            - Undefined Weak Reference
    __decompress                              - Undefined Weak Reference
    _clock_init                               - Undefined Weak Reference
    _microlib_exit                            - Undefined Weak Reference
    __Vectors_Size                           0x00000130   Number         0  startup_stm32f103xe.o ABSOLUTE
    __Vectors                                0x08000000   Data           4  startup_stm32f103xe.o(RESET)
    __Vectors_End                            0x08000130   Data           0  startup_stm32f103xe.o(RESET)
    __main                                   0x08000131   Thumb Code     0  entry.o(.ARM.Collect$$$$00000000)
    _main_stk                                0x08000131   Thumb Code     0  entry2.o(.ARM.Collect$$$$00000001)
    _main_scatterload                        0x08000135   Thumb Code     0  entry5.o(.ARM.Collect$$$$00000004)
    __main_after_scatterload                 0x08000139   Thumb Code     0  entry5.o(.ARM.Collect$$$$00000004)
    _main_clock                              0x08000139   Thumb Code     0  entry7b.o(.ARM.Collect$$$$00000008)
    _main_cpp_init                           0x08000139   Thumb Code     0  entry8b.o(.ARM.Collect$$$$0000000A)
    _main_init                               0x08000139   Thumb Code     0  entry9a.o(.ARM.Collect$$$$0000000B)
    __rt_final_cpp                           0x08000141   Thumb Code     0  entry10a.o(.ARM.Collect$$$$0000000D)
    __rt_final_exit                          0x08000141   Thumb Code     0  entry11a.o(.ARM.Collect$$$$0000000F)
    Reset_Handler                            0x08000145   Thumb Code     8  startup_stm32f103xe.o(.text)
    ADC1_2_IRQHandler                        0x0800015f   Thumb Code     0  startup_stm32f103xe.o(.text)
    ADC3_IRQHandler                          0x0800015f   Thumb Code     0  startup_stm32f103xe.o(.text)
    CAN1_RX1_IRQHandler                      0x0800015f   Thumb Code     0  startup_stm32f103xe.o(.text)
    CAN1_SCE_IRQHandler                      0x0800015f   Thumb Code     0  startup_stm32f103xe.o(.text)
    DMA1_Channel1_IRQHandler                 0x0800015f   Thumb Code     0  startup_stm32f103xe.o(.text)
    DMA1_Channel2_IRQHandler                 0x0800015f   Thumb Code     0  startup_stm32f103xe.o(.text)
    DMA1_Channel3_IRQHandler                 0x0800015f   Thumb Code     0  startup_stm32f103xe.o(.text)
    DMA1_Channel4_IRQHandler                 0x0800015f   Thumb Code     0  startup_stm32f103xe.o(.text)
    DMA1_Channel5_IRQHandler                 0x0800015f   Thumb Code     0  startup_stm32f103xe.o(.text)
    DMA1_Channel6_IRQHandler                 0x0800015f   Thumb Code     0  startup_stm32f103xe.o(.text)
    DMA1_Channel7_IRQHandler                 0x0800015f   Thumb Code     0  startup_stm32f103xe.o(.text)
    DMA2_Channel1_IRQHandler                 0x0800015f   Thumb Code     0  startup_stm32f103xe.o(.text)
    DMA2_Channel2_IRQHandler                 0x0800015f   Thumb Code     0  startup_stm32f103xe.o(.text)
    DMA2_Channel3_IRQHandler                 0x0800015f   Thumb Code     0  startup_stm32f103xe.o(.text)
    DMA2_Channel4_5_IRQHandler               0x0800015f   Thumb Code     0  startup_stm32f103xe.o(.text)
    EXTI0_IRQHandler                         0x0800015f   Thumb Code     0  startup_stm32f103xe.o(.text)
    EXTI1_IRQHandler                         0x0800015f   Thumb Code     0  startup_stm32f103xe.o(.text)
    EXTI2_IRQHandler                         0x0800015f   Thumb Code     0  startup_stm32f103xe.o(.text)
    EXTI3_IRQHandler                         0x0800015f   Thumb Code     0  startup_stm32f103xe.o(.text)
    EXTI4_IRQHandler                         0x0800015f   Thumb Code     0  startup_stm32f103xe.o(.text)
    EXTI9_5_IRQHandler                       0x0800015f   Thumb Code     0  startup_stm32f103xe.o(.text)
    FLASH_IRQHandler                         0x0800015f   Thumb Code     0  startup_stm32f103xe.o(.text)
    FSMC_IRQHandler                          0x0800015f   Thumb Code     0  startup_stm32f103xe.o(.text)
    I2C1_ER_IRQHandler                       0x0800015f   Thumb Code     0  startup_stm32f103xe.o(.text)
    I2C1_EV_IRQHandler                       0x0800015f   Thumb Code     0  startup_stm32f103xe.o(.text)
    I2C2_ER_IRQHandler                       0x0800015f   Thumb Code     0  startup_stm32f103xe.o(.text)
    I2C2_EV_IRQHandler                       0x0800015f   Thumb Code     0  startup_stm32f103xe.o(.text)
    PVD_IRQHandler                           0x0800015f   Thumb Code     0  startup_stm32f103xe.o(.text)
    RCC_IRQHandler                           0x0800015f   Thumb Code     0  startup_stm32f103xe.o(.text)
    RTC_Alarm_IRQHandler                     0x0800015f   Thumb Code     0  startup_stm32f103xe.o(.text)
    RTC_IRQHandler                           0x0800015f   Thumb Code     0  startup_stm32f103xe.o(.text)
    SDIO_IRQHandler                          0x0800015f   Thumb Code     0  startup_stm32f103xe.o(.text)
    SPI1_IRQHandler                          0x0800015f   Thumb Code     0  startup_stm32f103xe.o(.text)
    SPI2_IRQHandler                          0x0800015f   Thumb Code     0  startup_stm32f103xe.o(.text)
    SPI3_IRQHandler                          0x0800015f   Thumb Code     0  startup_stm32f103xe.o(.text)
    TAMPER_IRQHandler                        0x0800015f   Thumb Code     0  startup_stm32f103xe.o(.text)
    TIM1_BRK_IRQHandler                      0x0800015f   Thumb Code     0  startup_stm32f103xe.o(.text)
    TIM1_CC_IRQHandler                       0x0800015f   Thumb Code     0  startup_stm32f103xe.o(.text)
    TIM1_TRG_COM_IRQHandler                  0x0800015f   Thumb Code     0  startup_stm32f103xe.o(.text)
    TIM1_UP_IRQHandler                       0x0800015f   Thumb Code     0  startup_stm32f103xe.o(.text)
    TIM2_IRQHandler                          0x0800015f   Thumb Code     0  startup_stm32f103xe.o(.text)
    TIM3_IRQHandler                          0x0800015f   Thumb Code     0  startup_stm32f103xe.o(.text)
    TIM4_IRQHandler                          0x0800015f   Thumb Code     0  startup_stm32f103xe.o(.text)
    TIM5_IRQHandler                          0x0800015f   Thumb Code     0  startup_stm32f103xe.o(.text)
    TIM6_IRQHandler                          0x0800015f   Thumb Code     0  startup_stm32f103xe.o(.text)
    TIM7_IRQHandler                          0x0800015f   Thumb Code     0  startup_stm32f103xe.o(.text)
    TIM8_BRK_IRQHandler                      0x0800015f   Thumb Code     0  startup_stm32f103xe.o(.text)
    TIM8_CC_IRQHandler                       0x0800015f   Thumb Code     0  startup_stm32f103xe.o(.text)
    TIM8_TRG_COM_IRQHandler                  0x0800015f   Thumb Code     0  startup_stm32f103xe.o(.text)
    TIM8_UP_IRQHandler                       0x0800015f   Thumb Code     0  startup_stm32f103xe.o(.text)
    UART4_IRQHandler                         0x0800015f   Thumb Code     0  startup_stm32f103xe.o(.text)
    UART5_IRQHandler                         0x0800015f   Thumb Code     0  startup_stm32f103xe.o(.text)
    USART2_IRQHandler                        0x0800015f   Thumb Code     0  startup_stm32f103xe.o(.text)
    USBWakeUp_IRQHandler                     0x0800015f   Thumb Code     0  startup_stm32f103xe.o(.text)
    USB_HP_CAN1_TX_IRQHandler                0x0800015f   Thumb Code     0  startup_stm32f103xe.o(.text)
    USB_LP_CAN1_RX0_IRQHandler               0x0800015f   Thumb Code     0  startup_stm32f103xe.o(.text)
    WWDG_IRQHandler                          0x0800015f   Thumb Code     0  startup_stm32f103xe.o(.text)
    __aeabi_memset                           0x08000169   Thumb Code    14  memseta.o(.text)
    __aeabi_memset4                          0x08000169   Thumb Code     0  memseta.o(.text)
    __aeabi_memset8                          0x08000169   Thumb Code     0  memseta.o(.text)
    __aeabi_memclr                           0x08000177   Thumb Code     4  memseta.o(.text)
    __aeabi_memclr4                          0x08000177   Thumb Code     0  memseta.o(.text)
    __aeabi_memclr8                          0x08000177   Thumb Code     0  memseta.o(.text)
    _memset$wrapper                          0x0800017b   Thumb Code    18  memseta.o(.text)
    strcmp                                   0x0800018d   Thumb Code    28  strcmp.o(.text)
    __aeabi_uidiv                            0x080001a9   Thumb Code     0  uidiv.o(.text)
    __aeabi_uidivmod                         0x080001a9   Thumb Code    44  uidiv.o(.text)
    __aeabi_uldivmod                         0x080001d5   Thumb Code    98  uldiv.o(.text)
    __I$use$fp                               0x08000237   Thumb Code     0  iusefp.o(.text)
    __aeabi_dadd                             0x08000237   Thumb Code   322  dadd.o(.text)
    __aeabi_dsub                             0x08000379   Thumb Code     6  dadd.o(.text)
    __aeabi_drsub                            0x0800037f   Thumb Code     6  dadd.o(.text)
    __aeabi_dmul                             0x08000385   Thumb Code   228  dmul.o(.text)
    __aeabi_ddiv                             0x08000469   Thumb Code   222  ddiv.o(.text)
    __aeabi_d2ulz                            0x08000547   Thumb Code    48  dfixul.o(.text)
    __aeabi_cdrcmple                         0x08000579   Thumb Code    48  cdrcmple.o(.text)
    __scatterload                            0x080005a9   Thumb Code    38  init.o(.text)
    __scatterload_rt2                        0x080005a9   Thumb Code     0  init.o(.text)
    __aeabi_llsl                             0x080005d9   Thumb Code    30  llshl.o(.text)
    _ll_shift_l                              0x080005d9   Thumb Code     0  llshl.o(.text)
    __aeabi_llsr                             0x080005f7   Thumb Code    32  llushr.o(.text)
    _ll_ushift_r                             0x080005f7   Thumb Code     0  llushr.o(.text)
    __aeabi_lasr                             0x08000617   Thumb Code    36  llsshr.o(.text)
    _ll_sshift_r                             0x08000617   Thumb Code     0  llsshr.o(.text)
    _double_round                            0x0800063b   Thumb Code    30  depilogue.o(.text)
    _double_epilogue                         0x08000659   Thumb Code   156  depilogue.o(.text)
    AddDisplayDeviceOLED                     0x080006f5   Thumb Code    16  oled_device.o(.text.AddDisplayDeviceOLED)
    AddDisplayDevices                        0x08000705   Thumb Code     8  display_system.o(.text.AddDisplayDevices)
    BusFault_Handler                         0x0800070d   Thumb Code     4  stm32f1xx_it.o(.text.BusFault_Handler)
    CAL_GetTime                              0x08000711   Thumb Code     8  cal_time.o(.text.CAL_GetTime)
    CAL_OLEDDeviceFlush                      0x08000719   Thumb Code    18  cal_oled_device.o(.text.CAL_OLEDDeviceFlush)
    CAL_OLEDDeviceInit                       0x0800072d   Thumb Code    20  cal_oled_device.o(.text.CAL_OLEDDeviceInit)
    DebugMon_Handler                         0x08000741   Thumb Code     2  stm32f1xx_it.o(.text.DebugMon_Handler)
    DisplayDeviceRegister                    0x08000745   Thumb Code    26  display_device.o(.text.DisplayDeviceRegister)
    EXTI15_10_IRQHandler                     0x08000761   Thumb Code    20  driver_key.o(.text.EXTI15_10_IRQHandler)
    EnableDebugIRQ                           0x08000775   Thumb Code    44  driver_usart.o(.text.EnableDebugIRQ)
    Error_Handler                            0x080007a1   Thumb Code    14  main.o(.text.Error_Handler)
    GetDisplayDevice                         0x080007b1   Thumb Code    16  display_system.o(.text.GetDisplayDevice)
    HAL_DMA_Abort                            0x080007c1   Thumb Code   124  stm32f1xx_hal_dma.o(.text.HAL_DMA_Abort)
    HAL_DMA_Abort_IT                         0x0800083d   Thumb Code   792  stm32f1xx_hal_dma.o(.text.HAL_DMA_Abort_IT)
    HAL_GPIO_DeInit                          0x08000b55   Thumb Code   470  stm32f1xx_hal_gpio.o(.text.HAL_GPIO_DeInit)
    HAL_GPIO_EXTI_Callback                   0x08000d2d   Thumb Code   134  driver_key.o(.text.HAL_GPIO_EXTI_Callback)
    HAL_GPIO_EXTI_IRQHandler                 0x08000db5   Thumb Code    56  stm32f1xx_hal_gpio.o(.text.HAL_GPIO_EXTI_IRQHandler)
    HAL_GPIO_Init                            0x08000ded   Thumb Code   854  stm32f1xx_hal_gpio.o(.text.HAL_GPIO_Init)
    HAL_GPIO_ReadPin                         0x08001145   Thumb Code    46  stm32f1xx_hal_gpio.o(.text.HAL_GPIO_ReadPin)
    HAL_GPIO_WritePin                        0x08001175   Thumb Code    46  stm32f1xx_hal_gpio.o(.text.HAL_GPIO_WritePin)
    HAL_GetTick                              0x080011a5   Thumb Code    12  stm32f1xx_hal.o(.text.HAL_GetTick)
    HAL_IncTick                              0x080011b1   Thumb Code    26  stm32f1xx_hal.o(.text.HAL_IncTick)
    HAL_Init                                 0x080011cd   Thumb Code    44  stm32f1xx_hal.o(.text.HAL_Init)
    HAL_InitTick                             0x080011f9   Thumb Code   112  stm32f1xx_hal.o(.text.HAL_InitTick)
    HAL_MspInit                              0x08001269   Thumb Code   100  stm32f1xx_hal_msp.o(.text.HAL_MspInit)
    HAL_NVIC_EnableIRQ                       0x080012cd   Thumb Code    20  stm32f1xx_hal_cortex.o(.text.HAL_NVIC_EnableIRQ)
    HAL_NVIC_SetPriority                     0x080012e1   Thumb Code    50  stm32f1xx_hal_cortex.o(.text.HAL_NVIC_SetPriority)
    HAL_NVIC_SetPriorityGrouping             0x08001315   Thumb Code    16  stm32f1xx_hal_cortex.o(.text.HAL_NVIC_SetPriorityGrouping)
    HAL_RCC_ClockConfig                      0x08001325   Thumb Code   598  stm32f1xx_hal_rcc.o(.text.HAL_RCC_ClockConfig)
    HAL_RCC_GetHCLKFreq                      0x0800157d   Thumb Code    12  stm32f1xx_hal_rcc.o(.text.HAL_RCC_GetHCLKFreq)
    HAL_RCC_GetPCLK1Freq                     0x08001589   Thumb Code    34  stm32f1xx_hal_rcc.o(.text.HAL_RCC_GetPCLK1Freq)
    HAL_RCC_GetPCLK2Freq                     0x080015ad   Thumb Code    34  stm32f1xx_hal_rcc.o(.text.HAL_RCC_GetPCLK2Freq)
    HAL_RCC_GetSysClockFreq                  0x080015d1   Thumb Code   228  stm32f1xx_hal_rcc.o(.text.HAL_RCC_GetSysClockFreq)
    HAL_RCC_OscConfig                        0x080016b5   Thumb Code  1658  stm32f1xx_hal_rcc.o(.text.HAL_RCC_OscConfig)
    HAL_SYSTICK_Config                       0x08001d31   Thumb Code    16  stm32f1xx_hal_cortex.o(.text.HAL_SYSTICK_Config)
    HAL_UARTEx_RxEventCallback               0x08001d41   Thumb Code    12  stm32f1xx_hal_uart.o(.text.HAL_UARTEx_RxEventCallback)
    HAL_UART_ErrorCallback                   0x08001d4d   Thumb Code     8  stm32f1xx_hal_uart.o(.text.HAL_UART_ErrorCallback)
    HAL_UART_IRQHandler                      0x08001d55   Thumb Code   836  stm32f1xx_hal_uart.o(.text.HAL_UART_IRQHandler)
    HAL_UART_Init                            0x08002099   Thumb Code   154  stm32f1xx_hal_uart.o(.text.HAL_UART_Init)
    HAL_UART_MspInit                         0x08002135   Thumb Code   348  usart.o(.text.HAL_UART_MspInit)
    HAL_UART_RxCpltCallback                  0x08002291   Thumb Code    40  driver_usart.o(.text.HAL_UART_RxCpltCallback)
    HAL_UART_Transmit_IT                     0x080022b9   Thumb Code   162  stm32f1xx_hal_uart.o(.text.HAL_UART_Transmit_IT)
    HAL_UART_TxCpltCallback                  0x0800235d   Thumb Code    40  driver_usart.o(.text.HAL_UART_TxCpltCallback)
    HardFault_Handler                        0x08002385   Thumb Code     4  stm32f1xx_it.o(.text.HardFault_Handler)
    I2C_Delay                                0x08002389   Thumb Code    26  driver_i2c.o(.text.I2C_Delay)
    I2C_GPIO_ReInit                          0x080023a5   Thumb Code   122  driver_i2c.o(.text.I2C_GPIO_ReInit)
    I2C_GetAck                               0x08002421   Thumb Code   160  driver_i2c.o(.text.I2C_GetAck)
    I2C_Start                                0x080024c1   Thumb Code    68  driver_i2c.o(.text.I2C_Start)
    I2C_Stop                                 0x08002505   Thumb Code    68  driver_i2c.o(.text.I2C_Stop)
    I2C_WriteByte                            0x08002549   Thumb Code   162  driver_i2c.o(.text.I2C_WriteByte)
    KAL_GetTime                              0x080025ed   Thumb Code     8  kal_time.o(.text.KAL_GetTime)
    KAL_OLEDDeviceFlush                      0x080025f5   Thumb Code    16  kal_oled_device.o(.text.KAL_OLEDDeviceFlush)
    KAL_OLEDDeviceInit                       0x08002605   Thumb Code    16  kal_oled_device.o(.text.KAL_OLEDDeviceInit)
    MX_GPIO_Init                             0x08002615   Thumb Code   330  gpio.o(.text.MX_GPIO_Init)
    MX_USART1_UART_Init                      0x08002761   Thumb Code    64  usart.o(.text.MX_USART1_UART_Init)
    MX_USART3_UART_Init                      0x080027a1   Thumb Code    64  usart.o(.text.MX_USART3_UART_Init)
    MemManage_Handler                        0x080027e1   Thumb Code     4  stm32f1xx_it.o(.text.MemManage_Handler)
    NMI_Handler                              0x080027e5   Thumb Code     4  stm32f1xx_it.o(.text.NMI_Handler)
    OLED_Copy                                0x08002905   Thumb Code    72  driver_oled.o(.text.OLED_Copy)
    OLED_Init                                0x0800294d   Thumb Code   102  driver_oled.o(.text.OLED_Init)
    OLED_SetChargePump                       0x080029b5   Thumb Code    56  driver_oled.o(.text.OLED_SetChargePump)
    OLED_SetColAddr_PAGE                     0x080029ed   Thumb Code    68  driver_oled.o(.text.OLED_SetColAddr_PAGE)
    OLED_SetComConfig                        0x08002a31   Thumb Code    86  driver_oled.o(.text.OLED_SetComConfig)
    OLED_SetContrastValue                    0x08002a89   Thumb Code    26  driver_oled.o(.text.OLED_SetContrastValue)
    OLED_SetDCLK_Freq                        0x08002aa5   Thumb Code    64  driver_oled.o(.text.OLED_SetDCLK_Freq)
    OLED_SetDispOffset                       0x08002ae5   Thumb Code    40  driver_oled.o(.text.OLED_SetDispOffset)
    OLED_SetDispStartLine                    0x08002b0d   Thumb Code    38  driver_oled.o(.text.OLED_SetDispStartLine)
    OLED_SetMemAddrMode                      0x08002b35   Thumb Code    72  driver_oled.o(.text.OLED_SetMemAddrMode)
    OLED_SetMuxRatio                         0x08002b7d   Thumb Code    50  driver_oled.o(.text.OLED_SetMuxRatio)
    OLED_SetPageAddr_PAGE                    0x08002bb1   Thumb Code    56  driver_oled.o(.text.OLED_SetPageAddr_PAGE)
    OLED_SetPosition                         0x08002be9   Thumb Code    32  driver_oled.o(.text.OLED_SetPosition)
    OLED_WriteCmd                            0x08002c09   Thumb Code    40  driver_oled.o(.text.OLED_WriteCmd)
    OLED_WriteNBytes                         0x08002c31   Thumb Code    98  driver_oled.o(.text.OLED_WriteNBytes)
    PendSV_Handler                           0x08002c95   Thumb Code     2  stm32f1xx_it.o(.text.PendSV_Handler)
    PutInputEvent                            0x08002c99   Thumb Code   192  input_buffer.o(.text.PutInputEvent)
    SVC_Handler                              0x08002d95   Thumb Code     2  stm32f1xx_it.o(.text.SVC_Handler)
    SysTick_Handler                          0x08002ded   Thumb Code     8  stm32f1xx_it.o(.text.SysTick_Handler)
    SystemClock_Config                       0x08002df5   Thumb Code   108  main.o(.text.SystemClock_Config)
    SystemInit                               0x08002e61   Thumb Code     2  system_stm32f1xx.o(.text.SystemInit)
    USART1_IRQHandler                        0x08003191   Thumb Code    76  driver_usart.o(.text.USART1_IRQHandler)
    USART3_IRQHandler                        0x080031dd   Thumb Code    16  stm32f1xx_it.o(.text.USART3_IRQHandler)
    UsageFault_Handler                       0x080031ed   Thumb Code     4  stm32f1xx_it.o(.text.UsageFault_Handler)
    __GetDisplayDevice                       0x080031f1   Thumb Code    68  display_device.o(.text.__GetDisplayDevice)
    display_test                             0x080032f5   Thumb Code   184  display_test.o(.text.display_test)
    fputc                                    0x080033ad   Thumb Code    60  driver_usart.o(.text.fputc)
    main                                     0x080033e9   Thumb Code    64  main.o(.text.main)
    ring_buffer_init                         0x08003429   Thumb Code    22  ring_buffer.o(.text.ring_buffer_init)
    ring_buffer_write                        0x08003441   Thumb Code    62  ring_buffer.o(.text.ring_buffer_write)
    __0printf                                0x08003481   Thumb Code    22  printfa.o(i.__0printf)
    __1printf                                0x08003481   Thumb Code     0  printfa.o(i.__0printf)
    __2printf                                0x08003481   Thumb Code     0  printfa.o(i.__0printf)
    __c89printf                              0x08003481   Thumb Code     0  printfa.o(i.__0printf)
    printf                                   0x08003481   Thumb Code     0  printfa.o(i.__0printf)
    __scatterload_copy                       0x080034a1   Thumb Code    14  handlers.o(i.__scatterload_copy)
    __scatterload_null                       0x080034af   Thumb Code     2  handlers.o(i.__scatterload_null)
    __scatterload_zeroinit                   0x080034b1   Thumb Code    14  handlers.o(i.__scatterload_zeroinit)
    AHBPrescTable                            0x08003d72   Data          16  system_stm32f1xx.o(.rodata.AHBPrescTable)
    APBPrescTable                            0x08003d82   Data           8  system_stm32f1xx.o(.rodata.APBPrescTable)
    Region$$Table$$Base                      0x08003dc0   Number         0  anon$$obj.o(Region$$Table)
    Region$$Table$$Limit                     0x08003de0   Number         0  anon$$obj.o(Region$$Table)
    __stdout                                 0x20000000   Data           4  stdout.o(.data)
    SystemCoreClock                          0x20000004   Data           4  system_stm32f1xx.o(.data.SystemCoreClock)
    uwTickFreq                               0x20000031   Data           1  stm32f1xx_hal.o(.data.uwTickFreq)
    uwTickPrio                               0x20000034   Data           4  stm32f1xx_hal.o(.data.uwTickPrio)
    huart1                                   0x200005fc   Data          68  usart.o(.bss.huart1)
    huart3                                   0x20000640   Data          68  usart.o(.bss.huart3)
    test_buffer                              0x20000688   Data        1032  main.o(.bss.test_buffer)
    uwTick                                   0x20000a94   Data           4  stm32f1xx_hal.o(.bss.uwTick)
    __initial_sp                             0x20000e98   Data           0  startup_stm32f103xe.o(STACK)



==============================================================================

Memory Map of the image

  Image Entry point : 0x08000131

  Load Region LR_IROM1 (Base: 0x08000000, Size: 0x00003e18, Max: 0x00080000, ABSOLUTE)

    Execution Region ER_IROM1 (Exec base: 0x08000000, Load base: 0x08000000, Size: 0x00003de0, Max: 0x00080000, ABSOLUTE)

    Exec Addr    Load Addr    Size         Type   Attr      Idx    E Section Name        Object

    0x08000000   0x08000000   0x00000130   Data   RO            3    RESET               startup_stm32f103xe.o
    0x08000130   0x08000130   0x00000000   Code   RO          978  * .ARM.Collect$$$$00000000  mc_w.l(entry.o)
    0x08000130   0x08000130   0x00000004   Code   RO         1013    .ARM.Collect$$$$00000001  mc_w.l(entry2.o)
    0x08000134   0x08000134   0x00000004   Code   RO         1016    .ARM.Collect$$$$00000004  mc_w.l(entry5.o)
    0x08000138   0x08000138   0x00000000   Code   RO         1018    .ARM.Collect$$$$00000008  mc_w.l(entry7b.o)
    0x08000138   0x08000138   0x00000000   Code   RO         1020    .ARM.Collect$$$$0000000A  mc_w.l(entry8b.o)
    0x08000138   0x08000138   0x00000008   Code   RO         1021    .ARM.Collect$$$$0000000B  mc_w.l(entry9a.o)
    0x08000140   0x08000140   0x00000000   Code   RO         1023    .ARM.Collect$$$$0000000D  mc_w.l(entry10a.o)
    0x08000140   0x08000140   0x00000000   Code   RO         1025    .ARM.Collect$$$$0000000F  mc_w.l(entry11a.o)
    0x08000140   0x08000140   0x00000004   Code   RO         1014    .ARM.Collect$$$$00002712  mc_w.l(entry2.o)
    0x08000144   0x08000144   0x00000024   Code   RO            4    .text               startup_stm32f103xe.o
    0x08000168   0x08000168   0x00000024   Code   RO          981    .text               mc_w.l(memseta.o)
    0x0800018c   0x0800018c   0x0000001c   Code   RO          983    .text               mc_w.l(strcmp.o)
    0x080001a8   0x080001a8   0x0000002c   Code   RO         1037    .text               mc_w.l(uidiv.o)
    0x080001d4   0x080001d4   0x00000062   Code   RO         1039    .text               mc_w.l(uldiv.o)
    0x08000236   0x08000236   0x00000000   Code   RO         1041    .text               mc_w.l(iusefp.o)
    0x08000236   0x08000236   0x0000014e   Code   RO         1042    .text               mf_w.l(dadd.o)
    0x08000384   0x08000384   0x000000e4   Code   RO         1044    .text               mf_w.l(dmul.o)
    0x08000468   0x08000468   0x000000de   Code   RO         1046    .text               mf_w.l(ddiv.o)
    0x08000546   0x08000546   0x00000030   Code   RO         1048    .text               mf_w.l(dfixul.o)
    0x08000576   0x08000576   0x00000002   PAD
    0x08000578   0x08000578   0x00000030   Code   RO         1050    .text               mf_w.l(cdrcmple.o)
    0x080005a8   0x080005a8   0x00000030   Code   RO         1052    .text               mc_w.l(init.o)
    0x080005d8   0x080005d8   0x0000001e   Code   RO         1054    .text               mc_w.l(llshl.o)
    0x080005f6   0x080005f6   0x00000020   Code   RO         1056    .text               mc_w.l(llushr.o)
    0x08000616   0x08000616   0x00000024   Code   RO         1058    .text               mc_w.l(llsshr.o)
    0x0800063a   0x0800063a   0x000000ba   Code   RO         1060    .text               mf_w.l(depilogue.o)
    0x080006f4   0x080006f4   0x00000010   Code   RO          961    .text.AddDisplayDeviceOLED  oled_device.o
    0x08000704   0x08000704   0x00000008   Code   RO          950    .text.AddDisplayDevices  display_system.o
    0x0800070c   0x0800070c   0x00000004   Code   RO           58    .text.BusFault_Handler  stm32f1xx_it.o
    0x08000710   0x08000710   0x00000008   Code   RO          826    .text.CAL_GetTime   cal_time.o
    0x08000718   0x08000718   0x00000012   Code   RO          850    .text.CAL_OLEDDeviceFlush  cal_oled_device.o
    0x0800072a   0x0800072a   0x00000002   PAD
    0x0800072c   0x0800072c   0x00000014   Code   RO          848    .text.CAL_OLEDDeviceInit  cal_oled_device.o
    0x08000740   0x08000740   0x00000002   Code   RO           64    .text.DebugMon_Handler  stm32f1xx_it.o
    0x08000742   0x08000742   0x00000002   PAD
    0x08000744   0x08000744   0x0000001a   Code   RO          938    .text.DisplayDeviceRegister  display_device.o
    0x0800075e   0x0800075e   0x00000002   PAD
    0x08000760   0x08000760   0x00000014   Code   RO          661    .text.EXTI15_10_IRQHandler  driver_key.o
    0x08000774   0x08000774   0x0000002c   Code   RO          623    .text.EnableDebugIRQ  driver_usart.o
    0x080007a0   0x080007a0   0x0000000e   Code   RO           15    .text.Error_Handler  main.o
    0x080007ae   0x080007ae   0x00000002   PAD
    0x080007b0   0x080007b0   0x00000010   Code   RO          952    .text.GetDisplayDevice  display_system.o
    0x080007c0   0x080007c0   0x0000007c   Code   RO          378    .text.HAL_DMA_Abort  stm32f1xx_hal_dma.o
    0x0800083c   0x0800083c   0x00000318   Code   RO          380    .text.HAL_DMA_Abort_IT  stm32f1xx_hal_dma.o
    0x08000b54   0x08000b54   0x000001d6   Code   RO          347    .text.HAL_GPIO_DeInit  stm32f1xx_hal_gpio.o
    0x08000d2a   0x08000d2a   0x00000002   PAD
    0x08000d2c   0x08000d2c   0x00000086   Code   RO          663    .text.HAL_GPIO_EXTI_Callback  driver_key.o
    0x08000db2   0x08000db2   0x00000002   PAD
    0x08000db4   0x08000db4   0x00000038   Code   RO          357    .text.HAL_GPIO_EXTI_IRQHandler  stm32f1xx_hal_gpio.o
    0x08000dec   0x08000dec   0x00000356   Code   RO          345    .text.HAL_GPIO_Init  stm32f1xx_hal_gpio.o
    0x08001142   0x08001142   0x00000002   PAD
    0x08001144   0x08001144   0x0000002e   Code   RO          349    .text.HAL_GPIO_ReadPin  stm32f1xx_hal_gpio.o
    0x08001172   0x08001172   0x00000002   PAD
    0x08001174   0x08001174   0x0000002e   Code   RO          351    .text.HAL_GPIO_WritePin  stm32f1xx_hal_gpio.o
    0x080011a2   0x080011a2   0x00000002   PAD
    0x080011a4   0x080011a4   0x0000000c   Code   RO          243    .text.HAL_GetTick   stm32f1xx_hal.o
    0x080011b0   0x080011b0   0x0000001a   Code   RO          241    .text.HAL_IncTick   stm32f1xx_hal.o
    0x080011ca   0x080011ca   0x00000002   PAD
    0x080011cc   0x080011cc   0x0000002c   Code   RO          231    .text.HAL_Init      stm32f1xx_hal.o
    0x080011f8   0x080011f8   0x00000070   Code   RO          233    .text.HAL_InitTick  stm32f1xx_hal.o
    0x08001268   0x08001268   0x00000064   Code   RO           79    .text.HAL_MspInit   stm32f1xx_hal_msp.o
    0x080012cc   0x080012cc   0x00000014   Code   RO          413    .text.HAL_NVIC_EnableIRQ  stm32f1xx_hal_cortex.o
    0x080012e0   0x080012e0   0x00000032   Code   RO          405    .text.HAL_NVIC_SetPriority  stm32f1xx_hal_cortex.o
    0x08001312   0x08001312   0x00000002   PAD
    0x08001314   0x08001314   0x00000010   Code   RO          401    .text.HAL_NVIC_SetPriorityGrouping  stm32f1xx_hal_cortex.o
    0x08001324   0x08001324   0x00000256   Code   RO          297    .text.HAL_RCC_ClockConfig  stm32f1xx_hal_rcc.o
    0x0800157a   0x0800157a   0x00000002   PAD
    0x0800157c   0x0800157c   0x0000000c   Code   RO          307    .text.HAL_RCC_GetHCLKFreq  stm32f1xx_hal_rcc.o
    0x08001588   0x08001588   0x00000022   Code   RO          309    .text.HAL_RCC_GetPCLK1Freq  stm32f1xx_hal_rcc.o
    0x080015aa   0x080015aa   0x00000002   PAD
    0x080015ac   0x080015ac   0x00000022   Code   RO          311    .text.HAL_RCC_GetPCLK2Freq  stm32f1xx_hal_rcc.o
    0x080015ce   0x080015ce   0x00000002   PAD
    0x080015d0   0x080015d0   0x000000e4   Code   RO          299    .text.HAL_RCC_GetSysClockFreq  stm32f1xx_hal_rcc.o
    0x080016b4   0x080016b4   0x0000067a   Code   RO          293    .text.HAL_RCC_OscConfig  stm32f1xx_hal_rcc.o
    0x08001d2e   0x08001d2e   0x00000002   PAD
    0x08001d30   0x08001d30   0x00000010   Code   RO          425    .text.HAL_SYSTICK_Config  stm32f1xx_hal_cortex.o
    0x08001d40   0x08001d40   0x0000000c   Code   RO          192    .text.HAL_UARTEx_RxEventCallback  stm32f1xx_hal_uart.o
    0x08001d4c   0x08001d4c   0x00000008   Code   RO          190    .text.HAL_UART_ErrorCallback  stm32f1xx_hal_uart.o
    0x08001d54   0x08001d54   0x00000344   Code   RO          184    .text.HAL_UART_IRQHandler  stm32f1xx_hal_uart.o
    0x08002098   0x08002098   0x0000009a   Code   RO          102    .text.HAL_UART_Init  stm32f1xx_hal_uart.o
    0x08002132   0x08002132   0x00000002   PAD
    0x08002134   0x08002134   0x0000015c   Code   RO           39    .text.HAL_UART_MspInit  usart.o
    0x08002290   0x08002290   0x00000028   Code   RO          633    .text.HAL_UART_RxCpltCallback  driver_usart.o
    0x080022b8   0x080022b8   0x000000a2   Code   RO          124    .text.HAL_UART_Transmit_IT  stm32f1xx_hal_uart.o
    0x0800235a   0x0800235a   0x00000002   PAD
    0x0800235c   0x0800235c   0x00000028   Code   RO          635    .text.HAL_UART_TxCpltCallback  driver_usart.o
    0x08002384   0x08002384   0x00000004   Code   RO           54    .text.HardFault_Handler  stm32f1xx_it.o
    0x08002388   0x08002388   0x0000001a   Code   RO          692    .text.I2C_Delay     driver_i2c.o
    0x080023a2   0x080023a2   0x00000002   PAD
    0x080023a4   0x080023a4   0x0000007a   Code   RO          694    .text.I2C_GPIO_ReInit  driver_i2c.o
    0x0800241e   0x0800241e   0x00000002   PAD
    0x08002420   0x08002420   0x000000a0   Code   RO          700    .text.I2C_GetAck    driver_i2c.o
    0x080024c0   0x080024c0   0x00000044   Code   RO          696    .text.I2C_Start     driver_i2c.o
    0x08002504   0x08002504   0x00000044   Code   RO          698    .text.I2C_Stop      driver_i2c.o
    0x08002548   0x08002548   0x000000a2   Code   RO          706    .text.I2C_WriteByte  driver_i2c.o
    0x080025ea   0x080025ea   0x00000002   PAD
    0x080025ec   0x080025ec   0x00000008   Code   RO          785    .text.KAL_GetTime   kal_time.o
    0x080025f4   0x080025f4   0x00000010   Code   RO          809    .text.KAL_OLEDDeviceFlush  kal_oled_device.o
    0x08002604   0x08002604   0x00000010   Code   RO          807    .text.KAL_OLEDDeviceInit  kal_oled_device.o
    0x08002614   0x08002614   0x0000014a   Code   RO           27    .text.MX_GPIO_Init  gpio.o
    0x0800275e   0x0800275e   0x00000002   PAD
    0x08002760   0x08002760   0x00000040   Code   RO           35    .text.MX_USART1_UART_Init  usart.o
    0x080027a0   0x080027a0   0x00000040   Code   RO           37    .text.MX_USART3_UART_Init  usart.o
    0x080027e0   0x080027e0   0x00000004   Code   RO           56    .text.MemManage_Handler  stm32f1xx_it.o
    0x080027e4   0x080027e4   0x00000004   Code   RO           52    .text.NMI_Handler   stm32f1xx_it.o
    0x080027e8   0x080027e8   0x0000006c   Code   RO          411    .text.NVIC_EncodePriority  stm32f1xx_hal_cortex.o
    0x08002854   0x08002854   0x00000010   Code   RO          965    .text.OLEDDeviceFlush  oled_device.o
    0x08002864   0x08002864   0x00000010   Code   RO          963    .text.OLEDDeviceInit  oled_device.o
    0x08002874   0x08002874   0x00000090   Code   RO          967    .text.OLEDDeviceSetPixel  oled_device.o
    0x08002904   0x08002904   0x00000048   Code   RO          763    .text.OLED_Copy     driver_oled.o
    0x0800294c   0x0800294c   0x00000066   Code   RO          757    .text.OLED_Init     driver_oled.o
    0x080029b2   0x080029b2   0x00000002   PAD
    0x080029b4   0x080029b4   0x00000038   Code   RO          755    .text.OLED_SetChargePump  driver_oled.o
    0x080029ec   0x080029ec   0x00000044   Code   RO          731    .text.OLED_SetColAddr_PAGE  driver_oled.o
    0x08002a30   0x08002a30   0x00000056   Code   RO          747    .text.OLED_SetComConfig  driver_oled.o
    0x08002a86   0x08002a86   0x00000002   PAD
    0x08002a88   0x08002a88   0x0000001a   Code   RO          723    .text.OLED_SetContrastValue  driver_oled.o
    0x08002aa2   0x08002aa2   0x00000002   PAD
    0x08002aa4   0x08002aa4   0x00000040   Code   RO          749    .text.OLED_SetDCLK_Freq  driver_oled.o
    0x08002ae4   0x08002ae4   0x00000028   Code   RO          745    .text.OLED_SetDispOffset  driver_oled.o
    0x08002b0c   0x08002b0c   0x00000026   Code   RO          741    .text.OLED_SetDispStartLine  driver_oled.o
    0x08002b32   0x08002b32   0x00000002   PAD
    0x08002b34   0x08002b34   0x00000048   Code   RO          733    .text.OLED_SetMemAddrMode  driver_oled.o
    0x08002b7c   0x08002b7c   0x00000032   Code   RO          743    .text.OLED_SetMuxRatio  driver_oled.o
    0x08002bae   0x08002bae   0x00000002   PAD
    0x08002bb0   0x08002bb0   0x00000038   Code   RO          739    .text.OLED_SetPageAddr_PAGE  driver_oled.o
    0x08002be8   0x08002be8   0x00000020   Code   RO          759    .text.OLED_SetPosition  driver_oled.o
    0x08002c08   0x08002c08   0x00000028   Code   RO          717    .text.OLED_WriteCmd  driver_oled.o
    0x08002c30   0x08002c30   0x00000062   Code   RO          721    .text.OLED_WriteNBytes  driver_oled.o
    0x08002c92   0x08002c92   0x00000002   PAD
    0x08002c94   0x08002c94   0x00000002   Code   RO           66    .text.PendSV_Handler  stm32f1xx_it.o
    0x08002c96   0x08002c96   0x00000002   PAD
    0x08002c98   0x08002c98   0x000000c0   Code   RO          872    .text.PutInputEvent  input_buffer.o
    0x08002d58   0x08002d58   0x0000003a   Code   RO          295    .text.RCC_Delay     stm32f1xx_hal_rcc.o
    0x08002d92   0x08002d92   0x00000002   PAD
    0x08002d94   0x08002d94   0x00000002   Code   RO           62    .text.SVC_Handler   stm32f1xx_it.o
    0x08002d96   0x08002d96   0x00000002   PAD
    0x08002d98   0x08002d98   0x00000052   Code   RO          427    .text.SysTick_Config  stm32f1xx_hal_cortex.o
    0x08002dea   0x08002dea   0x00000002   PAD
    0x08002dec   0x08002dec   0x00000008   Code   RO           68    .text.SysTick_Handler  stm32f1xx_it.o
    0x08002df4   0x08002df4   0x0000006c   Code   RO           13    .text.SystemClock_Config  main.o
    0x08002e60   0x08002e60   0x00000002   Code   RO          609    .text.SystemInit    system_stm32f1xx.o
    0x08002e62   0x08002e62   0x00000002   PAD
    0x08002e64   0x08002e64   0x00000020   Code   RO          188    .text.UART_DMAAbortOnError  stm32f1xx_hal_uart.o
    0x08002e84   0x08002e84   0x00000046   Code   RO          150    .text.UART_EndRxTransfer  stm32f1xx_hal_uart.o
    0x08002eca   0x08002eca   0x00000002   PAD
    0x08002ecc   0x08002ecc   0x00000026   Code   RO          196    .text.UART_EndTransmit_IT  stm32f1xx_hal_uart.o
    0x08002ef2   0x08002ef2   0x00000002   PAD
    0x08002ef4   0x08002ef4   0x0000014a   Code   RO          186    .text.UART_Receive_IT  stm32f1xx_hal_uart.o
    0x0800303e   0x0800303e   0x00000002   PAD
    0x08003040   0x08003040   0x000000ba   Code   RO          106    .text.UART_SetConfig  stm32f1xx_hal_uart.o
    0x080030fa   0x080030fa   0x00000002   PAD
    0x080030fc   0x080030fc   0x00000094   Code   RO          194    .text.UART_Transmit_IT  stm32f1xx_hal_uart.o
    0x08003190   0x08003190   0x0000004c   Code   RO          631    .text.USART1_IRQHandler  driver_usart.o
    0x080031dc   0x080031dc   0x00000010   Code   RO           70    .text.USART3_IRQHandler  stm32f1xx_it.o
    0x080031ec   0x080031ec   0x00000004   Code   RO           60    .text.UsageFault_Handler  stm32f1xx_it.o
    0x080031f0   0x080031f0   0x00000044   Code   RO          940    .text.__GetDisplayDevice  display_device.o
    0x08003234   0x08003234   0x00000030   Code   RO          415    .text.__NVIC_EnableIRQ  stm32f1xx_hal_cortex.o
    0x08003264   0x08003264   0x00000010   Code   RO          407    .text.__NVIC_GetPriorityGrouping  stm32f1xx_hal_cortex.o
    0x08003274   0x08003274   0x00000042   Code   RO          409    .text.__NVIC_SetPriority  stm32f1xx_hal_cortex.o
    0x080032b6   0x080032b6   0x00000002   PAD
    0x080032b8   0x080032b8   0x0000003c   Code   RO          403    .text.__NVIC_SetPriorityGrouping  stm32f1xx_hal_cortex.o
    0x080032f4   0x080032f4   0x000000b8   Code   RO          915    .text.display_test  display_test.o
    0x080033ac   0x080033ac   0x0000003c   Code   RO          627    .text.fputc         driver_usart.o
    0x080033e8   0x080033e8   0x00000040   Code   RO           11    .text.main          main.o
    0x08003428   0x08003428   0x00000016   Code   RO          646    .text.ring_buffer_init  ring_buffer.o
    0x0800343e   0x0800343e   0x00000002   PAD
    0x08003440   0x08003440   0x0000003e   Code   RO          648    .text.ring_buffer_write  ring_buffer.o
    0x0800347e   0x0800347e   0x00000002   PAD
    0x08003480   0x08003480   0x00000020   Code   RO          986    i.__0printf         mc_w.l(printfa.o)
    0x080034a0   0x080034a0   0x0000000e   Code   RO         1064    i.__scatterload_copy  mc_w.l(handlers.o)
    0x080034ae   0x080034ae   0x00000002   Code   RO         1065    i.__scatterload_null  mc_w.l(handlers.o)
    0x080034b0   0x080034b0   0x0000000e   Code   RO         1066    i.__scatterload_zeroinit  mc_w.l(handlers.o)
    0x080034be   0x080034be   0x00000002   PAD
    0x080034c0   0x080034c0   0x00000184   Code   RO          993    i._fp_digits        mc_w.l(printfa.o)
    0x08003644   0x08003644   0x000006dc   Code   RO          994    i._printf_core      mc_w.l(printfa.o)
    0x08003d20   0x08003d20   0x00000024   Code   RO          995    i._printf_post_padding  mc_w.l(printfa.o)
    0x08003d44   0x08003d44   0x0000002e   Code   RO          996    i._printf_pre_padding  mc_w.l(printfa.o)
    0x08003d72   0x08003d72   0x00000010   Data   RO          614    .rodata.AHBPrescTable  system_stm32f1xx.o
    0x08003d82   0x08003d82   0x00000008   Data   RO          615    .rodata.APBPrescTable  system_stm32f1xx.o
    0x08003d8a   0x08003d8a   0x0000000f   Data   RO           18    .rodata.str1.1      main.o
    0x08003d99   0x08003d99   0x00000024   Data   RO          917    .rodata.str1.1      display_test.o
    0x08003dbd   0x08003dbd   0x00000003   PAD
    0x08003dc0   0x08003dc0   0x00000020   Data   RO         1063    Region$$Table       anon$$obj.o


    Execution Region RW_IRAM1 (Exec base: 0x20000000, Load base: 0x08003de0, Size: 0x00000e98, Max: 0x00010000, ABSOLUTE)

    Exec Addr    Load Addr    Size         Type   Attr      Idx    E Section Name        Object

    0x20000000   0x08003de0   0x00000004   Data   RW         1027    .data               mc_w.l(stdout.o)
    0x20000004   0x08003de4   0x00000004   Data   RW          613    .data.SystemCoreClock  system_stm32f1xx.o
    0x20000008   0x08003de8   0x00000028   Data   RW          969    .data.g_tOLEDDevice  oled_device.o
    0x20000030   0x08003e10   0x00000001   Data   RW          769    .data.mem_mode      driver_oled.o
    0x20000031   0x08003e11   0x00000001   Data   RW          282    .data.uwTickFreq    stm32f1xx_hal.o
    0x20000032   0x08003e12   0x00000002   PAD
    0x20000034   0x08003e14   0x00000004   Data   RW          281    .data.uwTickPrio    stm32f1xx_hal.o
    0x20000038        -       0x00000400   Zero   RW          971    .bss.g_OLEDFramebuffer  oled_device.o
    0x20000438        -       0x00000004   Zero   RW          942    .bss.g_ptDisplayDevices  display_device.o
    0x2000043c        -       0x000001c0   Zero   RW          876    .bss.g_tInputBuffer  input_buffer.o
    0x200005fc        -       0x00000044   Zero   RW           43    .bss.huart1         usart.o
    0x20000640        -       0x00000044   Zero   RW           44    .bss.huart3         usart.o
    0x20000684        -       0x00000001   Zero   RW          638    .bss.rxcplt_flag    driver_usart.o
    0x20000685   0x08003e18   0x00000003   PAD
    0x20000688        -       0x00000408   Zero   RW           17    .bss.test_buffer    main.o
    0x20000a90        -       0x00000001   Zero   RW          637    .bss.txcplt_flag    driver_usart.o
    0x20000a91   0x08003e18   0x00000003   PAD
    0x20000a94        -       0x00000004   Zero   RW          283    .bss.uwTick         stm32f1xx_hal.o
    0x20000a98        -       0x00000400   Zero   RW            1    STACK               startup_stm32f103xe.o


==============================================================================

Image component sizes


      Code (inc. data)   RO Data    RW Data    ZI Data      Debug   Object Name

        38          0          0          0          0       1076   cal_oled_device.o
         8          0          0          0          0        626   cal_time.o
        94          0          0          0          4       1268   display_device.o
        24          0          0          0          0       1071   display_system.o
       184          0         36          0          0       1301   display_test.o
       606          0          0          0          0       2737   driver_i2c.o
       154          0          0          0          0       3963   driver_key.o
       900          0          0          1          0       5710   driver_oled.o
       260          0          0          0          2       5491   driver_usart.o
       330          0          0          0          0       1632   gpio.o
       192          0          0          0        448       1544   input_buffer.o
        32          0          0          0          0       1076   kal_oled_device.o
         8          0          0          0          0        626   kal_time.o
       186          0         15          0       1032       1994   main.o
       192          0          0         40       1024       1790   oled_device.o
        84          0          0          0          0       1198   ring_buffer.o
        36          8        304          0       1024        812   startup_stm32f103xe.o
       194          0          0          5          4       5912   stm32f1xx_hal.o
       482          0          0          0          0       7894   stm32f1xx_hal_cortex.o
       916          0          0          0          0       7348   stm32f1xx_hal_dma.o
      1472          0          0          0          0       4278   stm32f1xx_hal_gpio.o
       100          0          0          0          0       1217   stm32f1xx_hal_msp.o
      2622          0          0          0          0       7427   stm32f1xx_hal_rcc.o
      1976          0          0          0          0      17867   stm32f1xx_hal_uart.o
        50          0          0          0          0       1125   stm32f1xx_it.o
         2          0         24          4          0       1585   system_stm32f1xx.o
       476          0          0          0        136       5993   usart.o

    ----------------------------------------------------------------------
     11696          8        414         52       3680      94561   Object Totals
         0          0         32          0          0          0   (incl. Generated)
        78          0          3          2          6          0   (incl. Padding)

    ----------------------------------------------------------------------

      Code (inc. data)   RO Data    RW Data    ZI Data      Debug   Library Member Name

         0          0          0          0          0          0   entry.o
         0          0          0          0          0          0   entry10a.o
         0          0          0          0          0          0   entry11a.o
         8          4          0          0          0          0   entry2.o
         4          0          0          0          0          0   entry5.o
         0          0          0          0          0          0   entry7b.o
         0          0          0          0          0          0   entry8b.o
         8          4          0          0          0          0   entry9a.o
        30          0          0          0          0          0   handlers.o
        48         10          0          0          0         68   init.o
         0          0          0          0          0          0   iusefp.o
        30          0          0          0          0         68   llshl.o
        36          0          0          0          0         68   llsshr.o
        32          0          0          0          0         68   llushr.o
        36          0          0          0          0        108   memseta.o
      2258         90          0          0          0        452   printfa.o
         0          0          0          4          0          0   stdout.o
        28          0          0          0          0         76   strcmp.o
        44          0          0          0          0         80   uidiv.o
        98          0          0          0          0         92   uldiv.o
        48          0          0          0          0         68   cdrcmple.o
       334          0          0          0          0        148   dadd.o
       222          0          0          0          0        100   ddiv.o
       186          0          0          0          0        176   depilogue.o
        48          0          0          0          0         68   dfixul.o
       228          0          0          0          0         96   dmul.o

    ----------------------------------------------------------------------
      3730        108          0          4          0       1736   Library Totals
         4          0          0          0          0          0   (incl. Padding)

    ----------------------------------------------------------------------

      Code (inc. data)   RO Data    RW Data    ZI Data      Debug   Library Name

      2660        108          0          4          0       1080   mc_w.l
      1066          0          0          0          0        656   mf_w.l

    ----------------------------------------------------------------------
      3730        108          0          4          0       1736   Library Totals

    ----------------------------------------------------------------------

==============================================================================


      Code (inc. data)   RO Data    RW Data    ZI Data      Debug   

     15426        116        414         56       3680      95065   Grand Totals
     15426        116        414         56       3680      95065   ELF Image Totals
     15426        116        414         56          0          0   ROM Totals

==============================================================================

    Total RO  Size (Code + RO Data)                15840 (  15.47kB)
    Total RW  Size (RW Data + ZI Data)              3736 (   3.65kB)
    Total ROM Size (Code + RO Data + RW Data)      15896 (  15.52kB)

==============================================================================

