Component: Arm Compiler for Embedded 6.22 Tool: armlink [5ee90200]

==============================================================================

Section Cross References

    startup_stm32f103xe.o(RESET) refers to startup_stm32f103xe.o(STACK) for __initial_sp
    startup_stm32f103xe.o(RESET) refers to startup_stm32f103xe.o(.text) for Reset_Handler
    startup_stm32f103xe.o(RESET) refers to stm32f1xx_it.o(.text.NMI_Handler) for NMI_Handler
    startup_stm32f103xe.o(RESET) refers to stm32f1xx_it.o(.text.HardFault_Handler) for HardFault_Handler
    startup_stm32f103xe.o(RESET) refers to stm32f1xx_it.o(.text.MemManage_Handler) for MemManage_Handler
    startup_stm32f103xe.o(RESET) refers to stm32f1xx_it.o(.text.BusFault_Handler) for BusFault_Handler
    startup_stm32f103xe.o(RESET) refers to stm32f1xx_it.o(.text.UsageFault_Handler) for UsageFault_Handler
    startup_stm32f103xe.o(RESET) refers to stm32f1xx_it.o(.text.SVC_Handler) for SVC_Handler
    startup_stm32f103xe.o(RESET) refers to stm32f1xx_it.o(.text.DebugMon_Handler) for DebugMon_Handler
    startup_stm32f103xe.o(RESET) refers to stm32f1xx_it.o(.text.PendSV_Handler) for PendSV_Handler
    startup_stm32f103xe.o(RESET) refers to stm32f1xx_it.o(.text.SysTick_Handler) for SysTick_Handler
    startup_stm32f103xe.o(RESET) refers to driver_usart.o(.text.USART1_IRQHandler) for USART1_IRQHandler
    startup_stm32f103xe.o(RESET) refers to driver_usart.o(.text.USART3_IRQHandler) for USART3_IRQHandler
    startup_stm32f103xe.o(RESET) refers to driver_key.o(.text.EXTI15_10_IRQHandler) for EXTI15_10_IRQHandler
    startup_stm32f103xe.o(.text) refers to system_stm32f1xx.o(.text.SystemInit) for SystemInit
    startup_stm32f103xe.o(.text) refers to entry.o(.ARM.Collect$$$$00000000) for __main
    main.o(.text.main) refers to stm32f1xx_hal.o(.text.HAL_Init) for HAL_Init
    main.o(.text.main) refers to stm32f1xx_hal_rcc.o(.text.HAL_RCC_OscConfig) for HAL_RCC_OscConfig
    main.o(.text.main) refers to stm32f1xx_hal_rcc.o(.text.HAL_RCC_ClockConfig) for HAL_RCC_ClockConfig
    main.o(.text.main) refers to gpio.o(.text.MX_GPIO_Init) for MX_GPIO_Init
    main.o(.text.main) refers to usart.o(.text.MX_USART1_UART_Init) for MX_USART1_UART_Init
    main.o(.text.main) refers to usart.o(.text.MX_USART3_UART_Init) for MX_USART3_UART_Init
    main.o(.text.main) refers to main.o(.bss.test_buffer) for test_buffer
    main.o(.text.main) refers to ring_buffer.o(.text.ring_buffer_init) for ring_buffer_init
    main.o(.text.main) refers to driver_usart.o(.text.EnableDebugIRQ) for EnableDebugIRQ
    main.o(.text.main) refers to driver_usart.o(.text.EnableUART3IRQ) for EnableUART3IRQ
    main.o(.text.main) refers to puts.o(i.puts) for puts
    main.o(.text.main) refers to net_test.o(.text.net_test) for net_test
    main.o(.ARM.exidx.text.main) refers to main.o(.text.main) for [Anonymous Symbol]
    main.o(.text.SystemClock_Config) refers to stm32f1xx_hal_rcc.o(.text.HAL_RCC_OscConfig) for HAL_RCC_OscConfig
    main.o(.text.SystemClock_Config) refers to stm32f1xx_hal_rcc.o(.text.HAL_RCC_ClockConfig) for HAL_RCC_ClockConfig
    main.o(.ARM.exidx.text.SystemClock_Config) refers to main.o(.text.SystemClock_Config) for [Anonymous Symbol]
    main.o(.ARM.exidx.text.Error_Handler) refers to main.o(.text.Error_Handler) for [Anonymous Symbol]
    gpio.o(.text.MX_GPIO_Init) refers to stm32f1xx_hal_gpio.o(.text.HAL_GPIO_WritePin) for HAL_GPIO_WritePin
    gpio.o(.text.MX_GPIO_Init) refers to stm32f1xx_hal_gpio.o(.text.HAL_GPIO_Init) for HAL_GPIO_Init
    gpio.o(.ARM.exidx.text.MX_GPIO_Init) refers to gpio.o(.text.MX_GPIO_Init) for [Anonymous Symbol]
    usart.o(.text.MX_USART1_UART_Init) refers to usart.o(.bss.huart1) for huart1
    usart.o(.text.MX_USART1_UART_Init) refers to stm32f1xx_hal_uart.o(.text.HAL_UART_Init) for HAL_UART_Init
    usart.o(.text.MX_USART1_UART_Init) refers to main.o(.text.Error_Handler) for Error_Handler
    usart.o(.ARM.exidx.text.MX_USART1_UART_Init) refers to usart.o(.text.MX_USART1_UART_Init) for [Anonymous Symbol]
    usart.o(.text.MX_USART3_UART_Init) refers to usart.o(.bss.huart3) for huart3
    usart.o(.text.MX_USART3_UART_Init) refers to stm32f1xx_hal_uart.o(.text.HAL_UART_Init) for HAL_UART_Init
    usart.o(.text.MX_USART3_UART_Init) refers to main.o(.text.Error_Handler) for Error_Handler
    usart.o(.ARM.exidx.text.MX_USART3_UART_Init) refers to usart.o(.text.MX_USART3_UART_Init) for [Anonymous Symbol]
    usart.o(.text.HAL_UART_MspInit) refers to stm32f1xx_hal_gpio.o(.text.HAL_GPIO_Init) for HAL_GPIO_Init
    usart.o(.text.HAL_UART_MspInit) refers to stm32f1xx_hal_cortex.o(.text.HAL_NVIC_SetPriority) for HAL_NVIC_SetPriority
    usart.o(.text.HAL_UART_MspInit) refers to stm32f1xx_hal_cortex.o(.text.HAL_NVIC_EnableIRQ) for HAL_NVIC_EnableIRQ
    usart.o(.ARM.exidx.text.HAL_UART_MspInit) refers to usart.o(.text.HAL_UART_MspInit) for [Anonymous Symbol]
    usart.o(.text.HAL_UART_MspDeInit) refers to stm32f1xx_hal_gpio.o(.text.HAL_GPIO_DeInit) for HAL_GPIO_DeInit
[...]
    Removing stm32f1xx_hal_exti.o(.text.HAL_EXTI_GetHandle), (12 bytes).
    Removing stm32f1xx_hal_exti.o(.ARM.exidx.text.HAL_EXTI_GetHandle), (8 bytes).
    Removing stm32f1xx_hal_exti.o(.text.HAL_EXTI_IRQHandler), (42 bytes).
    Removing stm32f1xx_hal_exti.o(.ARM.exidx.text.HAL_EXTI_IRQHandler), (8 bytes).
    Removing stm32f1xx_hal_exti.o(.text.HAL_EXTI_GetPending), (28 bytes).
    Removing stm32f1xx_hal_exti.o(.ARM.exidx.text.HAL_EXTI_GetPending), (8 bytes).
    Removing stm32f1xx_hal_exti.o(.text.HAL_EXTI_ClearPending), (24 bytes).
    Removing stm32f1xx_hal_exti.o(.ARM.exidx.text.HAL_EXTI_ClearPending), (8 bytes).
    Removing stm32f1xx_hal_exti.o(.text.HAL_EXTI_GenerateSWI), (24 bytes).
    Removing stm32f1xx_hal_exti.o(.ARM.exidx.text.HAL_EXTI_GenerateSWI), (8 bytes).
    Removing system_stm32f1xx.o(.text), (0 bytes).
    Removing system_stm32f1xx.o(.ARM.exidx.text.SystemInit), (8 bytes).
    Removing system_stm32f1xx.o(.text.SystemCoreClockUpdate), (92 bytes).
    Removing system_stm32f1xx.o(.ARM.exidx.text.SystemCoreClockUpdate), (8 bytes).
    Removing driver_usart.o(.text), (0 bytes).
    Removing driver_usart.o(.ARM.exidx.text.EnableDebugIRQ), (8 bytes).
    Removing driver_usart.o(.ARM.exidx.text.EnableUART3IRQ), (8 bytes).
    Removing driver_usart.o(.text.DisableDebugIRQ), (24 bytes).
    Removing driver_usart.o(.ARM.exidx.text.DisableDebugIRQ), (8 bytes).
    Removing driver_usart.o(.ARM.exidx.text.fputc), (8 bytes).
    Removing driver_usart.o(.text.fgetc), (44 bytes).
    Removing driver_usart.o(.ARM.exidx.text.fgetc), (8 bytes).
    Removing driver_usart.o(.ARM.exidx.text.USART1_IRQHandler), (8 bytes).
    Removing driver_usart.o(.ARM.exidx.text.USART3_IRQHandler), (8 bytes).
    Removing driver_usart.o(.ARM.exidx.text.USART3_SendBytes), (8 bytes).
    Removing driver_usart.o(.ARM.exidx.text.HAL_UART_RxCpltCallback), (8 bytes).
    Removing driver_usart.o(.ARM.exidx.text.HAL_UART_TxCpltCallback), (8 bytes).
    Removing ring_buffer.o(.text), (0 bytes).
    Removing ring_buffer.o(.ARM.exidx.text.ring_buffer_init), (8 bytes).
    Removing ring_buffer.o(.ARM.exidx.text.ring_buffer_write), (8 bytes).
    Removing ring_buffer.o(.ARM.exidx.text.ring_buffer_read), (8 bytes).
    Removing driver_key.o(.text), (0 bytes).
    Removing driver_key.o(.text.KEY_GPIO_ReInit), (128 bytes).
    Removing driver_key.o(.ARM.exidx.text.KEY_GPIO_ReInit), (8 bytes).
    Removing driver_key.o(.ARM.exidx.text.EXTI15_10_IRQHandler), (8 bytes).
    Removing driver_key.o(.ARM.exidx.text.HAL_GPIO_EXTI_Callback), (8 bytes).
    Removing driver_key.o(.text.KEY1_Value), (12 bytes).
    Removing driver_key.o(.ARM.exidx.text.KEY1_Value), (8 bytes).
    Removing driver_key.o(.text.KEY2_Value), (12 bytes).
    Removing driver_key.o(.ARM.exidx.text.KEY2_Value), (8 bytes).
    Removing driver_key.o(.data.key1_val), (1 bytes).
    Removing driver_key.o(.data.key2_val), (1 bytes).
    Removing driver_led.o(.text), (0 bytes).
    Removing driver_led.o(.text.HAL_LEDDeviceControl), (50 bytes).
    Removing driver_led.o(.ARM.exidx.text.HAL_LEDDeviceControl), (8 bytes).
    Removing driver_led.o(.rodata..Lswitch.table.HAL_LEDDeviceControl), (6 bytes).
    Removing driver_i2c.o(.text), (0 bytes).
    Removing driver_i2c.o(.text.I2C_Delay), (42 bytes).
    Removing driver_i2c.o(.ARM.exidx.text.I2C_Delay), (8 bytes).
    Removing driver_i2c.o(.text.I2C_GPIO_ReInit), (110 bytes).
    Removing driver_i2c.o(.ARM.exidx.text.I2C_GPIO_ReInit), (8 bytes).
    Removing driver_i2c.o(.text.I2C_Start), (130 bytes).
    Removing driver_i2c.o(.ARM.exidx.text.I2C_Start), (8 bytes).
    Removing driver_i2c.o(.text.I2C_Stop), (130 bytes).
    Removing driver_i2c.o(.ARM.exidx.text.I2C_Stop), (8 bytes).
    Removing driver_i2c.o(.text.I2C_GetAck), (194 bytes).
    Removing driver_i2c.o(.ARM.exidx.text.I2C_GetAck), (8 bytes).
    Removing driver_i2c.o(.text.I2C_ACK), (130 bytes).
    Removing driver_i2c.o(.ARM.exidx.text.I2C_ACK), (8 bytes).
    Removing driver_i2c.o(.text.I2C_NACK), (130 bytes).
    Removing driver_i2c.o(.ARM.exidx.text.I2C_NACK), (8 bytes).
    Removing driver_i2c.o(.text.I2C_WriteByte), (952 bytes).
    Removing driver_i2c.o(.ARM.exidx.text.I2C_WriteByte), (8 bytes).
    Removing driver_i2c.o(.text.I2C_ReadByte), (1314 bytes).
    Removing driver_i2c.o(.ARM.exidx.text.I2C_ReadByte), (8 bytes).
    Removing driver_oled.o(.text), (0 bytes).
    Removing driver_oled.o(.text.OLED_WriteCmd), (34 bytes).
    Removing driver_oled.o(.ARM.exidx.text.OLED_WriteCmd), (8 bytes).
    Removing driver_oled.o(.text.OLED_WriteData), (34 bytes).
    Removing driver_oled.o(.ARM.exidx.text.OLED_WriteData), (8 bytes).
    Removing driver_oled.o(.text.OLED_WriteNBytes), (52 bytes).
    Removing driver_oled.o(.ARM.exidx.text.OLED_WriteNBytes), (8 bytes).
    Removing driver_oled.o(.text.OLED_SetContrastValue), (60 bytes).
    Removing driver_oled.o(.ARM.exidx.text.OLED_SetContrastValue), (8 bytes).
    Removing driver_oled.o(.text.OLED_H_Scroll), (220 bytes).
    Removing driver_oled.o(.ARM.exidx.text.OLED_H_Scroll), (8 bytes).
    Removing driver_oled.o(.text.OLED_HV_Scroll), (200 bytes).
    Removing driver_oled.o(.ARM.exidx.text.OLED_HV_Scroll), (8 bytes).
    Removing driver_oled.o(.text.OLED_SetVScrollArea), (102 bytes).
    Removing driver_oled.o(.ARM.exidx.text.OLED_SetVScrollArea), (8 bytes).
    Removing driver_oled.o(.text.OLED_SetColAddr_PAGE), (94 bytes).
    Removing driver_oled.o(.ARM.exidx.text.OLED_SetColAddr_PAGE), (8 bytes).
    Removing driver_oled.o(.text.OLED_SetMemAddrMode), (78 bytes).
    Removing driver_oled.o(.ARM.exidx.text.OLED_SetMemAddrMode), (8 bytes).
    Removing driver_oled.o(.text.OLED_SetColAddr_HV), (114 bytes).
    Removing driver_oled.o(.ARM.exidx.text.OLED_SetColAddr_HV), (8 bytes).
    Removing driver_oled.o(.text.OLED_SetPageAddr_HV), (114 bytes).
    Removing driver_oled.o(.ARM.exidx.text.OLED_SetPageAddr_HV), (8 bytes).
    Removing driver_oled.o(.text.OLED_SetPageAddr_PAGE), (58 bytes).
    Removing driver_oled.o(.ARM.exidx.text.OLED_SetPageAddr_PAGE), (8 bytes).
    Removing driver_oled.o(.text.OLED_SetDispStartLine), (42 bytes).
    Removing driver_oled.o(.ARM.exidx.text.OLED_SetDispStartLine), (8 bytes).
    Removing driver_oled.o(.text.OLED_SetMuxRatio), (72 bytes).
    Removing driver_oled.o(.ARM.exidx.text.OLED_SetMuxRatio), (8 bytes).
    Removing driver_oled.o(.text.OLED_SetDispOffset), (66 bytes).
    Removing driver_oled.o(.ARM.exidx.text.OLED_SetDispOffset), (8 bytes).
    Removing driver_oled.o(.text.OLED_SetComConfig), (78 bytes).
    Removing driver_oled.o(.ARM.exidx.text.OLED_SetComConfig), (8 bytes).
    Removing driver_oled.o(.text.OLED_SetDCLK_Freq), (74 bytes).
    Removing driver_oled.o(.ARM.exidx.text.OLED_SetDCLK_Freq), (8 bytes).
    Removing driver_oled.o(.text.OLED_SetPreChargePeriod), (74 bytes).
    Removing driver_oled.o(.ARM.exidx.text.OLED_SetPreChargePeriod), (8 bytes).
    Removing driver_oled.o(.text.OLED_SetVcomhLevel), (76 bytes).
    Removing driver_oled.o(.ARM.exidx.text.OLED_SetVcomhLevel), (8 bytes).
    Removing driver_oled.o(.text.OLED_SetChargePump), (72 bytes).
    Removing driver_oled.o(.ARM.exidx.text.OLED_SetChargePump), (8 bytes).
    Removing driver_oled.o(.text.OLED_Init), (590 bytes).
    Removing driver_oled.o(.ARM.exidx.text.OLED_Init), (8 bytes).
    Removing driver_oled.o(.text.OLED_SetPosition), (62 bytes).
    Removing driver_oled.o(.ARM.exidx.text.OLED_SetPosition), (8 bytes).
    Removing driver_oled.o(.text.OLED_Clear), (606 bytes).
    Removing driver_oled.o(.ARM.exidx.text.OLED_Clear), (8 bytes).
    Removing driver_oled.o(.text.OLED_Copy), (944 bytes).
    Removing driver_oled.o(.ARM.exidx.text.OLED_Copy), (8 bytes).
    Removing driver_oled.o(.text.OLED_PutChar), (286 bytes).
    Removing driver_oled.o(.ARM.exidx.text.OLED_PutChar), (8 bytes).
    Removing driver_oled.o(.text.OLED_PrintString), (60 bytes).
    Removing driver_oled.o(.ARM.exidx.text.OLED_PrintString), (8 bytes).
    Removing driver_oled.o(.data.mem_mode), (1 bytes).
    Removing kal_gpio_key.o(.text), (0 bytes).
    Removing kal_gpio_key.o(.text.KAL_GPIOKkeyInit), (4 bytes).
    Removing kal_gpio_key.o(.ARM.exidx.text.KAL_GPIOKkeyInit), (8 bytes).
    Removing kal_time.o(.text), (0 bytes).
    Removing kal_time.o(.ARM.exidx.text.KAL_GetTime), (8 bytes).
    Removing kal_time.o(.ARM.exidx.text.KAL_Delay), (8 bytes).
    Removing kal_led_device.o(.text), (0 bytes).
    Removing kal_led_device.o(.text.KAL_LEDDeviceInit), (4 bytes).
    Removing kal_led_device.o(.ARM.exidx.text.KAL_LEDDeviceInit), (8 bytes).
    Removing kal_led_device.o(.text.KAL_LEDDeviceControl), (4 bytes).
    Removing kal_led_device.o(.ARM.exidx.text.KAL_LEDDeviceControl), (8 bytes).
    Removing kal_oled_device.o(.text), (0 bytes).
    Removing kal_oled_device.o(.text.KAL_OLEDDeviceInit), (4 bytes).
    Removing kal_oled_device.o(.ARM.exidx.text.KAL_OLEDDeviceInit), (8 bytes).
    Removing kal_oled_device.o(.text.KAL_OLEDDeviceFlush), (4 bytes).
    Removing kal_oled_device.o(.ARM.exidx.text.KAL_OLEDDeviceFlush), (8 bytes).
    Removing kal_uart_dev.o(.text), (0 bytes).
    Removing kal_uart_dev.o(.ARM.exidx.text.KAL_UART3Write), (8 bytes).
    Removing cal_gpio_key.o(.text), (0 bytes).
    Removing cal_gpio_key.o(.text.CAL_GPIOKkeyInit), (4 bytes).
    Removing cal_gpio_key.o(.ARM.exidx.text.CAL_GPIOKkeyInit), (8 bytes).
    Removing cal_time.o(.text), (0 bytes).
    Removing cal_time.o(.ARM.exidx.text.CAL_GetTime), (8 bytes).
    Removing cal_time.o(.ARM.exidx.text.CAL_Delay), (8 bytes).
    Removing cal_led_device.o(.text), (0 bytes).
    Removing cal_led_device.o(.text.CAL_LEDDeviceInit), (4 bytes).
    Removing cal_led_device.o(.ARM.exidx.text.CAL_LEDDeviceInit), (8 bytes).
    Removing cal_led_device.o(.text.CAL_LEDDeviceControl), (4 bytes).
    Removing cal_led_device.o(.ARM.exidx.text.CAL_LEDDeviceControl), (8 bytes).
    Removing cal_oled_device.o(.text), (0 bytes).
    Removing cal_oled_device.o(.text.CAL_OLEDDeviceInit), (14 bytes).
    Removing cal_oled_device.o(.ARM.exidx.text.CAL_OLEDDeviceInit), (8 bytes).
    Removing cal_oled_device.o(.text.CAL_OLEDDeviceFlush), (6 bytes).
    Removing cal_oled_device.o(.ARM.exidx.text.CAL_OLEDDeviceFlush), (8 bytes).
    Removing cal_uart_dev.o(.text), (0 bytes).
    Removing cal_uart_dev.o(.ARM.exidx.text.CAL_UART3Write), (8 bytes).
    Removing gpio_key.o(.text), (0 bytes).
    Removing gpio_key.o(.text.AddInputDeviceGPIOKey), (12 bytes).
    Removing gpio_key.o(.ARM.exidx.text.AddInputDeviceGPIOKey), (8 bytes).
    Removing gpio_key.o(.text.GPIOKeyInit), (10 bytes).
    Removing gpio_key.o(.ARM.exidx.text.GPIOKeyInit), (8 bytes).
    Removing gpio_key.o(.data.g_tKeyDevice), (20 bytes).
    Removing gpio_key.o(.rodata.str1.1), (9 bytes).
    Removing input_buffer.o(.text), (0 bytes).
    Removing input_buffer.o(.ARM.exidx.text.PutInputEvent), (8 bytes).
    Removing input_buffer.o(.text.GetInputEvent), (124 bytes).
    Removing input_buffer.o(.ARM.exidx.text.GetInputEvent), (8 bytes).
    Removing input_system.o(.text), (0 bytes).
    Removing input_system.o(.text.InputDeviceRegister), (16 bytes).
    Removing input_system.o(.ARM.exidx.text.InputDeviceRegister), (8 bytes).
    Removing input_system.o(.text.AddInputDevices), (4 bytes).
    Removing input_system.o(.ARM.exidx.text.AddInputDevices), (8 bytes).
    Removing input_system.o(.text.InitInputDevices), (30 bytes).
    Removing input_system.o(.ARM.exidx.text.InitInputDevices), (8 bytes).
    Removing input_system.o(.bss.g_ptInputDevices), (4 bytes).
    Removing input_test.o(.text), (0 bytes).
    Removing input_test.o(.text.input_test), (152 bytes).
    Removing input_test.o(.ARM.exidx.text.input_test), (8 bytes).
    Removing led_test.o(.text), (0 bytes).
    Removing led_test.o(.text.led_test), (110 bytes).
    Removing led_test.o(.ARM.exidx.text.led_test), (8 bytes).
    Removing display_test.o(.text), (0 bytes).
    Removing display_test.o(.text.display_test), (172 bytes).
    Removing display_test.o(.ARM.exidx.text.display_test), (8 bytes).
    Removing display_test.o(.rodata.str1.1), (5 bytes).
    Removing text_test.o(.text), (0 bytes).
    Removing text_test.o(.text.text_test), (140 bytes).
    Removing text_test.o(.ARM.exidx.text.text_test), (8 bytes).
    Removing text_test.o(.rodata.str1.1), (5 bytes).
    Removing net_test.o(.text), (0 bytes).
    Removing net_test.o(.ARM.exidx.text.net_test), (8 bytes).
    Removing led_device.o(.text), (0 bytes).
    Removing led_device.o(.text.GetLEDDevice), (26 bytes).
    Removing led_device.o(.ARM.exidx.text.GetLEDDevice), (8 bytes).
    Removing led_device.o(.text.LEDDeviceInit), (4 bytes).
    Removing led_device.o(.ARM.exidx.text.LEDDeviceInit), (8 bytes).
    Removing led_device.o(.text.LEDDeviceControl), (4 bytes).
    Removing led_device.o(.ARM.exidx.text.LEDDeviceControl), (8 bytes).
    Removing led_device.o(.data.g_tLEDDevices), (60 bytes).
    Removing uart_dev.o(.text), (0 bytes).
    Removing uart_dev.o(.ARM.exidx.text.GetUART3RingBuffer), (8 bytes).
    Removing uart_dev.o(.ARM.exidx.text.GetATInterfaceDevice), (8 bytes).
    Removing uart_dev.o(.ARM.exidx.text.UART3Init), (8 bytes).
    Removing uart_dev.o(.ARM.exidx.text.UART3InvalidRecvBuf), (8 bytes).
    Removing uart_dev.o(.ARM.exidx.text.UART3Write), (8 bytes).
    Removing uart_dev.o(.ARM.exidx.text.UART3ReadByte), (8 bytes).
    Removing display_device.o(.text), (0 bytes).
    Removing display_device.o(.text.DisplayDeviceRegister), (16 bytes).
    Removing display_device.o(.ARM.exidx.text.DisplayDeviceRegister), (8 bytes).
    Removing display_device.o(.text.__GetDisplayDevice), (38 bytes).
    Removing display_device.o(.ARM.exidx.text.__GetDisplayDevice), (8 bytes).
    Removing display_device.o(.bss.g_ptDisplayDevices), (4 bytes).
    Removing display_system.o(.text), (0 bytes).
    Removing display_system.o(.text.AddDisplayDevices), (4 bytes).
    Removing display_system.o(.ARM.exidx.text.AddDisplayDevices), (8 bytes).
    Removing display_system.o(.text.GetDisplayDevice), (4 bytes).
    Removing display_system.o(.ARM.exidx.text.GetDisplayDevice), (8 bytes).
    Removing oled_device.o(.text), (0 bytes).
    Removing oled_device.o(.text.AddDisplayDeviceOLED), (12 bytes).
    Removing oled_device.o(.ARM.exidx.text.AddDisplayDeviceOLED), (8 bytes).
    Removing oled_device.o(.text.OLEDDeviceInit), (4 bytes).
    Removing oled_device.o(.ARM.exidx.text.OLEDDeviceInit), (8 bytes).
    Removing oled_device.o(.text.OLEDDeviceFlush), (4 bytes).
    Removing oled_device.o(.ARM.exidx.text.OLEDDeviceFlush), (8 bytes).
    Removing oled_device.o(.text.OLEDDeviceSetPixel), (78 bytes).
    Removing oled_device.o(.ARM.exidx.text.OLEDDeviceSetPixel), (8 bytes).
    Removing oled_device.o(.data.g_tOLEDDevice), (40 bytes).
    Removing oled_device.o(.rodata.str1.1), (5 bytes).
    Removing oled_device.o(.bss.g_OLEDFramebuffer), (1024 bytes).
    Removing ascii_font.o(.text), (0 bytes).
    Removing ascii_font.o(.text.AddFontLibASCII), (12 bytes).
    Removing ascii_font.o(.ARM.exidx.text.AddFontLibASCII), (8 bytes).
    Removing ascii_font.o(.text.ASCIIGetFontSize), (18 bytes).
    Removing ascii_font.o(.ARM.exidx.text.ASCIIGetFontSize), (8 bytes).
    Removing ascii_font.o(.text.ASCIIGetFontBitMap), (92 bytes).
    Removing ascii_font.o(.ARM.exidx.text.ASCIIGetFontBitMap), (8 bytes).
    Removing ascii_font.o(.rodata.ascii_font), (2048 bytes).
    Removing ascii_font.o(.data.g_ASCIIFontLib), (24 bytes).
    Removing ascii_font.o(.rodata.str1.1), (6 bytes).
    Removing font_manager.o(.text), (0 bytes).
    Removing font_manager.o(.text.FontLibRegister), (16 bytes).
    Removing font_manager.o(.ARM.exidx.text.FontLibRegister), (8 bytes).
    Removing font_manager.o(.text.__GetFontLib), (38 bytes).
    Removing font_manager.o(.ARM.exidx.text.__GetFontLib), (8 bytes).
    Removing font_manager.o(.bss.g_ptFontLibs), (4 bytes).
    Removing font_system.o(.text), (0 bytes).
    Removing font_system.o(.text.AddFontLibs), (4 bytes).
    Removing font_system.o(.ARM.exidx.text.AddFontLibs), (8 bytes).
    Removing font_system.o(.text.GetFontLib), (4 bytes).
    Removing font_system.o(.ARM.exidx.text.GetFontLib), (8 bytes).
    Removing font_system.o(.text.SetDefaultFontLib), (30 bytes).
    Removing font_system.o(.ARM.exidx.text.SetDefaultFontLib), (8 bytes).
    Removing font_system.o(.text.InitDefaultFontLib), (22 bytes).
    Removing font_system.o(.ARM.exidx.text.InitDefaultFontLib), (8 bytes).
    Removing font_system.o(.text.GetFontBitMap), (14 bytes).
    Removing font_system.o(.ARM.exidx.text.GetFontBitMap), (8 bytes).
    Removing font_system.o(.bss.g_ptDefaultFontLib), (4 bytes).
    Removing show_text.o(.text), (0 bytes).
    Removing show_text.o(.text.ShowTextInDisplayDevice), (202 bytes).
    Removing show_text.o(.ARM.exidx.text.ShowTextInDisplayDevice), (8 bytes).
    Removing encoding.o(.text), (0 bytes).
    Removing encoding.o(.text.GetCodeForStr), (8 bytes).
    Removing encoding.o(.ARM.exidx.text.GetCodeForStr), (8 bytes).
    Removing esp8266.o(.text), (0 bytes).
    Removing esp8266.o(.ARM.exidx.text.AddNetDeviceESP8266), (8 bytes).
    Removing esp8266.o(.ARM.exidx.text.ESP8266Init), (8 bytes).
    Removing esp8266.o(.ARM.exidx.text.ESP8266Connect), (8 bytes).
    Removing esp8266.o(.ARM.exidx.text.ESP8266GetInfo), (8 bytes).
    Removing esp8266.o(.ARM.exidx.text.ESP8266CreateTransfer), (8 bytes).
    Removing esp8266.o(.ARM.exidx.text.ESP8266CloseTransfer), (8 bytes).
    Removing esp8266.o(.ARM.exidx.text.ESP8266Send), (8 bytes).
    Removing esp8266.o(.ARM.exidx.text.ESP8266Recv), (8 bytes).
    Removing net_device.o(.text), (0 bytes).
    Removing net_device.o(.ARM.exidx.text.NetDeviceRegister), (8 bytes).
    Removing net_device.o(.ARM.exidx.text.__GetNetDevice), (8 bytes).
    Removing net_system.o(.text), (0 bytes).
    Removing net_system.o(.ARM.exidx.text.AddNetDevices), (8 bytes).
    Removing net_system.o(.ARM.exidx.text.GetNetDevice), (8 bytes).
    Removing at_command.o(.text), (0 bytes).
    Removing at_command.o(.ARM.exidx.text.ATInterfaceInit), (8 bytes).
    Removing at_command.o(.ARM.exidx.text.ATCommandSend), (8 bytes).
    Removing at_command.o(.ARM.exidx.text.ATCommandSendAndRecv), (8 bytes).
    Removing at_command.o(.ARM.exidx.text.ATDataRecv), (8 bytes).
    Removing dadd.o(.text), (334 bytes).
    Removing dmul.o(.text), (228 bytes).
    Removing ddiv.o(.text), (222 bytes).
    Removing dfixul.o(.text), (48 bytes).
    Removing cdrcmple.o(.text), (48 bytes).
    Removing depilogue.o(.text), (186 bytes).

658 unused section(s) (total 30203 bytes) removed from the image.

==============================================================================

Image Symbol Table

    Local Symbols

    Symbol Name                              Value     Ov Type        Size  Object(Section)

    ../clib/division.s                       0x00000000   Number         0  aeabi_sdiv.o ABSOLUTE
    ../clib/microlib/division.c              0x00000000   Number         0  uidiv.o ABSOLUTE
    ../clib/microlib/division.c              0x00000000   Number         0  uldiv.o ABSOLUTE
    ../clib/microlib/init/entry.s            0x00000000   Number         0  entry.o ABSOLUTE
    ../clib/microlib/init/entry.s            0x00000000   Number         0  entry2.o ABSOLUTE
    ../clib/microlib/init/entry.s            0x00000000   Number         0  entry5.o ABSOLUTE
    ../clib/microlib/init/entry.s            0x00000000   Number         0  entry7a.o ABSOLUTE
    ../clib/microlib/init/entry.s            0x00000000   Number         0  entry7b.o ABSOLUTE
    ../clib/microlib/init/entry.s            0x00000000   Number         0  entry8a.o ABSOLUTE
    ../clib/microlib/init/entry.s            0x00000000   Number         0  entry8b.o ABSOLUTE
    ../clib/microlib/init/entry.s            0x00000000   Number         0  entry9a.o ABSOLUTE
    ../clib/microlib/init/entry.s            0x00000000   Number         0  entry9b.o ABSOLUTE
    ../clib/microlib/init/entry.s            0x00000000   Number         0  entry10a.o ABSOLUTE
    ../clib/microlib/init/entry.s            0x00000000   Number         0  entry10b.o ABSOLUTE
    ../clib/microlib/init/entry.s            0x00000000   Number         0  entry11a.o ABSOLUTE
    ../clib/microlib/init/entry.s            0x00000000   Number         0  entry11b.o ABSOLUTE
    ../clib/microlib/longlong.c              0x00000000   Number         0  llshl.o ABSOLUTE
    ../clib/microlib/longlong.c              0x00000000   Number         0  llushr.o ABSOLUTE
    ../clib/microlib/longlong.c              0x00000000   Number         0  llsshr.o ABSOLUTE
    ../clib/microlib/printf/printf.c         0x00000000   Number         0  printfb.o ABSOLUTE
    ../clib/microlib/printf/printf.c         0x00000000   Number         0  printf0.o ABSOLUTE
    ../clib/microlib/printf/printf.c         0x00000000   Number         0  printf1.o ABSOLUTE
    ../clib/microlib/printf/printf.c         0x00000000   Number         0  printf2.o ABSOLUTE
    ../clib/microlib/printf/printf.c         0x00000000   Number         0  printf3.o ABSOLUTE
    ../clib/microlib/printf/printf.c         0x00000000   Number         0  printf4.o ABSOLUTE
    ../clib/microlib/printf/printf.c         0x00000000   Number         0  printf5.o ABSOLUTE
    ../clib/microlib/printf/printf.c         0x00000000   Number         0  printf6.o ABSOLUTE
    ../clib/microlib/printf/printf.c         0x00000000   Number         0  printf7.o ABSOLUTE
    ../clib/microlib/printf/printf.c         0x00000000   Number         0  printf8.o ABSOLUTE
    ../clib/microlib/printf/printf.c         0x00000000   Number         0  printfa.o ABSOLUTE
    ../clib/microlib/printf/stubs.s          0x00000000   Number         0  printfstubs.o ABSOLUTE
    ../clib/microlib/stdio/putchar.c         0x00000000   Number         0  putchar.o ABSOLUTE
    ../clib/microlib/stdio/puts.c            0x00000000   Number         0  puts.o ABSOLUTE
    ../clib/microlib/stdio/puts.c            0x00000000   Number         0  puts_e.o ABSOLUTE
    ../clib/microlib/stdio/streams.c         0x00000000   Number         0  stdout.o ABSOLUTE
    ../clib/microlib/string/memset.c         0x00000000   Number         0  memseta.o ABSOLUTE
    ../clib/microlib/string/strcmp.c         0x00000000   Number         0  strcmp.o ABSOLUTE
    ../clib/microlib/string/strcpy.c         0x00000000   Number         0  strcpy.o ABSOLUTE
    ../clib/microlib/string/strlen.c         0x00000000   Number         0  strlen.o ABSOLUTE
    ../clib/microlib/string/strstr.c         0x00000000   Number         0  strstr.o ABSOLUTE
    ../clib/microlib/stubs.s                 0x00000000   Number         0  iusefp.o ABSOLUTE
    ../fplib/microlib/fpadd.c                0x00000000   Number         0  dadd.o ABSOLUTE
    ../fplib/microlib/fpdiv.c                0x00000000   Number         0  ddiv.o ABSOLUTE
    ../fplib/microlib/fpepilogue.c           0x00000000   Number         0  depilogue.o ABSOLUTE
    ../fplib/microlib/fpfix.c                0x00000000   Number         0  dfixul.o ABSOLUTE
    ../fplib/microlib/fpmul.c                0x00000000   Number         0  dmul.o ABSOLUTE
    ascii_font.c                             0x00000000   Number         0  ascii_font.o ABSOLUTE
    at_command.c                             0x00000000   Number         0  at_command.o ABSOLUTE
    cal_gpio_key.c                           0x00000000   Number         0  cal_gpio_key.o ABSOLUTE
    cal_led_device.c                         0x00000000   Number         0  cal_led_device.o ABSOLUTE
    cal_oled_device.c                        0x00000000   Number         0  cal_oled_device.o ABSOLUTE
    cal_time.c                               0x00000000   Number         0  cal_time.o ABSOLUTE
    cal_uart_dev.c                           0x00000000   Number         0  cal_uart_dev.o ABSOLUTE
    cdrcmple.s                               0x00000000   Number         0  cdrcmple.o ABSOLUTE
    dc.s                                     0x00000000   Number         0  dc.o ABSOLUTE
    display_device.c                         0x00000000   Number         0  display_device.o ABSOLUTE
    display_system.c                         0x00000000   Number         0  display_system.o ABSOLUTE
    display_test.c                           0x00000000   Number         0  display_test.o ABSOLUTE
    driver_i2c.c                             0x00000000   Number         0  driver_i2c.o ABSOLUTE
    driver_key.c                             0x00000000   Number         0  driver_key.o ABSOLUTE
    driver_led.c                             0x00000000   Number         0  driver_led.o ABSOLUTE
    driver_oled.c                            0x00000000   Number         0  driver_oled.o ABSOLUTE
    driver_usart.c                           0x00000000   Number         0  driver_usart.o ABSOLUTE
    encoding.c                               0x00000000   Number         0  encoding.o ABSOLUTE
    esp8266.c                                0x00000000   Number         0  esp8266.o ABSOLUTE
    font_manager.c                           0x00000000   Number         0  font_manager.o ABSOLUTE
    font_system.c                            0x00000000   Number         0  font_system.o ABSOLUTE
    gpio.c                                   0x00000000   Number         0  gpio.o ABSOLUTE
    gpio_key.c                               0x00000000   Number         0  gpio_key.o ABSOLUTE
    handlers.s                               0x00000000   Number         0  handlers.o ABSOLUTE
    init.s                                   0x00000000   Number         0  init.o ABSOLUTE
    input_buffer.c                           0x00000000   Number         0  input_buffer.o ABSOLUTE
    input_system.c                           0x00000000   Number         0  input_system.o ABSOLUTE
    input_test.c                             0x00000000   Number         0  input_test.o ABSOLUTE
    kal_gpio_key.c                           0x00000000   Number         0  kal_gpio_key.o ABSOLUTE
    kal_led_device.c                         0x00000000   Number         0  kal_led_device.o ABSOLUTE
    kal_oled_device.c                        0x00000000   Number         0  kal_oled_device.o ABSOLUTE
    kal_time.c                               0x00000000   Number         0  kal_time.o ABSOLUTE
    kal_uart_dev.c                           0x00000000   Number         0  kal_uart_dev.o ABSOLUTE
    led_device.c                             0x00000000   Number         0  led_device.o ABSOLUTE
    led_test.c                               0x00000000   Number         0  led_test.o ABSOLUTE
    main.c                                   0x00000000   Number         0  main.o ABSOLUTE
    net_device.c                             0x00000000   Number         0  net_device.o ABSOLUTE
    net_system.c                             0x00000000   Number         0  net_system.o ABSOLUTE
    net_test.c                               0x00000000   Number         0  net_test.o ABSOLUTE
    oled_device.c                            0x00000000   Number         0  oled_device.o ABSOLUTE
    ring_buffer.c                            0x00000000   Number         0  ring_buffer.o ABSOLUTE
    show_text.c                              0x00000000   Number         0  show_text.o ABSOLUTE
    startup_stm32f103xe.s                    0x00000000   Number         0  startup_stm32f103xe.o ABSOLUTE
    stm32f1xx_hal.c                          0x00000000   Number         0  stm32f1xx_hal.o ABSOLUTE
    stm32f1xx_hal_cortex.c                   0x00000000   Number         0  stm32f1xx_hal_cortex.o ABSOLUTE
    stm32f1xx_hal_dma.c                      0x00000000   Number         0  stm32f1xx_hal_dma.o ABSOLUTE
    stm32f1xx_hal_exti.c                     0x00000000   Number         0  stm32f1xx_hal_exti.o ABSOLUTE
    stm32f1xx_hal_flash.c                    0x00000000   Number         0  stm32f1xx_hal_flash.o ABSOLUTE
    stm32f1xx_hal_flash_ex.c                 0x00000000   Number         0  stm32f1xx_hal_flash_ex.o ABSOLUTE
    stm32f1xx_hal_gpio.c                     0x00000000   Number         0  stm32f1xx_hal_gpio.o ABSOLUTE
    stm32f1xx_hal_gpio_ex.c                  0x00000000   Number         0  stm32f1xx_hal_gpio_ex.o ABSOLUTE
    stm32f1xx_hal_msp.c                      0x00000000   Number         0  stm32f1xx_hal_msp.o ABSOLUTE
    stm32f1xx_hal_pwr.c                      0x00000000   Number         0  stm32f1xx_hal_pwr.o ABSOLUTE
    stm32f1xx_hal_rcc.c                      0x00000000   Number         0  stm32f1xx_hal_rcc.o ABSOLUTE
    stm32f1xx_hal_rcc_ex.c                   0x00000000   Number         0  stm32f1xx_hal_rcc_ex.o ABSOLUTE
    stm32f1xx_hal_tim.c                      0x00000000   Number         0  stm32f1xx_hal_tim.o ABSOLUTE
    stm32f1xx_hal_tim_ex.c                   0x00000000   Number         0  stm32f1xx_hal_tim_ex.o ABSOLUTE
    stm32f1xx_hal_uart.c                     0x00000000   Number         0  stm32f1xx_hal_uart.o ABSOLUTE
    stm32f1xx_it.c                           0x00000000   Number         0  stm32f1xx_it.o ABSOLUTE
    system_stm32f1xx.c                       0x00000000   Number         0  system_stm32f1xx.o ABSOLUTE
    text_test.c                              0x00000000   Number         0  text_test.o ABSOLUTE
    uart_dev.c                               0x00000000   Number         0  uart_dev.o ABSOLUTE
    usart.c                                  0x00000000   Number         0  usart.o ABSOLUTE
    RESET                                    0x08000000   Section      304  startup_stm32f103xe.o(RESET)
    .ARM.Collect$$$$00000000                 0x08000130   Section        0  entry.o(.ARM.Collect$$$$00000000)
    .ARM.Collect$$$$00000001                 0x08000130   Section        4  entry2.o(.ARM.Collect$$$$00000001)
    .ARM.Collect$$$$00000004                 0x08000134   Section        4  entry5.o(.ARM.Collect$$$$00000004)
    .ARM.Collect$$$$00000008                 0x08000138   Section        0  entry7b.o(.ARM.Collect$$$$00000008)
    .ARM.Collect$$$$0000000A                 0x08000138   Section        0  entry8b.o(.ARM.Collect$$$$0000000A)
    .ARM.Collect$$$$0000000B                 0x08000138   Section        8  entry9a.o(.ARM.Collect$$$$0000000B)
    __lit__00000000                          0x08000140   Data           4  entry2.o(.ARM.Collect$$$$00002712)
    .ARM.Collect$$$$0000000D                 0x08000140   Section        0  entry10a.o(.ARM.Collect$$$$0000000D)
    .ARM.Collect$$$$0000000F                 0x08000140   Section        0  entry11a.o(.ARM.Collect$$$$0000000F)
    .ARM.Collect$$$$00002712                 0x08000140   Section        4  entry2.o(.ARM.Collect$$$$00002712)
    .text                                    0x08000144   Section       36  startup_stm32f103xe.o(.text)
    .text                                    0x08000168   Section        0  strstr.o(.text)
    .text                                    0x0800018c   Section        0  strlen.o(.text)
    .text                                    0x0800019a   Section        0  strcmp.o(.text)
    .text                                    0x080001b6   Section        0  strcpy.o(.text)
    .text                                    0x080001c8   Section        0  uidiv.o(.text)
    .text                                    0x080001f4   Section       48  init.o(.text)
    [Anonymous Symbol]                       0x08000224   Section        0  at_command.o(.text.ATCommandSend)
    [Anonymous Symbol]                       0x08000354   Section        0  at_command.o(.text.ATCommandSendAndRecv)
    [Anonymous Symbol]                       0x0800042c   Section        0  at_command.o(.text.ATDataRecv)
    [Anonymous Symbol]                       0x080005a8   Section        0  at_command.o(.text.ATInterfaceInit)
    [Anonymous Symbol]                       0x080005c0   Section        0  esp8266.o(.text.AddNetDeviceESP8266)
    [Anonymous Symbol]                       0x080005cc   Section        0  net_system.o(.text.AddNetDevices)
    [Anonymous Symbol]                       0x080005d0   Section        0  stm32f1xx_it.o(.text.BusFault_Handler)
    [Anonymous Symbol]                       0x080005d4   Section        0  cal_time.o(.text.CAL_Delay)
    [Anonymous Symbol]                       0x080005d8   Section        0  cal_time.o(.text.CAL_GetTime)
    [Anonymous Symbol]                       0x080005dc   Section        0  cal_uart_dev.o(.text.CAL_UART3Write)
    [Anonymous Symbol]                       0x080005e8   Section        0  stm32f1xx_it.o(.text.DebugMon_Handler)
    ESP8266CloseTransfer                     0x080005ed   Thumb Code     8  esp8266.o(.text.ESP8266CloseTransfer)
    [Anonymous Symbol]                       0x080005ec   Section        0  esp8266.o(.text.ESP8266CloseTransfer)
    ESP8266Connect                           0x08000601   Thumb Code    32  esp8266.o(.text.ESP8266Connect)
    [Anonymous Symbol]                       0x08000600   Section        0  esp8266.o(.text.ESP8266Connect)
    ESP8266CreateTransfer                    0x08000635   Thumb Code    28  esp8266.o(.text.ESP8266CreateTransfer)
    [Anonymous Symbol]                       0x08000634   Section        0  esp8266.o(.text.ESP8266CreateTransfer)
    ESP8266GetInfo                           0x0800067d   Thumb Code   128  esp8266.o(.text.ESP8266GetInfo)
    [Anonymous Symbol]                       0x0800067c   Section        0  esp8266.o(.text.ESP8266GetInfo)
    ESP8266Init                              0x08000719   Thumb Code    28  esp8266.o(.text.ESP8266Init)
    [Anonymous Symbol]                       0x08000718   Section        0  esp8266.o(.text.ESP8266Init)
    ESP8266Recv                              0x0800074d   Thumb Code    10  esp8266.o(.text.ESP8266Recv)
    [Anonymous Symbol]                       0x0800074c   Section        0  esp8266.o(.text.ESP8266Recv)
    ESP8266Send                              0x08000759   Thumb Code     4  esp8266.o(.text.ESP8266Send)
    [Anonymous Symbol]                       0x08000758   Section        0  esp8266.o(.text.ESP8266Send)
    [Anonymous Symbol]                       0x0800075c   Section        0  driver_key.o(.text.EXTI15_10_IRQHandler)
    [Anonymous Symbol]                       0x08000774   Section        0  driver_usart.o(.text.EnableDebugIRQ)
    [Anonymous Symbol]                       0x0800079c   Section        0  driver_usart.o(.text.EnableUART3IRQ)
    [Anonymous Symbol]                       0x080007c4   Section        0  main.o(.text.Error_Handler)
    [Anonymous Symbol]                       0x080007d0   Section        0  uart_dev.o(.text.GetATInterfaceDevice)
    [Anonymous Symbol]                       0x080007dc   Section        0  net_system.o(.text.GetNetDevice)
    [Anonymous Symbol]                       0x080007e0   Section        0  uart_dev.o(.text.GetUART3RingBuffer)
    [Anonymous Symbol]                       0x080007ec   Section        0  stm32f1xx_hal_dma.o(.text.HAL_DMA_Abort)
    [Anonymous Symbol]                       0x08000834   Section        0  stm32f1xx_hal_dma.o(.text.HAL_DMA_Abort_IT)
    [Anonymous Symbol]                       0x08000960   Section        0  stm32f1xx_hal.o(.text.HAL_Delay)
    [Anonymous Symbol]                       0x08000988   Section        0  driver_key.o(.text.HAL_GPIO_EXTI_Callback)
    [Anonymous Symbol]                       0x080009d0   Section        0  stm32f1xx_hal_gpio.o(.text.HAL_GPIO_EXTI_IRQHandler)
    [Anonymous Symbol]                       0x080009e8   Section        0  stm32f1xx_hal_gpio.o(.text.HAL_GPIO_Init)
    [Anonymous Symbol]                       0x08000bd0   Section        0  stm32f1xx_hal_gpio.o(.text.HAL_GPIO_ReadPin)
    [Anonymous Symbol]                       0x08000bdc   Section        0  stm32f1xx_hal_gpio.o(.text.HAL_GPIO_WritePin)
    [Anonymous Symbol]                       0x08000be8   Section        0  stm32f1xx_hal.o(.text.HAL_GetTick)
    [Anonymous Symbol]                       0x08000bf4   Section        0  stm32f1xx_hal.o(.text.HAL_IncTick)
    [Anonymous Symbol]                       0x08000c10   Section        0  stm32f1xx_hal.o(.text.HAL_Init)
    [Anonymous Symbol]                       0x08000c38   Section        0  stm32f1xx_hal.o(.text.HAL_InitTick)
    [Anonymous Symbol]                       0x08000c80   Section        0  stm32f1xx_hal_msp.o(.text.HAL_MspInit)
    [Anonymous Symbol]                       0x08000cc4   Section        0  stm32f1xx_hal_cortex.o(.text.HAL_NVIC_EnableIRQ)
    [Anonymous Symbol]                       0x08000ce8   Section        0  stm32f1xx_hal_cortex.o(.text.HAL_NVIC_SetPriority)
    [Anonymous Symbol]                       0x08000d40   Section        0  stm32f1xx_hal_cortex.o(.text.HAL_NVIC_SetPriorityGrouping)
    [Anonymous Symbol]                       0x08000d60   Section        0  stm32f1xx_hal_rcc.o(.text.HAL_RCC_ClockConfig)
    [Anonymous Symbol]                       0x08000f1c   Section        0  stm32f1xx_hal_rcc.o(.text.HAL_RCC_GetPCLK1Freq)
    [Anonymous Symbol]                       0x08000f44   Section        0  stm32f1xx_hal_rcc.o(.text.HAL_RCC_GetPCLK2Freq)
    [Anonymous Symbol]                       0x08000f6c   Section        0  stm32f1xx_hal_rcc.o(.text.HAL_RCC_OscConfig)
    [Anonymous Symbol]                       0x0800136c   Section        0  stm32f1xx_hal_cortex.o(.text.HAL_SYSTICK_Config)
    [Anonymous Symbol]                       0x08001398   Section        0  stm32f1xx_hal_uart.o(.text.HAL_UARTEx_RxEventCallback)
    [Anonymous Symbol]                       0x0800139c   Section        0  stm32f1xx_hal_uart.o(.text.HAL_UART_ErrorCallback)
    [Anonymous Symbol]                       0x080013a0   Section        0  stm32f1xx_hal_uart.o(.text.HAL_UART_IRQHandler)
    [Anonymous Symbol]                       0x08001614   Section        0  stm32f1xx_hal_uart.o(.text.HAL_UART_Init)
    [Anonymous Symbol]                       0x080016f4   Section        0  usart.o(.text.HAL_UART_MspInit)
    [Anonymous Symbol]                       0x0800180c   Section        0  driver_usart.o(.text.HAL_UART_RxCpltCallback)
    [Anonymous Symbol]                       0x0800182c   Section        0  stm32f1xx_hal_uart.o(.text.HAL_UART_Transmit_IT)
    [Anonymous Symbol]                       0x08001878   Section        0  driver_usart.o(.text.HAL_UART_TxCpltCallback)
    [Anonymous Symbol]                       0x08001898   Section        0  stm32f1xx_it.o(.text.HardFault_Handler)
    [Anonymous Symbol]                       0x0800189c   Section        0  kal_time.o(.text.KAL_Delay)
    [Anonymous Symbol]                       0x080018a0   Section        0  kal_time.o(.text.KAL_GetTime)
    [Anonymous Symbol]                       0x080018a4   Section        0  kal_uart_dev.o(.text.KAL_UART3Write)
    [Anonymous Symbol]                       0x080018a8   Section        0  gpio.o(.text.MX_GPIO_Init)
    [Anonymous Symbol]                       0x080019a8   Section        0  usart.o(.text.MX_USART1_UART_Init)
    [Anonymous Symbol]                       0x080019e4   Section        0  usart.o(.text.MX_USART3_UART_Init)
    [Anonymous Symbol]                       0x08001a20   Section        0  stm32f1xx_it.o(.text.MemManage_Handler)
    [Anonymous Symbol]                       0x08001a24   Section        0  stm32f1xx_it.o(.text.NMI_Handler)
    [Anonymous Symbol]                       0x08001a28   Section        0  net_device.o(.text.NetDeviceRegister)
    [Anonymous Symbol]                       0x08001a38   Section        0  stm32f1xx_it.o(.text.PendSV_Handler)
    [Anonymous Symbol]                       0x08001a3c   Section        0  input_buffer.o(.text.PutInputEvent)
    [Anonymous Symbol]                       0x08001abc   Section        0  stm32f1xx_it.o(.text.SVC_Handler)
    [Anonymous Symbol]                       0x08001ac0   Section        0  stm32f1xx_it.o(.text.SysTick_Handler)
    [Anonymous Symbol]                       0x08001ac4   Section        0  system_stm32f1xx.o(.text.SystemInit)
    UART3Init                                0x08001ac9   Thumb Code    18  uart_dev.o(.text.UART3Init)
    [Anonymous Symbol]                       0x08001ac8   Section        0  uart_dev.o(.text.UART3Init)
    UART3InvalidRecvBuf                      0x08001add   Thumb Code    20  uart_dev.o(.text.UART3InvalidRecvBuf)
    [Anonymous Symbol]                       0x08001adc   Section        0  uart_dev.o(.text.UART3InvalidRecvBuf)
    UART3ReadByte                            0x08001af1   Thumb Code    14  uart_dev.o(.text.UART3ReadByte)
    [Anonymous Symbol]                       0x08001af0   Section        0  uart_dev.o(.text.UART3ReadByte)
    UART3Write                               0x08001b01   Thumb Code     8  uart_dev.o(.text.UART3Write)
    [Anonymous Symbol]                       0x08001b00   Section        0  uart_dev.o(.text.UART3Write)
    UART_DMAAbortOnError                     0x08001b09   Thumb Code    12  stm32f1xx_hal_uart.o(.text.UART_DMAAbortOnError)
    [Anonymous Symbol]                       0x08001b08   Section        0  stm32f1xx_hal_uart.o(.text.UART_DMAAbortOnError)
    UART_Receive_IT                          0x08001b15   Thumb Code   180  stm32f1xx_hal_uart.o(.text.UART_Receive_IT)
    [Anonymous Symbol]                       0x08001b14   Section        0  stm32f1xx_hal_uart.o(.text.UART_Receive_IT)
    [Anonymous Symbol]                       0x08001bc8   Section        0  driver_usart.o(.text.USART1_IRQHandler)
    [Anonymous Symbol]                       0x08001bf8   Section        0  driver_usart.o(.text.USART3_IRQHandler)
    [Anonymous Symbol]                       0x08001c34   Section        0  driver_usart.o(.text.USART3_SendBytes)
    [Anonymous Symbol]                       0x08001d64   Section        0  stm32f1xx_it.o(.text.UsageFault_Handler)
    [Anonymous Symbol]                       0x08001d68   Section        0  net_device.o(.text.__GetNetDevice)
    [Anonymous Symbol]                       0x08001d90   Section        0  driver_usart.o(.text.fputc)
    [Anonymous Symbol]                       0x08001dcc   Section        0  main.o(.text.main)
    [Anonymous Symbol]                       0x08001e6c   Section        0  net_test.o(.text.net_test)
    [Anonymous Symbol]                       0x08001fec   Section        0  ring_buffer.o(.text.ring_buffer_init)
    [Anonymous Symbol]                       0x08001ff8   Section        0  ring_buffer.o(.text.ring_buffer_read)
    [Anonymous Symbol]                       0x08002024   Section        0  ring_buffer.o(.text.ring_buffer_write)
    i.__0printf$3                            0x08002044   Section        0  printf3.o(i.__0printf$3)
    i.__0sprintf$3                           0x08002064   Section        0  printf3.o(i.__0sprintf$3)
    i.__scatterload_copy                     0x0800208c   Section       14  handlers.o(i.__scatterload_copy)
    i.__scatterload_null                     0x0800209a   Section        2  handlers.o(i.__scatterload_null)
    i.__scatterload_zeroinit                 0x0800209c   Section       14  handlers.o(i.__scatterload_zeroinit)
    _printf_core                             0x080020ad   Thumb Code   436  printf3.o(i._printf_core)
    i._printf_core                           0x080020ac   Section        0  printf3.o(i._printf_core)
    _sputc                                   0x08002265   Thumb Code    10  printf3.o(i._sputc)
    i._sputc                                 0x08002264   Section        0  printf3.o(i._sputc)
    i.putchar                                0x08002270   Section        0  putchar.o(i.putchar)
    i.puts                                   0x0800227c   Section        0  puts.o(i.puts)
    .L__const.HAL_RCC_GetSysClockFreq.aPredivFactorTable 0x080022a0   Data           2  stm32f1xx_hal_rcc.o(.rodata..L__const.HAL_RCC_GetSysClockFreq.aPredivFactorTable)
    .L__const.HAL_RCC_GetSysClockFreq.aPLLMULFactorTable 0x080022ba   Data          16  stm32f1xx_hal_rcc.o(.rodata.cst16)
    .L.str.2                                 0x080022ca   Data          11  net_test.o(.rodata.str1.1)
    [Anonymous Symbol]                       0x080022ca   Section        0  net_test.o(.rodata.str1.1)
    .L.str.1                                 0x080022d5   Data          12  net_test.o(.rodata.str1.1)
    [Anonymous Symbol]                       0x080022e1   Section        0  uart_dev.o(.rodata.str1.1)
    [Anonymous Symbol]                       0x080022e7   Section        0  esp8266.o(.rodata.str1.1)
    .L.str.7                                 0x080022ef   Data           5  at_command.o(.rodata.str1.1)
    [Anonymous Symbol]                       0x080022ef   Section        0  at_command.o(.rodata.str1.1)
    .L.str.8                                 0x080022f4   Data           8  at_command.o(.rodata.str1.1)
    .L.str.1                                 0x080022f9   Data           3  at_command.o(.rodata.str1.1)
    .Lstr                                    0x080022fc   Data          10  at_command.o(.rodata.str1.1)
    .data                                    0x20000000   Section        4  stdout.o(.data)
    .L_MergedGlobals                         0x20000004   Data           8  stm32f1xx_hal.o(.data..L_MergedGlobals)
    [Anonymous Symbol]                       0x20000004   Section        0  stm32f1xx_hal.o(.data..L_MergedGlobals)
    g_tESP8266NetDevice                      0x20000010   Data          64  esp8266.o(.data.g_tESP8266NetDevice)
    [Anonymous Symbol]                       0x20000010   Section        0  esp8266.o(.data.g_tESP8266NetDevice)
    g_tUART3Device                           0x20000050   Data          20  uart_dev.o(.data.g_tUART3Device)
    [Anonymous Symbol]                       0x20000050   Section        0  uart_dev.o(.data.g_tUART3Device)
    USART3_IRQHandler.uart3_ringbuffer       0x20000068   Data           4  driver_usart.o(.bss.USART3_IRQHandler.uart3_ringbuffer)
    [Anonymous Symbol]                       0x20000068   Section        0  driver_usart.o(.bss.USART3_IRQHandler.uart3_ringbuffer)
    g_UART3RingBuffer                        0x2000006c   Data         136  uart_dev.o(.bss.g_UART3RingBuffer)
    [Anonymous Symbol]                       0x2000006c   Section        0  uart_dev.o(.bss.g_UART3RingBuffer)
    g_ptATIntfDev                            0x200000f4   Data           4  at_command.o(.bss.g_ptATIntfDev)
    [Anonymous Symbol]                       0x200000f4   Section        0  at_command.o(.bss.g_ptATIntfDev)
    g_ptNetDevices                           0x200000f8   Data           4  net_device.o(.bss.g_ptNetDevices)
    [Anonymous Symbol]                       0x200000f8   Section        0  net_device.o(.bss.g_ptNetDevices)
    g_tInputBuffer                           0x200000fc   Data         448  input_buffer.o(.bss.g_tInputBuffer)
    [Anonymous Symbol]                       0x200000fc   Section        0  input_buffer.o(.bss.g_tInputBuffer)
    rxcplt_flag                              0x20000344   Data           1  driver_usart.o(.bss.rxcplt_flag)
    [Anonymous Symbol]                       0x20000344   Section        0  driver_usart.o(.bss.rxcplt_flag)
    txcplt_flag                              0x200003d0   Data           1  driver_usart.o(.bss.txcplt_flag)
    [Anonymous Symbol]                       0x200003d0   Section        0  driver_usart.o(.bss.txcplt_flag)
    STACK                                    0x200003d8   Section     1024  startup_stm32f103xe.o(STACK)

    Global Symbols

    Symbol Name                              Value     Ov Type        Size  Object(Section)

    BuildAttributes$$THM_ISAv4$P$D$K$B$S$PE$A:L22UL41UL21$X:L11$S22US41US21$IEEE1$IW$~IW$USESV6$~STKCKD$USESV7$~SHL$OTIME$ROPI$EBA8$MICROLIB$REQ8$PRES8$EABIv2 0x00000000   Number         0  anon$$obj.o ABSOLUTE
    _printf_a                                0x00000000   Number         0  printfstubs.o ABSOLUTE
    _printf_c                                0x00000000   Number         0  printfstubs.o ABSOLUTE
    _printf_charcount                        0x00000000   Number         0  printfstubs.o ABSOLUTE
    _printf_d                                0x00000000   Number         0  printfstubs.o ABSOLUTE
    _printf_e                                0x00000000   Number         0  printfstubs.o ABSOLUTE
    _printf_f                                0x00000000   Number         0  printfstubs.o ABSOLUTE
    _printf_flags                            0x00000000   Number         0  printfstubs.o ABSOLUTE
    _printf_fp_dec                           0x00000000   Number         0  printfstubs.o ABSOLUTE
    _printf_fp_hex                           0x00000000   Number         0  printfstubs.o ABSOLUTE
    _printf_g                                0x00000000   Number         0  printfstubs.o ABSOLUTE
    _printf_i                                0x00000000   Number         0  printfstubs.o ABSOLUTE
    _printf_int_dec                          0x00000000   Number         0  printfstubs.o ABSOLUTE
    _printf_l                                0x00000000   Number         0  printfstubs.o ABSOLUTE
    _printf_lc                               0x00000000   Number         0  printfstubs.o ABSOLUTE
    _printf_ll                               0x00000000   Number         0  printfstubs.o ABSOLUTE
    _printf_lld                              0x00000000   Number         0  printfstubs.o ABSOLUTE
    _printf_lli                              0x00000000   Number         0  printfstubs.o ABSOLUTE
    _printf_llo                              0x00000000   Number         0  printfstubs.o ABSOLUTE
    _printf_llu                              0x00000000   Number         0  printfstubs.o ABSOLUTE
    _printf_llx                              0x00000000   Number         0  printfstubs.o ABSOLUTE
    _printf_longlong_dec                     0x00000000   Number         0  printfstubs.o ABSOLUTE
    _printf_longlong_hex                     0x00000000   Number         0  printfstubs.o ABSOLUTE
    _printf_longlong_oct                     0x00000000   Number         0  printfstubs.o ABSOLUTE
    _printf_ls                               0x00000000   Number         0  printfstubs.o ABSOLUTE
    _printf_mbtowc                           0x00000000   Number         0  printfstubs.o ABSOLUTE
    _printf_n                                0x00000000   Number         0  printfstubs.o ABSOLUTE
    _printf_o                                0x00000000   Number         0  printfstubs.o ABSOLUTE
    _printf_p                                0x00000000   Number         0  printfstubs.o ABSOLUTE
    _printf_percent                          0x00000000   Number         0  printfstubs.o ABSOLUTE
    _printf_pre_padding                      0x00000000   Number         0  printfstubs.o ABSOLUTE
    _printf_return_value                     0x00000000   Number         0  printfstubs.o ABSOLUTE
    _printf_s                                0x00000000   Number         0  printfstubs.o ABSOLUTE
    _printf_sizespec                         0x00000000   Number         0  printfstubs.o ABSOLUTE
    _printf_str                              0x00000000   Number         0  printfstubs.o ABSOLUTE
    _printf_truncate_signed                  0x00000000   Number         0  printfstubs.o ABSOLUTE
    _printf_truncate_unsigned                0x00000000   Number         0  printfstubs.o ABSOLUTE
    _printf_u                                0x00000000   Number         0  printfstubs.o ABSOLUTE
    _printf_wc                               0x00000000   Number         0  printfstubs.o ABSOLUTE
    _printf_wctomb                           0x00000000   Number         0  printfstubs.o ABSOLUTE
    _printf_widthprec                        0x00000000   Number         0  printfstubs.o ABSOLUTE
    _printf_x                                0x00000000   Number         0  printfstubs.o ABSOLUTE
    __cpp_initialize__aeabi_                  - Undefined Weak Reference
    __cxa_finalize                            - Undefined Weak Reference
    __decompress                              - Undefined Weak Reference
    _clock_init                               - Undefined Weak Reference
    _microlib_exit                            - Undefined Weak Reference
    __Vectors_Size                           0x00000130   Number         0  startup_stm32f103xe.o ABSOLUTE
    __Vectors                                0x08000000   Data           4  startup_stm32f103xe.o(RESET)
    __Vectors_End                            0x08000130   Data           0  startup_stm32f103xe.o(RESET)
    __main                                   0x08000131   Thumb Code     0  entry.o(.ARM.Collect$$$$00000000)
    _main_stk                                0x08000131   Thumb Code     0  entry2.o(.ARM.Collect$$$$00000001)
    _main_scatterload                        0x08000135   Thumb Code     0  entry5.o(.ARM.Collect$$$$00000004)
    __main_after_scatterload                 0x08000139   Thumb Code     0  entry5.o(.ARM.Collect$$$$00000004)
    _main_clock                              0x08000139   Thumb Code     0  entry7b.o(.ARM.Collect$$$$00000008)
    _main_cpp_init                           0x08000139   Thumb Code     0  entry8b.o(.ARM.Collect$$$$0000000A)
    _main_init                               0x08000139   Thumb Code     0  entry9a.o(.ARM.Collect$$$$0000000B)
    __rt_final_cpp                           0x08000141   Thumb Code     0  entry10a.o(.ARM.Collect$$$$0000000D)
    __rt_final_exit                          0x08000141   Thumb Code     0  entry11a.o(.ARM.Collect$$$$0000000F)
    Reset_Handler                            0x08000145   Thumb Code     8  startup_stm32f103xe.o(.text)
    ADC1_2_IRQHandler                        0x0800015f   Thumb Code     0  startup_stm32f103xe.o(.text)
    ADC3_IRQHandler                          0x0800015f   Thumb Code     0  startup_stm32f103xe.o(.text)
    CAN1_RX1_IRQHandler                      0x0800015f   Thumb Code     0  startup_stm32f103xe.o(.text)
    CAN1_SCE_IRQHandler                      0x0800015f   Thumb Code     0  startup_stm32f103xe.o(.text)
    DMA1_Channel1_IRQHandler                 0x0800015f   Thumb Code     0  startup_stm32f103xe.o(.text)
    DMA1_Channel2_IRQHandler                 0x0800015f   Thumb Code     0  startup_stm32f103xe.o(.text)
    DMA1_Channel3_IRQHandler                 0x0800015f   Thumb Code     0  startup_stm32f103xe.o(.text)
    DMA1_Channel4_IRQHandler                 0x0800015f   Thumb Code     0  startup_stm32f103xe.o(.text)
    DMA1_Channel5_IRQHandler                 0x0800015f   Thumb Code     0  startup_stm32f103xe.o(.text)
    DMA1_Channel6_IRQHandler                 0x0800015f   Thumb Code     0  startup_stm32f103xe.o(.text)
    DMA1_Channel7_IRQHandler                 0x0800015f   Thumb Code     0  startup_stm32f103xe.o(.text)
    DMA2_Channel1_IRQHandler                 0x0800015f   Thumb Code     0  startup_stm32f103xe.o(.text)
    DMA2_Channel2_IRQHandler                 0x0800015f   Thumb Code     0  startup_stm32f103xe.o(.text)
    DMA2_Channel3_IRQHandler                 0x0800015f   Thumb Code     0  startup_stm32f103xe.o(.text)
    DMA2_Channel4_5_IRQHandler               0x0800015f   Thumb Code     0  startup_stm32f103xe.o(.text)
    EXTI0_IRQHandler                         0x0800015f   Thumb Code     0  startup_stm32f103xe.o(.text)
    EXTI1_IRQHandler                         0x0800015f   Thumb Code     0  startup_stm32f103xe.o(.text)
    EXTI2_IRQHandler                         0x0800015f   Thumb Code     0  startup_stm32f103xe.o(.text)
    EXTI3_IRQHandler                         0x0800015f   Thumb Code     0  startup_stm32f103xe.o(.text)
    EXTI4_IRQHandler                         0x0800015f   Thumb Code     0  startup_stm32f103xe.o(.text)
    EXTI9_5_IRQHandler                       0x0800015f   Thumb Code     0  startup_stm32f103xe.o(.text)
    FLASH_IRQHandler                         0x0800015f   Thumb Code     0  startup_stm32f103xe.o(.text)
    FSMC_IRQHandler                          0x0800015f   Thumb Code     0  startup_stm32f103xe.o(.text)
    I2C1_ER_IRQHandler                       0x0800015f   Thumb Code     0  startup_stm32f103xe.o(.text)
    I2C1_EV_IRQHandler                       0x0800015f   Thumb Code     0  startup_stm32f103xe.o(.text)
    I2C2_ER_IRQHandler                       0x0800015f   Thumb Code     0  startup_stm32f103xe.o(.text)
    I2C2_EV_IRQHandler                       0x0800015f   Thumb Code     0  startup_stm32f103xe.o(.text)
    PVD_IRQHandler                           0x0800015f   Thumb Code     0  startup_stm32f103xe.o(.text)
    RCC_IRQHandler                           0x0800015f   Thumb Code     0  startup_stm32f103xe.o(.text)
    RTC_Alarm_IRQHandler                     0x0800015f   Thumb Code     0  startup_stm32f103xe.o(.text)
    RTC_IRQHandler                           0x0800015f   Thumb Code     0  startup_stm32f103xe.o(.text)
    SDIO_IRQHandler                          0x0800015f   Thumb Code     0  startup_stm32f103xe.o(.text)
    SPI1_IRQHandler                          0x0800015f   Thumb Code     0  startup_stm32f103xe.o(.text)
    SPI2_IRQHandler                          0x0800015f   Thumb Code     0  startup_stm32f103xe.o(.text)
    SPI3_IRQHandler                          0x0800015f   Thumb Code     0  startup_stm32f103xe.o(.text)
    TAMPER_IRQHandler                        0x0800015f   Thumb Code     0  startup_stm32f103xe.o(.text)
    TIM1_BRK_IRQHandler                      0x0800015f   Thumb Code     0  startup_stm32f103xe.o(.text)
    TIM1_CC_IRQHandler                       0x0800015f   Thumb Code     0  startup_stm32f103xe.o(.text)
    TIM1_TRG_COM_IRQHandler                  0x0800015f   Thumb Code     0  startup_stm32f103xe.o(.text)
    TIM1_UP_IRQHandler                       0x0800015f   Thumb Code     0  startup_stm32f103xe.o(.text)
    TIM2_IRQHandler                          0x0800015f   Thumb Code     0  startup_stm32f103xe.o(.text)
    TIM3_IRQHandler                          0x0800015f   Thumb Code     0  startup_stm32f103xe.o(.text)
    TIM4_IRQHandler                          0x0800015f   Thumb Code     0  startup_stm32f103xe.o(.text)
    TIM5_IRQHandler                          0x0800015f   Thumb Code     0  startup_stm32f103xe.o(.text)
    TIM6_IRQHandler                          0x0800015f   Thumb Code     0  startup_stm32f103xe.o(.text)
    TIM7_IRQHandler                          0x0800015f   Thumb Code     0  startup_stm32f103xe.o(.text)
    TIM8_BRK_IRQHandler                      0x0800015f   Thumb Code     0  startup_stm32f103xe.o(.text)
    TIM8_CC_IRQHandler                       0x0800015f   Thumb Code     0  startup_stm32f103xe.o(.text)
    TIM8_TRG_COM_IRQHandler                  0x0800015f   Thumb Code     0  startup_stm32f103xe.o(.text)
    TIM8_UP_IRQHandler                       0x0800015f   Thumb Code     0  startup_stm32f103xe.o(.text)
    UART4_IRQHandler                         0x0800015f   Thumb Code     0  startup_stm32f103xe.o(.text)
    UART5_IRQHandler                         0x0800015f   Thumb Code     0  startup_stm32f103xe.o(.text)
    USART2_IRQHandler                        0x0800015f   Thumb Code     0  startup_stm32f103xe.o(.text)
    USBWakeUp_IRQHandler                     0x0800015f   Thumb Code     0  startup_stm32f103xe.o(.text)
    USB_HP_CAN1_TX_IRQHandler                0x0800015f   Thumb Code     0  startup_stm32f103xe.o(.text)
    USB_LP_CAN1_RX0_IRQHandler               0x0800015f   Thumb Code     0  startup_stm32f103xe.o(.text)
    WWDG_IRQHandler                          0x0800015f   Thumb Code     0  startup_stm32f103xe.o(.text)
    strstr                                   0x08000169   Thumb Code    36  strstr.o(.text)
    strlen                                   0x0800018d   Thumb Code    14  strlen.o(.text)
    strcmp                                   0x0800019b   Thumb Code    28  strcmp.o(.text)
    strcpy                                   0x080001b7   Thumb Code    18  strcpy.o(.text)
    __aeabi_uidiv                            0x080001c9   Thumb Code     0  uidiv.o(.text)
    __aeabi_uidivmod                         0x080001c9   Thumb Code    44  uidiv.o(.text)
    __scatterload                            0x080001f5   Thumb Code    38  init.o(.text)
    __scatterload_rt2                        0x080001f5   Thumb Code     0  init.o(.text)
    ATCommandSend                            0x08000225   Thumb Code   264  at_command.o(.text.ATCommandSend)
    ATCommandSendAndRecv                     0x08000355   Thumb Code   216  at_command.o(.text.ATCommandSendAndRecv)
    ATDataRecv                               0x0800042d   Thumb Code   372  at_command.o(.text.ATDataRecv)
    ATInterfaceInit                          0x080005a9   Thumb Code    24  at_command.o(.text.ATInterfaceInit)
    AddNetDeviceESP8266                      0x080005c1   Thumb Code    12  esp8266.o(.text.AddNetDeviceESP8266)
    AddNetDevices                            0x080005cd   Thumb Code     4  net_system.o(.text.AddNetDevices)
    BusFault_Handler                         0x080005d1   Thumb Code     2  stm32f1xx_it.o(.text.BusFault_Handler)
    CAL_Delay                                0x080005d5   Thumb Code     4  cal_time.o(.text.CAL_Delay)
    CAL_GetTime                              0x080005d9   Thumb Code     4  cal_time.o(.text.CAL_GetTime)
    CAL_UART3Write                           0x080005dd   Thumb Code    10  cal_uart_dev.o(.text.CAL_UART3Write)
    DebugMon_Handler                         0x080005e9   Thumb Code     2  stm32f1xx_it.o(.text.DebugMon_Handler)
    EXTI15_10_IRQHandler                     0x0800075d   Thumb Code    22  driver_key.o(.text.EXTI15_10_IRQHandler)
    EnableDebugIRQ                           0x08000775   Thumb Code    38  driver_usart.o(.text.EnableDebugIRQ)
    EnableUART3IRQ                           0x0800079d   Thumb Code    38  driver_usart.o(.text.EnableUART3IRQ)
    Error_Handler                            0x080007c5   Thumb Code    10  main.o(.text.Error_Handler)
    GetATInterfaceDevice                     0x080007d1   Thumb Code    10  uart_dev.o(.text.GetATInterfaceDevice)
    GetNetDevice                             0x080007dd   Thumb Code     4  net_system.o(.text.GetNetDevice)
    GetUART3RingBuffer                       0x080007e1   Thumb Code    10  uart_dev.o(.text.GetUART3RingBuffer)
    HAL_DMA_Abort                            0x080007ed   Thumb Code    70  stm32f1xx_hal_dma.o(.text.HAL_DMA_Abort)
    HAL_DMA_Abort_IT                         0x08000835   Thumb Code   298  stm32f1xx_hal_dma.o(.text.HAL_DMA_Abort_IT)
    HAL_Delay                                0x08000961   Thumb Code    40  stm32f1xx_hal.o(.text.HAL_Delay)
    HAL_GPIO_EXTI_Callback                   0x08000989   Thumb Code    72  driver_key.o(.text.HAL_GPIO_EXTI_Callback)
    HAL_GPIO_EXTI_IRQHandler                 0x080009d1   Thumb Code    22  stm32f1xx_hal_gpio.o(.text.HAL_GPIO_EXTI_IRQHandler)
    HAL_GPIO_Init                            0x080009e9   Thumb Code   486  stm32f1xx_hal_gpio.o(.text.HAL_GPIO_Init)
    HAL_GPIO_ReadPin                         0x08000bd1   Thumb Code    10  stm32f1xx_hal_gpio.o(.text.HAL_GPIO_ReadPin)
    HAL_GPIO_WritePin                        0x08000bdd   Thumb Code    10  stm32f1xx_hal_gpio.o(.text.HAL_GPIO_WritePin)
    HAL_GetTick                              0x08000be9   Thumb Code    12  stm32f1xx_hal.o(.text.HAL_GetTick)
    HAL_IncTick                              0x08000bf5   Thumb Code    26  stm32f1xx_hal.o(.text.HAL_IncTick)
    HAL_Init                                 0x08000c11   Thumb Code    38  stm32f1xx_hal.o(.text.HAL_Init)
    HAL_InitTick                             0x08000c39   Thumb Code    72  stm32f1xx_hal.o(.text.HAL_InitTick)
    HAL_MspInit                              0x08000c81   Thumb Code    66  stm32f1xx_hal_msp.o(.text.HAL_MspInit)
    HAL_NVIC_EnableIRQ                       0x08000cc5   Thumb Code    34  stm32f1xx_hal_cortex.o(.text.HAL_NVIC_EnableIRQ)
    HAL_NVIC_SetPriority                     0x08000ce9   Thumb Code    86  stm32f1xx_hal_cortex.o(.text.HAL_NVIC_SetPriority)
    HAL_NVIC_SetPriorityGrouping             0x08000d41   Thumb Code    32  stm32f1xx_hal_cortex.o(.text.HAL_NVIC_SetPriorityGrouping)
    HAL_RCC_ClockConfig                      0x08000d61   Thumb Code   442  stm32f1xx_hal_rcc.o(.text.HAL_RCC_ClockConfig)
    HAL_RCC_GetPCLK1Freq                     0x08000f1d   Thumb Code    38  stm32f1xx_hal_rcc.o(.text.HAL_RCC_GetPCLK1Freq)
    HAL_RCC_GetPCLK2Freq                     0x08000f45   Thumb Code    38  stm32f1xx_hal_rcc.o(.text.HAL_RCC_GetPCLK2Freq)
    HAL_RCC_OscConfig                        0x08000f6d   Thumb Code  1024  stm32f1xx_hal_rcc.o(.text.HAL_RCC_OscConfig)
    HAL_SYSTICK_Config                       0x0800136d   Thumb Code    44  stm32f1xx_hal_cortex.o(.text.HAL_SYSTICK_Config)
    HAL_UARTEx_RxEventCallback               0x08001399   Thumb Code     2  stm32f1xx_hal_uart.o(.text.HAL_UARTEx_RxEventCallback)
    HAL_UART_ErrorCallback                   0x0800139d   Thumb Code     2  stm32f1xx_hal_uart.o(.text.HAL_UART_ErrorCallback)
    HAL_UART_IRQHandler                      0x080013a1   Thumb Code   628  stm32f1xx_hal_uart.o(.text.HAL_UART_IRQHandler)
    HAL_UART_Init                            0x08001615   Thumb Code   224  stm32f1xx_hal_uart.o(.text.HAL_UART_Init)
    HAL_UART_MspInit                         0x080016f5   Thumb Code   280  usart.o(.text.HAL_UART_MspInit)
    HAL_UART_RxCpltCallback                  0x0800180d   Thumb Code    30  driver_usart.o(.text.HAL_UART_RxCpltCallback)
    HAL_UART_Transmit_IT                     0x0800182d   Thumb Code    74  stm32f1xx_hal_uart.o(.text.HAL_UART_Transmit_IT)
    HAL_UART_TxCpltCallback                  0x08001879   Thumb Code    30  driver_usart.o(.text.HAL_UART_TxCpltCallback)
    HardFault_Handler                        0x08001899   Thumb Code     2  stm32f1xx_it.o(.text.HardFault_Handler)
    KAL_Delay                                0x0800189d   Thumb Code     4  kal_time.o(.text.KAL_Delay)
    KAL_GetTime                              0x080018a1   Thumb Code     4  kal_time.o(.text.KAL_GetTime)
    KAL_UART3Write                           0x080018a5   Thumb Code     4  kal_uart_dev.o(.text.KAL_UART3Write)
    MX_GPIO_Init                             0x080018a9   Thumb Code   254  gpio.o(.text.MX_GPIO_Init)
    MX_USART1_UART_Init                      0x080019a9   Thumb Code    60  usart.o(.text.MX_USART1_UART_Init)
    MX_USART3_UART_Init                      0x080019e5   Thumb Code    60  usart.o(.text.MX_USART3_UART_Init)
    MemManage_Handler                        0x08001a21   Thumb Code     2  stm32f1xx_it.o(.text.MemManage_Handler)
    NMI_Handler                              0x08001a25   Thumb Code     2  stm32f1xx_it.o(.text.NMI_Handler)
    NetDeviceRegister                        0x08001a29   Thumb Code    16  net_device.o(.text.NetDeviceRegister)
    PendSV_Handler                           0x08001a39   Thumb Code     2  stm32f1xx_it.o(.text.PendSV_Handler)
    PutInputEvent                            0x08001a3d   Thumb Code   128  input_buffer.o(.text.PutInputEvent)
    SVC_Handler                              0x08001abd   Thumb Code     2  stm32f1xx_it.o(.text.SVC_Handler)
    SysTick_Handler                          0x08001ac1   Thumb Code     4  stm32f1xx_it.o(.text.SysTick_Handler)
    SystemInit                               0x08001ac5   Thumb Code     2  system_stm32f1xx.o(.text.SystemInit)
    USART1_IRQHandler                        0x08001bc9   Thumb Code    48  driver_usart.o(.text.USART1_IRQHandler)
    USART3_IRQHandler                        0x08001bf9   Thumb Code    60  driver_usart.o(.text.USART3_IRQHandler)
    USART3_SendBytes                         0x08001c35   Thumb Code   304  driver_usart.o(.text.USART3_SendBytes)
    UsageFault_Handler                       0x08001d65   Thumb Code     2  stm32f1xx_it.o(.text.UsageFault_Handler)
    __GetNetDevice                           0x08001d69   Thumb Code    38  net_device.o(.text.__GetNetDevice)
    fputc                                    0x08001d91   Thumb Code    60  driver_usart.o(.text.fputc)
    main                                     0x08001dcd   Thumb Code   144  main.o(.text.main)
    net_test                                 0x08001e6d   Thumb Code   224  net_test.o(.text.net_test)
    ring_buffer_init                         0x08001fed   Thumb Code    12  ring_buffer.o(.text.ring_buffer_init)
    ring_buffer_read                         0x08001ff9   Thumb Code    44  ring_buffer.o(.text.ring_buffer_read)
    ring_buffer_write                        0x08002025   Thumb Code    32  ring_buffer.o(.text.ring_buffer_write)
    __0printf$3                              0x08002045   Thumb Code    22  printf3.o(i.__0printf$3)
    __1printf$3                              0x08002045   Thumb Code     0  printf3.o(i.__0printf$3)
    __2printf                                0x08002045   Thumb Code     0  printf3.o(i.__0printf$3)
    __0sprintf$3                             0x08002065   Thumb Code    34  printf3.o(i.__0sprintf$3)
    __1sprintf$3                             0x08002065   Thumb Code     0  printf3.o(i.__0sprintf$3)
    __2sprintf                               0x08002065   Thumb Code     0  printf3.o(i.__0sprintf$3)
    __scatterload_copy                       0x0800208d   Thumb Code    14  handlers.o(i.__scatterload_copy)
    __scatterload_null                       0x0800209b   Thumb Code     2  handlers.o(i.__scatterload_null)
    __scatterload_zeroinit                   0x0800209d   Thumb Code    14  handlers.o(i.__scatterload_zeroinit)
    putchar                                  0x08002271   Thumb Code     6  putchar.o(i.putchar)
    puts                                     0x0800227d   Thumb Code    30  puts.o(i.puts)
    AHBPrescTable                            0x080022a2   Data          16  system_stm32f1xx.o(.rodata.AHBPrescTable)
    APBPrescTable                            0x080022b2   Data           8  system_stm32f1xx.o(.rodata.APBPrescTable)
    Region$$Table$$Base                      0x08002308   Number         0  anon$$obj.o(Region$$Table)
    Region$$Table$$Limit                     0x08002328   Number         0  anon$$obj.o(Region$$Table)
    __stdout                                 0x20000000   Data           4  stdout.o(.data)
    uwTickFreq                               0x20000004   Data           1  stm32f1xx_hal.o(.data..L_MergedGlobals)
    uwTickPrio                               0x20000008   Data           4  stm32f1xx_hal.o(.data..L_MergedGlobals)
    SystemCoreClock                          0x2000000c   Data           4  system_stm32f1xx.o(.data.SystemCoreClock)
    huart1                                   0x200002bc   Data          68  usart.o(.bss.huart1)
    huart3                                   0x20000300   Data          68  usart.o(.bss.huart3)
    test_buffer                              0x20000348   Data         136  main.o(.bss.test_buffer)
    uwTick                                   0x200003d4   Data           4  stm32f1xx_hal.o(.bss.uwTick)
    __initial_sp                             0x200007d8   Data           0  startup_stm32f103xe.o(STACK)



==============================================================================

Memory Map of the image

  Image Entry point : 0x08000131

  Load Region LR_IROM1 (Base: 0x08000000, Size: 0x00002390, Max: 0x00080000, ABSOLUTE)

    Execution Region ER_IROM1 (Exec base: 0x08000000, Load base: 0x08000000, Size: 0x00002328, Max: 0x00080000, ABSOLUTE)

    Exec Addr    Load Addr    Size         Type   Attr      Idx    E Section Name        Object

    0x08000000   0x08000000   0x00000130   Data   RO            3    RESET               startup_stm32f103xe.o
    0x08000130   0x08000130   0x00000000   Code   RO         1137  * .ARM.Collect$$$$00000000  mc_w.l(entry.o)
    0x08000130   0x08000130   0x00000004   Code   RO         1417    .ARM.Collect$$$$00000001  mc_w.l(entry2.o)
    0x08000134   0x08000134   0x00000004   Code   RO         1420    .ARM.Collect$$$$00000004  mc_w.l(entry5.o)
    0x08000138   0x08000138   0x00000000   Code   RO         1422    .ARM.Collect$$$$00000008  mc_w.l(entry7b.o)
    0x08000138   0x08000138   0x00000000   Code   RO         1424    .ARM.Collect$$$$0000000A  mc_w.l(entry8b.o)
    0x08000138   0x08000138   0x00000008   Code   RO         1425    .ARM.Collect$$$$0000000B  mc_w.l(entry9a.o)
    0x08000140   0x08000140   0x00000000   Code   RO         1427    .ARM.Collect$$$$0000000D  mc_w.l(entry10a.o)
    0x08000140   0x08000140   0x00000000   Code   RO         1429    .ARM.Collect$$$$0000000F  mc_w.l(entry11a.o)
    0x08000140   0x08000140   0x00000004   Code   RO         1418    .ARM.Collect$$$$00002712  mc_w.l(entry2.o)
    0x08000144   0x08000144   0x00000024   Code   RO            4    .text               startup_stm32f103xe.o
    0x08000168   0x08000168   0x00000024   Code   RO         1148    .text               mc_w.l(strstr.o)
    0x0800018c   0x0800018c   0x0000000e   Code   RO         1150    .text               mc_w.l(strlen.o)
    0x0800019a   0x0800019a   0x0000001c   Code   RO         1152    .text               mc_w.l(strcmp.o)
    0x080001b6   0x080001b6   0x00000012   Code   RO         1154    .text               mc_w.l(strcpy.o)
    0x080001c8   0x080001c8   0x0000002c   Code   RO         1441    .text               mc_w.l(uidiv.o)
    0x080001f4   0x080001f4   0x00000030   Code   RO         1456    .text               mc_w.l(init.o)
    0x08000224   0x08000224   0x00000130   Code   RO         1122    .text.ATCommandSend  at_command.o
    0x08000354   0x08000354   0x000000d8   Code   RO         1124    .text.ATCommandSendAndRecv  at_command.o
    0x0800042c   0x0800042c   0x0000017c   Code   RO         1126    .text.ATDataRecv    at_command.o
    0x080005a8   0x080005a8   0x00000018   Code   RO         1120    .text.ATInterfaceInit  at_command.o
    0x080005c0   0x080005c0   0x0000000c   Code   RO         1070    .text.AddNetDeviceESP8266  esp8266.o
    0x080005cc   0x080005cc   0x00000004   Code   RO         1109    .text.AddNetDevices  net_system.o
    0x080005d0   0x080005d0   0x00000002   Code   RO           60    .text.BusFault_Handler  stm32f1xx_it.o
    0x080005d2   0x080005d2   0x00000002   PAD
    0x080005d4   0x080005d4   0x00000004   Code   RO          791    .text.CAL_Delay     cal_time.o
    0x080005d8   0x080005d8   0x00000004   Code   RO          789    .text.CAL_GetTime   cal_time.o
    0x080005dc   0x080005dc   0x0000000a   Code   RO          824    .text.CAL_UART3Write  cal_uart_dev.o
    0x080005e6   0x080005e6   0x00000002   PAD
    0x080005e8   0x080005e8   0x00000002   Code   RO           66    .text.DebugMon_Handler  stm32f1xx_it.o
    0x080005ea   0x080005ea   0x00000002   PAD
    0x080005ec   0x080005ec   0x00000014   Code   RO         1080    .text.ESP8266CloseTransfer  esp8266.o
    0x08000600   0x08000600   0x00000034   Code   RO         1074    .text.ESP8266Connect  esp8266.o
    0x08000634   0x08000634   0x00000048   Code   RO         1078    .text.ESP8266CreateTransfer  esp8266.o
    0x0800067c   0x0800067c   0x0000009c   Code   RO         1076    .text.ESP8266GetInfo  esp8266.o
    0x08000718   0x08000718   0x00000034   Code   RO         1072    .text.ESP8266Init   esp8266.o
    0x0800074c   0x0800074c   0x0000000a   Code   RO         1084    .text.ESP8266Recv   esp8266.o
    0x08000756   0x08000756   0x00000002   PAD
    0x08000758   0x08000758   0x00000004   Code   RO         1082    .text.ESP8266Send   esp8266.o
    0x0800075c   0x0800075c   0x00000016   Code   RO          617    .text.EXTI15_10_IRQHandler  driver_key.o
    0x08000772   0x08000772   0x00000002   PAD
    0x08000774   0x08000774   0x00000026   Code   RO          570    .text.EnableDebugIRQ  driver_usart.o
    0x0800079a   0x0800079a   0x00000002   PAD
    0x0800079c   0x0800079c   0x00000026   Code   RO          572    .text.EnableUART3IRQ  driver_usart.o
    0x080007c2   0x080007c2   0x00000002   PAD
    0x080007c4   0x080007c4   0x0000000a   Code   RO           15    .text.Error_Handler  main.o
    0x080007ce   0x080007ce   0x00000002   PAD
    0x080007d0   0x080007d0   0x0000000a   Code   RO          938    .text.GetATInterfaceDevice  uart_dev.o
    0x080007da   0x080007da   0x00000002   PAD
    0x080007dc   0x080007dc   0x00000004   Code   RO         1111    .text.GetNetDevice  net_system.o
    0x080007e0   0x080007e0   0x0000000a   Code   RO          936    .text.GetUART3RingBuffer  uart_dev.o
    0x080007ea   0x080007ea   0x00000002   PAD
    0x080007ec   0x080007ec   0x00000046   Code   RO          366    .text.HAL_DMA_Abort  stm32f1xx_hal_dma.o
    0x08000832   0x08000832   0x00000002   PAD
    0x08000834   0x08000834   0x0000012a   Code   RO          368    .text.HAL_DMA_Abort_IT  stm32f1xx_hal_dma.o
    0x0800095e   0x0800095e   0x00000002   PAD
    0x08000960   0x08000960   0x00000028   Code   RO          242    .text.HAL_Delay     stm32f1xx_hal.o
    0x08000988   0x08000988   0x00000048   Code   RO          619    .text.HAL_GPIO_EXTI_Callback  driver_key.o
    0x080009d0   0x080009d0   0x00000016   Code   RO          346    .text.HAL_GPIO_EXTI_IRQHandler  stm32f1xx_hal_gpio.o
    0x080009e6   0x080009e6   0x00000002   PAD
    0x080009e8   0x080009e8   0x000001e6   Code   RO          334    .text.HAL_GPIO_Init  stm32f1xx_hal_gpio.o
    0x08000bce   0x08000bce   0x00000002   PAD
    0x08000bd0   0x08000bd0   0x0000000a   Code   RO          338    .text.HAL_GPIO_ReadPin  stm32f1xx_hal_gpio.o
    0x08000bda   0x08000bda   0x00000002   PAD
    0x08000bdc   0x08000bdc   0x0000000a   Code   RO          340    .text.HAL_GPIO_WritePin  stm32f1xx_hal_gpio.o
    0x08000be6   0x08000be6   0x00000002   PAD
    0x08000be8   0x08000be8   0x0000000c   Code   RO          234    .text.HAL_GetTick   stm32f1xx_hal.o
    0x08000bf4   0x08000bf4   0x0000001a   Code   RO          232    .text.HAL_IncTick   stm32f1xx_hal.o
    0x08000c0e   0x08000c0e   0x00000002   PAD
    0x08000c10   0x08000c10   0x00000026   Code   RO          222    .text.HAL_Init      stm32f1xx_hal.o
    0x08000c36   0x08000c36   0x00000002   PAD
    0x08000c38   0x08000c38   0x00000048   Code   RO          224    .text.HAL_InitTick  stm32f1xx_hal.o
    0x08000c80   0x08000c80   0x00000042   Code   RO           79    .text.HAL_MspInit   stm32f1xx_hal_msp.o
    0x08000cc2   0x08000cc2   0x00000002   PAD
    0x08000cc4   0x08000cc4   0x00000022   Code   RO          394    .text.HAL_NVIC_EnableIRQ  stm32f1xx_hal_cortex.o
    0x08000ce6   0x08000ce6   0x00000002   PAD
    0x08000ce8   0x08000ce8   0x00000056   Code   RO          392    .text.HAL_NVIC_SetPriority  stm32f1xx_hal_cortex.o
    0x08000d3e   0x08000d3e   0x00000002   PAD
    0x08000d40   0x08000d40   0x00000020   Code   RO          390    .text.HAL_NVIC_SetPriorityGrouping  stm32f1xx_hal_cortex.o
    0x08000d60   0x08000d60   0x000001ba   Code   RO          286    .text.HAL_RCC_ClockConfig  stm32f1xx_hal_rcc.o
    0x08000f1a   0x08000f1a   0x00000002   PAD
    0x08000f1c   0x08000f1c   0x00000026   Code   RO          298    .text.HAL_RCC_GetPCLK1Freq  stm32f1xx_hal_rcc.o
    0x08000f42   0x08000f42   0x00000002   PAD
    0x08000f44   0x08000f44   0x00000026   Code   RO          300    .text.HAL_RCC_GetPCLK2Freq  stm32f1xx_hal_rcc.o
    0x08000f6a   0x08000f6a   0x00000002   PAD
    0x08000f6c   0x08000f6c   0x00000400   Code   RO          284    .text.HAL_RCC_OscConfig  stm32f1xx_hal_rcc.o
    0x0800136c   0x0800136c   0x0000002c   Code   RO          402    .text.HAL_SYSTICK_Config  stm32f1xx_hal_cortex.o
    0x08001398   0x08001398   0x00000002   Code   RO          186    .text.HAL_UARTEx_RxEventCallback  stm32f1xx_hal_uart.o
    0x0800139a   0x0800139a   0x00000002   PAD
    0x0800139c   0x0800139c   0x00000002   Code   RO          184    .text.HAL_UART_ErrorCallback  stm32f1xx_hal_uart.o
    0x0800139e   0x0800139e   0x00000002   PAD
    0x080013a0   0x080013a0   0x00000274   Code   RO          178    .text.HAL_UART_IRQHandler  stm32f1xx_hal_uart.o
    0x08001614   0x08001614   0x000000e0   Code   RO          104    .text.HAL_UART_Init  stm32f1xx_hal_uart.o
    0x080016f4   0x080016f4   0x00000118   Code   RO           40    .text.HAL_UART_MspInit  usart.o
    0x0800180c   0x0800180c   0x0000001e   Code   RO          586    .text.HAL_UART_RxCpltCallback  driver_usart.o
    0x0800182a   0x0800182a   0x00000002   PAD
    0x0800182c   0x0800182c   0x0000004a   Code   RO          122    .text.HAL_UART_Transmit_IT  stm32f1xx_hal_uart.o
    0x08001876   0x08001876   0x00000002   PAD
    0x08001878   0x08001878   0x0000001e   Code   RO          588    .text.HAL_UART_TxCpltCallback  driver_usart.o
    0x08001896   0x08001896   0x00000002   PAD
    0x08001898   0x08001898   0x00000002   Code   RO           56    .text.HardFault_Handler  stm32f1xx_it.o
    0x0800189a   0x0800189a   0x00000002   PAD
    0x0800189c   0x0800189c   0x00000004   Code   RO          742    .text.KAL_Delay     kal_time.o
    0x080018a0   0x080018a0   0x00000004   Code   RO          740    .text.KAL_GetTime   kal_time.o
    0x080018a4   0x080018a4   0x00000004   Code   RO          773    .text.KAL_UART3Write  kal_uart_dev.o
    0x080018a8   0x080018a8   0x000000fe   Code   RO           27    .text.MX_GPIO_Init  gpio.o
    0x080019a6   0x080019a6   0x00000002   PAD
    0x080019a8   0x080019a8   0x0000003c   Code   RO           36    .text.MX_USART1_UART_Init  usart.o
    0x080019e4   0x080019e4   0x0000003c   Code   RO           38    .text.MX_USART3_UART_Init  usart.o
    0x08001a20   0x08001a20   0x00000002   Code   RO           58    .text.MemManage_Handler  stm32f1xx_it.o
    0x08001a22   0x08001a22   0x00000002   PAD
    0x08001a24   0x08001a24   0x00000002   Code   RO           54    .text.NMI_Handler   stm32f1xx_it.o
    0x08001a26   0x08001a26   0x00000002   PAD
    0x08001a28   0x08001a28   0x00000010   Code   RO         1096    .text.NetDeviceRegister  net_device.o
    0x08001a38   0x08001a38   0x00000002   Code   RO           68    .text.PendSV_Handler  stm32f1xx_it.o
    0x08001a3a   0x08001a3a   0x00000002   PAD
    0x08001a3c   0x08001a3c   0x00000080   Code   RO          846    .text.PutInputEvent  input_buffer.o
    0x08001abc   0x08001abc   0x00000002   Code   RO           64    .text.SVC_Handler   stm32f1xx_it.o
    0x08001abe   0x08001abe   0x00000002   PAD
    0x08001ac0   0x08001ac0   0x00000004   Code   RO           70    .text.SysTick_Handler  stm32f1xx_it.o
    0x08001ac4   0x08001ac4   0x00000002   Code   RO          555    .text.SystemInit    system_stm32f1xx.o
    0x08001ac6   0x08001ac6   0x00000002   PAD
    0x08001ac8   0x08001ac8   0x00000012   Code   RO          940    .text.UART3Init     uart_dev.o
    0x08001ada   0x08001ada   0x00000002   PAD
    0x08001adc   0x08001adc   0x00000014   Code   RO          942    .text.UART3InvalidRecvBuf  uart_dev.o
    0x08001af0   0x08001af0   0x0000000e   Code   RO          946    .text.UART3ReadByte  uart_dev.o
    0x08001afe   0x08001afe   0x00000002   PAD
    0x08001b00   0x08001b00   0x00000008   Code   RO          944    .text.UART3Write    uart_dev.o
    0x08001b08   0x08001b08   0x0000000c   Code   RO          182    .text.UART_DMAAbortOnError  stm32f1xx_hal_uart.o
    0x08001b14   0x08001b14   0x000000b4   Code   RO          180    .text.UART_Receive_IT  stm32f1xx_hal_uart.o
    0x08001bc8   0x08001bc8   0x00000030   Code   RO          580    .text.USART1_IRQHandler  driver_usart.o
    0x08001bf8   0x08001bf8   0x0000003c   Code   RO          582    .text.USART3_IRQHandler  driver_usart.o
    0x08001c34   0x08001c34   0x00000130   Code   RO          584    .text.USART3_SendBytes  driver_usart.o
    0x08001d64   0x08001d64   0x00000002   Code   RO           62    .text.UsageFault_Handler  stm32f1xx_it.o
    0x08001d66   0x08001d66   0x00000002   PAD
    0x08001d68   0x08001d68   0x00000026   Code   RO         1098    .text.__GetNetDevice  net_device.o
    0x08001d8e   0x08001d8e   0x00000002   PAD
    0x08001d90   0x08001d90   0x0000003c   Code   RO          576    .text.fputc         driver_usart.o
    0x08001dcc   0x08001dcc   0x000000a0   Code   RO           11    .text.main          main.o
    0x08001e6c   0x08001e6c   0x00000180   Code   RO          911    .text.net_test      net_test.o
    0x08001fec   0x08001fec   0x0000000c   Code   RO          601    .text.ring_buffer_init  ring_buffer.o
    0x08001ff8   0x08001ff8   0x0000002c   Code   RO          605    .text.ring_buffer_read  ring_buffer.o
    0x08002024   0x08002024   0x00000020   Code   RO          603    .text.ring_buffer_write  ring_buffer.o
    0x08002044   0x08002044   0x00000020   Code   RO         1245    i.__0printf$3       mc_w.l(printf3.o)
    0x08002064   0x08002064   0x00000028   Code   RO         1247    i.__0sprintf$3      mc_w.l(printf3.o)
    0x0800208c   0x0800208c   0x0000000e   Code   RO         1468    i.__scatterload_copy  mc_w.l(handlers.o)
    0x0800209a   0x0800209a   0x00000002   Code   RO         1469    i.__scatterload_null  mc_w.l(handlers.o)
    0x0800209c   0x0800209c   0x0000000e   Code   RO         1470    i.__scatterload_zeroinit  mc_w.l(handlers.o)
    0x080020aa   0x080020aa   0x00000002   PAD
    0x080020ac   0x080020ac   0x000001b8   Code   RO         1252    i._printf_core      mc_w.l(printf3.o)
    0x08002264   0x08002264   0x0000000a   Code   RO         1254    i._sputc            mc_w.l(printf3.o)
    0x0800226e   0x0800226e   0x00000002   PAD
    0x08002270   0x08002270   0x0000000c   Code   RO         1142    i.putchar           mc_w.l(putchar.o)
    0x0800227c   0x0800227c   0x00000024   Code   RO         1140    i.puts              mc_w.l(puts.o)
    0x080022a0   0x080022a0   0x00000002   Data   RO          311    .rodata..L__const.HAL_RCC_GetSysClockFreq.aPredivFactorTable  stm32f1xx_hal_rcc.o
    0x080022a2   0x080022a2   0x00000010   Data   RO          560    .rodata.AHBPrescTable  system_stm32f1xx.o
    0x080022b2   0x080022b2   0x00000008   Data   RO          561    .rodata.APBPrescTable  system_stm32f1xx.o
    0x080022ba   0x080022ba   0x00000010   Data   RO          310    .rodata.cst16       stm32f1xx_hal_rcc.o
    0x080022ca   0x080022ca   0x00000017   Data   RO          913    .rodata.str1.1      net_test.o
    0x080022e1   0x080022e1   0x00000006   Data   RO          950    .rodata.str1.1      uart_dev.o
    0x080022e7   0x080022e7   0x00000008   Data   RO         1087    .rodata.str1.1      esp8266.o
    0x080022ef   0x080022ef   0x00000017   Data   RO         1129    .rodata.str1.1      at_command.o
    0x08002306   0x08002306   0x00000002   PAD
    0x08002308   0x08002308   0x00000020   Data   RO         1467    Region$$Table       anon$$obj.o


    Execution Region RW_IRAM1 (Exec base: 0x20000000, Load base: 0x08002328, Size: 0x000007d8, Max: 0x00010000, ABSOLUTE)

    Exec Addr    Load Addr    Size         Type   Attr      Idx    E Section Name        Object

    0x20000000   0x08002328   0x00000004   Data   RW         1431    .data               mc_w.l(stdout.o)
    0x20000004   0x0800232c   0x00000008   Data   RW          273    .data..L_MergedGlobals  stm32f1xx_hal.o
    0x2000000c   0x08002334   0x00000004   Data   RW          559    .data.SystemCoreClock  system_stm32f1xx.o
    0x20000010   0x08002338   0x00000040   Data   RW         1086    .data.g_tESP8266NetDevice  esp8266.o
    0x20000050   0x08002378   0x00000014   Data   RW          949    .data.g_tUART3Device  uart_dev.o
    0x20000064   0x0800238c   0x00000004   PAD
    0x20000068        -       0x00000004   Zero   RW          591    .bss.USART3_IRQHandler.uart3_ringbuffer  driver_usart.o
    0x2000006c        -       0x00000088   Zero   RW          948    .bss.g_UART3RingBuffer  uart_dev.o
    0x200000f4        -       0x00000004   Zero   RW         1128    .bss.g_ptATIntfDev  at_command.o
    0x200000f8        -       0x00000004   Zero   RW         1100    .bss.g_ptNetDevices  net_device.o
    0x200000fc        -       0x000001c0   Zero   RW          850    .bss.g_tInputBuffer  input_buffer.o
    0x200002bc        -       0x00000044   Zero   RW           44    .bss.huart1         usart.o
    0x20000300        -       0x00000044   Zero   RW           45    .bss.huart3         usart.o
    0x20000344        -       0x00000001   Zero   RW          592    .bss.rxcplt_flag    driver_usart.o
    0x20000345   0x0800238c   0x00000003   PAD
    0x20000348        -       0x00000088   Zero   RW           17    .bss.test_buffer    main.o
    0x200003d0        -       0x00000001   Zero   RW          590    .bss.txcplt_flag    driver_usart.o
    0x200003d1   0x0800238c   0x00000003   PAD
    0x200003d4        -       0x00000004   Zero   RW          272    .bss.uwTick         stm32f1xx_hal.o
    0x200003d8        -       0x00000400   Zero   RW            1    STACK               startup_stm32f103xe.o


==============================================================================

Image component sizes


      Code (inc. data)   RO Data    RW Data    ZI Data      Debug   Object Name

       924         48         23          0          4       4114   at_command.o
         8          0          0          0          0        847   cal_time.o
        10          0          0          0          0        586   cal_uart_dev.o
        94          0          0          0          0       4232   driver_key.o
       608          0          0          0          6       7085   driver_usart.o
       378        128          8         64          0       3414   esp8266.o
       254          0          0          0          0       1650   gpio.o
       128          0          0          0        448       1649   input_buffer.o
         8          0          0          0          0        737   kal_time.o
         4          0          0          0          0        626   kal_uart_dev.o
       170         16          0          0        136       3038   main.o
        54          0          0          0          4       1484   net_device.o
         8          0          0          0          0       1346   net_system.o
       384        160         23          0          0       1675   net_test.o
        88          0          0          0          0       1170   ring_buffer.o
        36          8        304          0       1024        796   startup_stm32f103xe.o
       188          0          0          8          4       6091   stm32f1xx_hal.o
       196          0          0          0          0       8745   stm32f1xx_hal_cortex.o
       368          0          0          0          0       8376   stm32f1xx_hal_dma.o
       528         22          0          0          0       4626   stm32f1xx_hal_gpio.o
        66          0          0          0          0       1211   stm32f1xx_hal_msp.o
      1542          0         18          0          0       7940   stm32f1xx_hal_rcc.o
      1122          0          0          0          0      24002   stm32f1xx_hal_uart.o
        20          0          0          0          0       1151   stm32f1xx_it.o
         2          0         24          4          0       1599   system_stm32f1xx.o
        80          0          6         20        136       2048   uart_dev.o
       400          0          0          0        136       6385   usart.o

    ----------------------------------------------------------------------
      7748        382        440         96       1908     106623   Object Totals
         0          0         32          0          0          0   (incl. Generated)
        80          0          2          0         10          0   (incl. Padding)

    ----------------------------------------------------------------------

      Code (inc. data)   RO Data    RW Data    ZI Data      Debug   Library Member Name

         0          0          0          0          0          0   entry.o
         0          0          0          0          0          0   entry10a.o
         0          0          0          0          0          0   entry11a.o
         8          4          0          0          0          0   entry2.o
         4          0          0          0          0          0   entry5.o
         0          0          0          0          0          0   entry7b.o
         0          0          0          0          0          0   entry8b.o
         8          4          0          0          0          0   entry9a.o
        30          0          0          0          0          0   handlers.o
        48         10          0          0          0         68   init.o
       522         20          0          0          0        336   printf3.o
        12          6          0          0          0         68   putchar.o
        36          6          0          0          0         80   puts.o
         0          0          0          4          0          0   stdout.o
        28          0          0          0          0         76   strcmp.o
        18          0          0          0          0         68   strcpy.o
        14          0          0          0          0         68   strlen.o
        36          0          0          0          0         80   strstr.o
        44          0          0          0          0         80   uidiv.o

    ----------------------------------------------------------------------
       812         50          0          4          0        924   Library Totals
         4          0          0          0          0          0   (incl. Padding)

    ----------------------------------------------------------------------

      Code (inc. data)   RO Data    RW Data    ZI Data      Debug   Library Name

       808         50          0          4          0        924   mc_w.l

    ----------------------------------------------------------------------
       812         50          0          4          0        924   Library Totals

    ----------------------------------------------------------------------

==============================================================================


      Code (inc. data)   RO Data    RW Data    ZI Data      Debug   

      8560        432        440        100       1908     106783   Grand Totals
      8560        432        440        100       1908     106783   ELF Image Totals
      8560        432        440        100          0          0   ROM Totals

==============================================================================

    Total RO  Size (Code + RO Data)                 9000 (   8.79kB)
    Total RW  Size (RW Data + ZI Data)              2008 (   1.96kB)
    Total ROM Size (Code + RO Data + RW Data)       9100 (   8.89kB)

==============================================================================

